###############################################################################
#
# IAR ELF Linker V8.32.1.169/W32 for ARM                  09/Mar/2021  12:44:11
# Copyright 2007-2018 IAR Systems AB.
#
#    Output file  =  JNC-BT-Mesh.out
#    Map file     =  
#        D:/Work/Silicon-BLE/JNC-BT-Mesh/JNC-BT-Mesh/IAR ARM -
#        Default/JNC-BT-Mesh.map
#    Command line =  
#        ./user/util/infrastructure.o ./user/bus_drv/bus_i2c.o
#        ./user/bus_drv/bus_rs485.o ./user/bus_drv/bus_spi.o
#        ./user/bus_drv/bus_usart.o ./user/bus_drv/device_bus.o ./user/AD7147.o
#        ./user/MeshFeatures.o ./user/Mesh_Client.o ./user/Mesh_Server.o
#        ./user/ble_comm.o ./user/ble_event.o ./user/cmd_rsp_evt.o
#        ./user/cmd_to_bt_mesh.o ./user/com_port.o ./user/global.o
#        ./user/ivi_features.o ./user/jnc_cmd.o ./user/mesh_event.o
#        ./user/mod_bus.o ./user/modbus_to_mesh.o ./user/node_data.o
#        ./user/sensor_dev.o ./user/water_level_mesh.o
#        ./protocol/bluetooth/bt_mesh/src/bg_application_properties.o
#        ./protocol/bluetooth/bt_mesh/src/mesh_lib.o
#        ./protocol/bluetooth/bt_mesh/src/mesh_sensor.o
#        ./protocol/bluetooth/bt_mesh/src/mesh_serdeser.o
#        ./protocol/bluetooth/ble_stack/src/soc/coexistence-ble.o
#        ./protocol/bluetooth/ble_stack/src/soc/coexistence_counters-ble.o
#        ./platform/service/sleeptimer/src/sl_sleeptimer.o
#        ./platform/service/sleeptimer/src/sl_sleeptimer_hal_prortc.o
#        ./platform/service/sleeptimer/src/sl_sleeptimer_hal_rtcc.o
#        ./platform/radio/rail_lib/plugin/coexistence/hal/efr32/coexistence-hal.o
#        ./platform/radio/rail_lib/plugin/coexistence/common/coexistence.o
#        ./platform/middleware/glib/glib/bmp.o
#        ./platform/middleware/glib/glib/glib.o
#        ./platform/middleware/glib/glib/glib_bitmap.o
#        ./platform/middleware/glib/glib/glib_circle.o
#        ./platform/middleware/glib/glib/glib_font_narrow_6x8.o
#        ./platform/middleware/glib/glib/glib_font_normal_8x8.o
#        ./platform/middleware/glib/glib/glib_font_number_16x20.o
#        ./platform/middleware/glib/glib/glib_line.o
#        ./platform/middleware/glib/glib/glib_polygon.o
#        ./platform/middleware/glib/glib/glib_rectangle.o
#        ./platform/middleware/glib/glib/glib_string.o
#        ./platform/middleware/glib/dmd/display/dmd_display.o
#        ./platform/emlib/src/em_adc.o ./platform/emlib/src/em_assert.o
#        ./platform/emlib/src/em_burtc.o ./platform/emlib/src/em_cmu.o
#        ./platform/emlib/src/em_core.o ./platform/emlib/src/em_cryotimer.o
#        ./platform/emlib/src/em_crypto.o ./platform/emlib/src/em_emu.o
#        ./platform/emlib/src/em_eusart.o ./platform/emlib/src/em_gpio.o
#        ./platform/emlib/src/em_i2c.o ./platform/emlib/src/em_ldma.o
#        ./platform/emlib/src/em_msc.o ./platform/emlib/src/em_rmu.o
#        ./platform/emlib/src/em_rtcc.o ./platform/emlib/src/em_se.o
#        ./platform/emlib/src/em_system.o ./platform/emlib/src/em_timer.o
#        ./platform/emlib/src/em_usart.o ./platform/emdrv/spidrv/src/spidrv.o
#        ./platform/emdrv/sleep/src/sleep.o
#        ./platform/emdrv/nvm3/src/nvm3_default.o
#        ./platform/emdrv/nvm3/src/nvm3_hal_flash.o
#        ./platform/emdrv/nvm3/src/nvm3_lock.o
#        ./platform/emdrv/gpiointerrupt/src/gpiointerrupt.o
#        ./platform/emdrv/dmadrv/src/dmadrv.o
#        ./platform/Device/SiliconLabs/BGM13/Source/IAR/startup_bgm13.o
#        ./platform/Device/SiliconLabs/BGM13/Source/system_bgm13.o
#        ./hardware/kit/common/drivers/display.o
#        ./hardware/kit/common/drivers/displayls013b7dh03.o
#        ./hardware/kit/common/drivers/displaypalemlib.o
#        ./hardware/kit/common/drivers/eeprom.o
#        ./hardware/kit/common/drivers/i2cspm.o
#        ./hardware/kit/common/drivers/mx25flash_spi.o
#        ./hardware/kit/common/drivers/retargetio.o
#        ./hardware/kit/common/drivers/retargetserial.o
#        ./hardware/kit/common/drivers/si7013.o
#        ./hardware/kit/common/drivers/tempsens.o
#        ./hardware/kit/common/drivers/udelay.o
#        ./hardware/kit/common/bsp/bsp_stk.o ./Mesh_Node.o ./app.o ./buttons.o
#        ./dcd.o ./display_interface.o ./gatt_db.o ./graphics.o ./init_app.o
#        ./init_board.o ./init_mcu.o ./lcd_driver.o ./leds.o ./main.o
#        ./people_count_sensor.o ./pti.o ./sensor.o ./sensor_client.o
#        ./sensor_server.o ./temperature_sensor.o -o JNC-BT-Mesh.out --config
#        D:\Work\Silicon-BLE\JNC-BT-Mesh\JNC-BT-Mesh\bgm13p32f512ga.icf
#        --config_def __STACK_SIZE=0xB00 --config_def __HEAP_SIZE=0x1700
#        --no_wrap_diagnostics
#        D:\Work\Silicon-BLE\JNC-BT-Mesh\JNC-BT-Mesh\protocol\bluetooth\lib\EFR32XG13X\IAR\binapploader.o
#        D:\Work\Silicon-BLE\JNC-BT-Mesh\JNC-BT-Mesh\protocol\bluetooth\lib\EFR32XG13X\IAR\libbluetooth_mesh.a
#        D:\Work\Silicon-BLE\JNC-BT-Mesh\JNC-BT-Mesh\platform\radio\rail_lib\autogen\librail_release\librail_config_bgm13p32f512ga_iar.a
#        D:\Work\Silicon-BLE\JNC-BT-Mesh\JNC-BT-Mesh\platform\emdrv\nvm3\lib\libnvm3_CM4_iar.a
#        D:\Work\Silicon-BLE\JNC-BT-Mesh\JNC-BT-Mesh\platform\radio\rail_lib\autogen\librail_release\librail_module_efr32xg13_iar_release.a
#        --entry __iar_program_start --map
#        "D:/Work/Silicon-BLE/JNC-BT-Mesh/JNC-BT-Mesh/IAR ARM -
#        Default/JNC-BT-Mesh.map" --no_range_reservations --silent --keep
#        __iar_program_start
#
###############################################################################

*******************************************************************************
*** RUNTIME MODEL ATTRIBUTES
***

CppFlavor                   = *
__Heap_Handler              = DLMalloc
__SystemLibrary             = DLib
__dlib_jmp_buf_num_elements = 16
__dlib_version              = 6


*******************************************************************************
*** HEAP SELECTION
***

The advanced heap was selected because the application calls memory
allocation functions outside of system library functions, and there
are calls to deallocation functions in the application.


*******************************************************************************
*** PLACEMENT SUMMARY
***

define block apploader with alignment = 2K { ro section .binapploader };
".text_apploader":
       place at start of [from 0x0 to 0x7'ffff] { block apploader };
define block nvm3 { section SIMEE };
".text_nvm3":
       place at end of [from 0x0 to 0x7'ffff] { block nvm3 };
define block application
   with fixed order, alignment = 2K { ro section .intvec, ro };
".text_application":
       place in [from 0x0 to 0x7'ffff] { block application };
define block CSTACK with size = 2816, alignment = 8 { };
"A2":  place at start of [from 0x2000'0000 to 0x2000'ffff] { block CSTACK };
define block HEAP with size = 5888, alignment = 8 { };
"A3":  place at end of [from 0x2000'0000 to 0x2000'ffff] { rw, block HEAP };
initialize by copy { rw };
keep { section .intvec };
keep { section .binapploader };

No sections matched the following patterns:

  ro section .binbootloader  in block bootloader


  Section              Kind         Address     Size  Object
  -------              ----         -------     ----  ------
".text_apploader":                            0xb7c0
  apploader                             0x0   0xb7c0  <Block>
    .binapploader      const            0x0   0xb7c0  binapploader.o [22]
                                   - 0xb7c0   0xb7c0

".text_application":                         0x48ced
  application                        0xb800  0x48ced  <Block>
    .intvec            const         0xb800     0xfc  startup_bgm13.o [5]
    .text              ro code       0xb900    0xeee  s48ab778e06f47b41f59b041f81b1a253c514db6d795479b7da589fc9e640c38c.obj [24]
    .rodata            const         0xc7ee      0x2  ble_event.o [19]
    .text              ro code       0xc7f0    0x364  bg_message.c.obj [24]
    .text              ro code       0xcb54    0x3a8  s35d7e72a68f5cf65e4ea5ba432d38394684b3629ed819cb9909f9c67d999235a.obj [24]
    .text              ro code       0xcefc    0x1c6  gecko_endpoints.c.obj [24]
    .rodata            const         0xd0c2     0x16  gatt_db.o [1]
    .text              ro code       0xd0d8   0x2768  sf2d29f24ab86b4875e7afed43a91f31968f32949f37a36d22cb53e1647f07fc3.obj [24]
    .text              ro code       0xf840    0x73c  bgbuf.c.obj [24]
    .text              ro code       0xff7c    0x742  s62edc709fcdaf7fa6dea81c390e5ae93259c16c664d6dad19c2d488212468557.obj [24]
    .rodata            const       0x1'06be     0x12  gatt_db.o [1]
    .text              ro code     0x1'06d0    0x5c4  s009508802b536798a4c42b615e454a29b2507eee6e1bb967f109a50440d7d339.obj [24]
    .text              ro code     0x1'0c94    0x82c  s9a5fdfb1abee194f5670ca46419542ee917cfd35e2d631e4d7d594bc17913c6f.obj [24]
    .text              ro code     0x1'14c0    0x46c  s9d7c447681c144eb27bf1d2e8500272be6bc6e444e26d34f610b7a4569de9876.obj [24]
    .text              ro code     0x1'192c    0x524  s1022f979f433039e9565b3cc678d48fd41c840ba4a691ae3645a9e31f0ec8814.obj [24]
    .text              ro code     0x1'1e50     0x3a  bg_malloc_stdlib.c.obj [24]
    .rodata            const       0x1'1e8a      0xe  gatt_db.o [1]
    .text              ro code     0x1'1e98      0x6  ABImemclr.o [29]
    .rodata            const       0x1'1e9e      0x2  init_mcu.o [1]
    .text              ro code     0x1'1ea0   0x2190  s3f75993ab3d4eaa1abc733669af531d40ecbeff31076cf53d60ffa6e7301728d.obj [24]
    .text              ro code     0x1'4030      0x6  ABImemclr4.o [29]
    .text              ro code     0x1'4036      0x2  startup_bgm13.o [5]
    .text              ro code     0x1'4038     0xa6  ABImemcpy.o [29]
    .text              ro code     0x1'40de      0x2  startup_bgm13.o [5]
    .text              ro code     0x1'40e0     0x36  strlen.o [29]
    .text              ro code     0x1'4116      0x2  startup_bgm13.o [5]
    .text              ro code     0x1'4118    0x1d4  bg_pool.c.obj [24]
    .text              ro code     0x1'42ec    0x21c  sf237f660626a567b511f90f8e25becbdee2610233d83470ff622814f9fec2d18.obj [24]
    .text              ro code     0x1'4508    0x570  saeaf847d2c7242a7deca9028c014800228e10c547a41301ce40532ab722125c7.obj [24]
    .text              ro code     0x1'4a78    0x7e4  s37abe3eee5ab65591540e085b900f185417125183126029ea528be5e3c49ff5d.obj [24]
    .rodata            const       0x1'525c      0xc  bus_i2c.o [20]
    .text              ro code     0x1'5268    0xeb4  s85d59ca61fb1a8c9f815cfc56e8cdcc44650e082a37ce26e59cbefbba42c4053.obj [24]
    .text              ro code     0x1'611c    0x308  s32da6a4ac9a2578b695363229c7f73c84e30f0b37c2bc1c9fde86656cb0d8e6f.obj [24]
    .text              ro code     0x1'6424     0x10  s6b0664151961ae404be103a0fd8d45b256c7bab64fd6f43d09835e554b5693ff.obj [24]
    .text              ro code     0x1'6434     0x16  vla_alloc.o [23]
    .text              ro code     0x1'644a      0x2  startup_bgm13.o [5]
    .text              ro code     0x1'644c    0x3b8  bglib.c.obj [24]
    .text              ro code     0x1'6804    0x3b4  sa60035a3480c07e21b0ff3539771a8bb280a0483bd06cd740ee7b8fe3e0806d1.obj [24]
    .text              ro code     0x1'6bb8    0x8dc  s3c0eddbbd1f32f64ad7e8d66ec25abfe3537fed8d4eb1130104d3b9b06a3bea4.obj [24]
    .text              ro code     0x1'7494     0x68  memcmp.o [29]
    .text              ro code     0x1'74fc     0x28  sa6785f80e2386332d2d8964e488a792e8d8837add3e208b8ddd350f034ed5440.obj [24]
    .text              ro code     0x1'7524    0xcb8  s15f209f8f21cc5544f7cdaeaf84fa86072bb8aa61388988e8858949169f08a68.obj [24]
    .text              ro code     0x1'81dc   0x2570  s93cb1ff40f0e9ef2d08095b9928c941f0094888340ad885eddf56855fdd0e7d2.obj [24]
    .text              ro code     0x1'a74c     0xb8  s56c612a3475a5da65185392dadb18c3e6a4db0da791717c271e5a3f5ffbc00a8.obj [24]
    .text              ro code     0x1'a804    0x230  I64DivMod.o [29]
    .text              ro code     0x1'aa34      0x8  em_core.o [11]
    .text              ro code     0x1'aa3c      0x8  em_core.o [11]
    .text              ro code     0x1'aa44     0x96  ABImemmove.o [29]
    .text              ro code     0x1'aada      0x2  startup_bgm13.o [5]
    .text              ro code     0x1'aadc   0x1016  s7cf8c496167db9f3248ccb63965f1f199c1b4db7846e1f188eae7aaa53d19e2d.obj [24]
    .text              ro code     0x1'baf2      0x2  startup_bgm13.o [5]
    .text              ro code     0x1'baf4    0x310  saed482395fb600db4e415e267be3319a08bc7ee9120c51a8280510f16aa44305.obj [24]
    .text              ro code     0x1'be04     0x6c  se25ed27f964f71f3c70886db1cc6ea2e261d4133df6ff24e93ec108f71b8cc8b.obj [24]
    .text              ro code     0x1'be70    0xb48  gatt_db_minimal.c.obj [24]
    .text              ro code     0x1'c9b8    0x216  gatt.c.obj [24]
    .text              ro code     0x1'cbce      0x2  startup_bgm13.o [5]
    .text              ro code     0x1'cbd0     0xa0  uuid.c.obj [24]
    .text              ro code     0x1'cc70     0xb0  ubt_gatt.c.obj [24]
    .text              ro code     0x1'cd20     0x70  gap_deprecated.c.obj [24]
    .text              ro code     0x1'cd90    0x9ae  gap_adv.c.obj [24]
    .text              ro code     0x1'd73e      0x2  startup_bgm13.o [5]
    .text              ro code     0x1'd740    0x734  sf793021f2d1e930e7c01066ab3c109465cc9c8aeadbeb6185478361084ecb1aa.obj [24]
    .text              ro code     0x1'de74   0x1a66  nvm3.o [25]
    .text              ro code     0x1'f8da      0x2  startup_bgm13.o [5]
    .text              ro code     0x1'f8dc     0xca  pskeys.c.obj [24]
    .text              ro code     0x1'f9a6      0x2  startup_bgm13.o [5]
    .text              ro code     0x1'f9a8    0x732  gap.c.obj [24]
    .text              ro code     0x2'00da      0x2  startup_bgm13.o [5]
    .text              ro code     0x2'00dc    0x4a8  s0b5403b9ce40092848b17908f3334f3629513e26da1e0adee779842a1f8decdd.obj [24]
    .text              ro code     0x2'0584    0x508  sl_sleeptimer.o [16]
    .text              ro code     0x2'0a8c     0x5a  timer.c.obj [24]
    .text              ro code     0x2'0ae6      0x2  startup_bgm13.o [5]
    .text              ro code     0x2'0ae8     0xdc  bg_random_aes.c.obj [24]
    .text              ro code     0x2'0bc4    0xd8c  s53808a87fedec991fd3069b9c31cb2cb1a902ebc6334998b81a58fc248c0e6d3.obj [24]
    .text              ro code     0x2'1950     0xfc  sfbef0d01db9c91d17ce32eaf780875ce6a9f9f5a3be83c5ad282c2922aca2e5c.obj [24]
    .text              ro code     0x2'1a4c    0x642  sc44e17e0adcbfd4aa6c93e75fe666df31d82d189b8fe2021d1cfec23543e9963.obj [24]
    .text              ro code     0x2'208e      0x2  startup_bgm13.o [5]
    .text              ro code     0x2'2090    0x288  sd107897bfe6975e5e44024e1ff159626cb2c62f6150af660a392bb2e2c7f5174.obj [24]
    .text              ro code     0x2'2318    0x204  s361dd121d3dec97891c27e95e4823ded73fe4fb4f0195e4910c8fcb9a8eee6f0.obj [24]
    .text              ro code     0x2'251c   0x1520  dlmalloc.o [23]
    .text              ro code     0x2'3a3c      0x4  heaptramp0.o [23]
    .text              ro code     0x2'3a40     0x66  ABImemset.o [29]
    .text              ro code     0x2'3aa6      0x2  startup_bgm13.o [5]
    .text              ro code     0x2'3aa8    0x60c  s189d2dd8971deff9e86af9ac479ce997a7feddd92bed61439d192f249d6a4302.obj [24]
    .text              ro code     0x2'40b4    0xdb0  s241709ad84d1764c399be220a8ee26e3b571f720af7ab0eaebb1c1cad0ff3b47.obj [24]
    .text              ro code     0x2'4e64    0x40e  sdd470867ccc8f5d3046c307134ce368f5eafa8166722139b18dadd67855982e1.obj [24]
    .text              ro code     0x2'5272      0x2  startup_bgm13.o [5]
    .text              ro code     0x2'5274     0x3a  ABImemset48.o [29]
    .text              ro code     0x2'52ae      0x2  startup_bgm13.o [5]
    .text              ro code     0x2'52b0    0x204  s1f5c3ab7ab6835c9d468310e973353c2b43fed67a845ca729fc4992c28f7ea07.obj [24]
    .text              ro code     0x2'54b4    0x490  s55e2085110268f8268c21fdbfb00ea087ee9fc62a3ede01de14f922b397b85d0.obj [24]
    .text              ro code     0x2'5944      0x6  abort.o [23]
    .text              ro code     0x2'594a      0x2  startup_bgm13.o [5]
    .text              ro code     0x2'594c     0x8c  efr32xg1x.c.obj [24]
    .text              ro code     0x2'59d8     0xbc  vectors_efr32xg1x.c.obj [24]
    .text              ro code     0x2'5a94    0x444  bgapi.c.obj [24]
    .text              ro code     0x2'5ed8    0x1fe  ubt.c.obj [24]
    .text              ro code     0x2'60d6      0x2  startup_bgm13.o [5]
    .text              ro code     0x2'60d8    0x2c6  bondingdb.c.obj [24]
    .text              ro code     0x2'639e      0x2  startup_bgm13.o [5]
    .text              ro code     0x2'63a0    0x1e8  ll_init.c.obj [24]
    .text              ro code     0x2'6588      0x2  ll_adv_sync-stubs.c.obj [24]
    .text              ro code     0x2'658a      0x2  gap_periodic_adv-stubs.c.obj [24]
    .text              ro code     0x2'658c      0x2  ll_scan_sync-stubs.c.obj [24]
    .text              ro code     0x2'658e      0x2  gap_periodic_scan-stubs.c.obj [24]
    .text              ro code     0x2'6590    0x118  bg_event.c.obj [24]
    .text              ro code     0x2'66a8     0xfc  init.c.obj [24]
    .text              ro code     0x2'67a4     0x78  ll_task.c.obj [24]
    .text              ro code     0x2'681c     0xc8  sleep_efr32xg1x.c.obj [24]
    .text              ro code     0x2'68e4    0x240  sleep.o [9]
    .text              ro code     0x2'6b24    0x9d8  s6be45bde39ea5a054c9da6116004554025bb95bbc450ae5c63dbeb95a9457dfa.obj [24]
    .text              ro code     0x2'74fc    0x148  sd92501e654c63cbe0c23d7a0471953e92f47126f8ac9b15d9b749b6e7e6105c0.obj [24]
    .text              ro code     0x2'7644      0x2  I64DivZer.o [29]
    .text              ro code     0x2'7646      0x2  startup_bgm13.o [5]
    .text              ro code     0x2'7648    0x190  cipher.c.obj [24]
    .text              ro code     0x2'77d8    0x288  cmac.c.obj [24]
    .text              ro code     0x2'7a60     0x36  bg_util_aes.c.obj [24]
    .text              ro code     0x2'7a96      0x2  startup_bgm13.o [5]
    .text              ro code     0x2'7a98    0x140  gatt_caching.c.obj [24]
    .text              ro code     0x2'7bd8     0x9c  sm.c.obj [24]
    .text              ro code     0x2'7c74   0x11b4  gatt_server.c.obj [24]
    .text              ro code     0x2'8e28    0x2b8  acl.c.obj [24]
    .text              ro code     0x2'90e0    0x250  bgapi_gatt.c.obj [24]
    .text              ro code     0x2'9330    0x2d0  att.c.obj [24]
    .text              ro code     0x2'9600    0xaf0  hci.c.obj [24]
    .text              ro code     0x2'a0f0      0x4  gap_periodic_adv-stubs.c.obj [24]
    .text              ro code     0x2'a0f4    0x256  nvm3_page.o [25]
    .text              ro code     0x2'a34a      0x2  startup_bgm13.o [5]
    .text              ro code     0x2'a34c    0x1ba  nvm3_object.o [25]
    .text              ro code     0x2'a506      0x2  startup_bgm13.o [5]
    .text              ro code     0x2'a508    0x242  nvm3_cache.o [25]
    .text              ro code     0x2'a74a     0x3e  nvm3_utils.o [25]
    .text              ro code     0x2'a788     0x10  nvm3_lock.o [8]
    .text              ro code     0x2'a798     0x10  nvm3_lock.o [8]
    .text              ro code     0x2'a7a8    0x310  gap_scan.c.obj [24]
    .text              ro code     0x2'aab8     0xc8  gap_resolver.c.obj [24]
    .text              ro code     0x2'ab80    0x268  ubt_message.c.obj [24]
    .text              ro code     0x2'ade8      0x2  gap_periodic_adv-stubs.c.obj [24]
    .text              ro code     0x2'adea      0x2  startup_bgm13.o [5]
    .text              ro code     0x2'adec    0xa2c  ll_radio.c.obj [24]
    .text              ro code     0x2'b818    0x2e8  sl_sleeptimer_hal_rtcc.o [16]
    .text              ro code     0x2'bb00     0x1e  U64Shr.o [29]
    .text              ro code     0x2'bb1e      0x2  startup_bgm13.o [5]
    .text              ro code     0x2'bb20   0x124c  em_cmu.o [11]
    .text              ro code     0x2'cd6c    0x3da  crypto_aes.c.obj [24]
    .text              ro code     0x2'd146      0x2  startup_bgm13.o [5]
    .text              ro code     0x2'd148    0x3a4  sefaff5e9473e0c5e8e7b9dc83bf881204235c559a855b151274eeb58cbfe5768.obj [24]
    .text              ro code     0x2'd4ec     0x2c  xgetmemchunk.o [23]
    .text              ro code     0x2'd518    0x362  ccm.c.obj [24]
    .text              ro code     0x2'd87a      0x2  startup_bgm13.o [5]
    .text              ro code     0x2'd87c    0x8e0  ecp.c.obj [24]
    .text              ro code     0x2'e15c    0x18c  ecp_curves.c.obj [24]
    .text              ro code     0x2'e2e8    0xed0  bignum.c.obj [24]
    .text              ro code     0x2'f1b8     0x6c  ecdh.c.obj [24]
    .text              ro code     0x2'f224      0xc  XXexit.o [29]
    .text              ro code     0x2'f230     0xcc  em_core.o [11]
    .text              ro code     0x2'f2fc     0x60  btl_interface.c.obj [24]
    .text              ro code     0x2'f35c     0x3c  adv_report_msg.c.obj [24]
    .text              ro code     0x2'f398    0x27e  l2cap.c.obj [24]
    .text              ro code     0x2'f616      0x2  l2cap_coc-stubs.c.obj [24]
    .text              ro code     0x2'f618      0x6  gap_whitelist-stubs.c.obj [24]
    .text              ro code     0x2'f61e      0x6  gap_whitelist-stubs.c.obj [24]
    .text              ro code     0x2'f624    0xdf4  ll_hci.c.obj [24]
    .text              ro code     0x3'0418    0xcfc  ll_scan.c.obj [24]
    .text              ro code     0x3'1114   0x1852  ll_conn.c.obj [24]
    .text              ro code     0x3'2966      0x2  startup_bgm13.o [5]
    .text              ro code     0x3'2968    0xd96  ll_adv.c.obj [24]
    .text              ro code     0x3'36fe      0x2  ll_channelmap.c.obj [24]
    .text              ro code     0x3'3700    0x74c  ll_adv_ext.c.obj [24]
    .text              ro code     0x3'3e4c      0x2  ll_scan_sync-stubs.c.obj [24]
    .text              ro code     0x3'3e4e      0x2  ll_aox-stubs.c.obj [24]
    .text              ro code     0x3'3e50      0x2  ll_addr-stubs.c.obj [24]
    .text              ro code     0x3'3e52      0x2  startup_bgm13.o [5]
    .text              ro code     0x3'3e54    0x14c  ll_radio_pa.c.obj [24]
    .text              ro code     0x3'3fa0    0x178  ll_channelmap.c.obj [24]
    .text              ro code     0x3'4118      0x2  ll_addr-stubs.c.obj [24]
    .text              ro code     0x3'411a      0x2  startup_bgm13.o [5]
    .text              ro code     0x3'411c    0x26a  ll_conn_enc.c.obj [24]
    .text              ro code     0x3'4386      0x2  startup_bgm13.o [5]
    .text              ro code     0x3'4388    0x6f4  ll_llcp_common.c.obj [24]
    .text              ro code     0x3'4a7c    0x49a  ll_llcp_enc.c.obj [24]
    .text              ro code     0x3'4f16      0x2  startup_bgm13.o [5]
    .text              ro code     0x3'4f18    0x20e  ll_llcp_len.c.obj [24]
    .text              ro code     0x3'5126      0x2  startup_bgm13.o [5]
    .text              ro code     0x3'5128    0x738  ll_scan_ext.c.obj [24]
    .text              ro code     0x3'5860     0xde  ll_to_hci.c.obj [24]
    .text              ro code     0x3'593e      0x2  startup_bgm13.o [5]
    .text              ro code     0x3'5940    0x10a  irq.c.obj [24]
    .text              ro code     0x3'5a4a      0x2  startup_bgm13.o [5]
    .text              ro code     0x3'5a4c    0x218  rail_singleprotocol.o [27]
    .text              ro code     0x3'5c64     0x74  em_rmu.o [11]
    .text              ro code     0x3'5cd8      0x8  em_core.o [11]
    Veneer             ro code     0x3'5ce0      0x8  - Linker created -
    .text              ro code     0x3'5ce8    0xd56  em_emu.o [11]
    .text              ro code     0x3'6a3e      0x8  em_core.o [11]
    .text              ro code     0x3'6a46     0x3c  sl_malloc.c.obj [24]
    .text              ro code     0x3'6a82      0x2  startup_bgm13.o [5]
    .text              ro code     0x3'6a84    0x194  smp.c.obj [24]
    .text              ro code     0x3'6c18      0x2  l2cap_coc-stubs.c.obj [24]
    .text              ro code     0x3'6c1a      0x2  startup_bgm13.o [5]
    .text              ro code     0x3'6c1c     0xf0  hci_pck.c.obj [24]
    .text              ro code     0x3'6d0c     0x14  memset.o [29]
    .text              ro code     0x3'6d20     0x50  ext_utils.c.obj [24]
    .text              ro code     0x3'6d70     0x16  rail_features.o [27]
    .text              ro code     0x3'6d86     0x1a  xsnprout.o [23]
    .text              ro code     0x3'6da0    0x2d0  scheduler.c.obj [24]
    .text              ro code     0x3'7070     0x94  rail_data.o [27]
    .text              ro code     0x3'7104    0x3e6  rail_rf.o [27]
    .text              ro code     0x3'74ea     0x3a  zero_init3.o [29]
    .text              ro code     0x3'7524     0x6c  ll_radio_multiprotocol.c.obj [24]
    .text              ro code     0x3'7590     0x2e  rail_rx.o [27]
    .text              ro code     0x3'75be     0x7a  lz77_init_single.o [29]
    .text              ro code     0x3'7638     0xf6  rail_ble.o [27]
    .rodata            const       0x3'772e      0x1  nvm3_lock.o [8]
    .rodata            const       0x3'772f      0x1  gatt_db.o [1]
    .text              ro code     0x3'7730     0xe8  ll_hci_phy.c.obj [24]
    .text              ro code     0x3'7818    0x4b0  coexistence-ble.o [17]
    .text              ro code     0x3'7cc8     0xd4  rail_timer.o [27]
    .text              ro code     0x3'7d9c      0x4  ll_radio.c.obj [24]
    .text              ro code     0x3'7da0     0x28  ll_timing.c.obj [24]
    .text              ro code     0x3'7dc8      0x2  ll_radio.c.obj [24]
    .text              ro code     0x3'7dca      0x2  ll_radio.c.obj [24]
    .text              ro code     0x3'7dcc      0x4  ll_radio.c.obj [24]
    .text              ro code     0x3'7dd0     0xec  em_rtcc.o [11]
    .text              ro code     0x3'7ebc     0xf0  system_bgm13.o [4]
    .text              ro code     0x3'7fac     0x8c  em_crypto.o [11]
    .text              ro code     0x3'8038    0x3c8  crypto_management.c.obj [24]
    .text              ro code     0x3'8400    0xa74  crypto_ecp.c.obj [24]
    .text              ro code     0x3'8e74      0x4  l2cap_coc-stubs.c.obj [24]
    .text              ro code     0x3'8e78      0xa  l2cap_coc-stubs.c.obj [24]
    .text              ro code     0x3'8e82      0x4  ll_aox-stubs.c.obj [24]
    .text              ro code     0x3'8e86      0x2  ll_adv_sync-stubs.c.obj [24]
    .text              ro code     0x3'8e88      0x4  ll_channelmap.c.obj [24]
    .text              ro code     0x3'8e8c      0x4  ll_channelmap.c.obj [24]
    .text              ro code     0x3'8e90      0x4  ll_addr-stubs.c.obj [24]
    .text              ro code     0x3'8e94    0x134  ll_link.c.obj [24]
    .text              ro code     0x3'8fc8     0xdc  ll_random.c.obj [24]
    .text              ro code     0x3'90a4     0x26  bg_bit.c.obj [24]
    .rodata            const       0x3'90ca      0x1  gatt_db.o [1]
    .rodata            const       0x3'90cb      0x1  init_mcu.o [1]
    .text              ro code     0x3'90cc    0x44c  ll_llcp.c.obj [24]
    .text              ro code     0x3'9518      0x2  ll_channelmap.c.obj [24]
    .text              ro code     0x3'951a      0x2  ll_aox-stubs.c.obj [24]
    .text              ro code     0x3'951c      0x4  ll_aox-stubs.c.obj [24]
    .text              ro code     0x3'9520     0x14  ll_aox-stubs.c.obj [24]
    .text              ro code     0x3'9534     0x2c  ll_channelmap.c.obj [24]
    .text              ro code     0x3'9560      0x2  ll_adv_sync-stubs.c.obj [24]
    .text              ro code     0x3'9562      0x4  ll_adv.c.obj [24]
    .rodata            const       0x3'9566      0x1  ll_aox-stubs.c.obj [24]
    .text              ro code     0x3'9568    0x2f0  ll_adv_header.c.obj [24]
    .text              ro code     0x3'9858      0x4  ll_adv_sync-stubs.c.obj [24]
    .text              ro code     0x3'985c      0x2  ll_adv_sync-stubs.c.obj [24]
    .text              ro code     0x3'985e      0x4  ll_adv_sync-stubs.c.obj [24]
    .text              ro code     0x3'9864     0x1c  pa_conversions_efr32.o [27]
    .text              ro code     0x3'9880    0x200  rail_tx.o [27]
    .text              ro code     0x3'9a80      0x2  ll_radio_pa.c.obj [24]
    .text              ro code     0x3'9a84    0x3a4  crypto_ble.c.obj [24]
    .text              ro code     0x3'9e28    0x3e8  ll_llcp_phy.c.obj [24]
    .text              ro code     0x3'a210      0x4  ll_scan_sync-stubs.c.obj [24]
    .text              ro code     0x3'a214      0x2  ll_scan_sync-stubs.c.obj [24]
    .text              ro code     0x3'a218   0x1564  rail_rf_hal.o [27]
    .text              ro code     0x3'b77c      0x2  em_emu.o [11]
    .text              ro code     0x3'b780    0x2a8  rail_ble_rf_hal.o [27]
    .text              ro code     0x3'ba28     0xa4  rfhal_module.o [27]
    .text              ro code     0x3'bacc     0x18  rail_assert.o [27]
    .text              ro code     0x3'bae4     0xc8  pa_conversions_efr32.o [27]
    .text              ro code     0x3'bbac     0x40  coexistence.o [14]
    .text              ro code     0x3'bbec     0x80  coexistence_counters-ble.o [17]
    .text              ro code     0x3'bc6c    0x2ee  tmrdrv.o [27]
    .text              ro code     0x3'bf5c     0xb0  pa_conversions_efr32.o [27]
    .text              ro code     0x3'c00c     0x58  pa_auto_mode.o [27]
    .text              ro code     0x3'c064    0x400  rfhal_timings.o [27]
    .text              ro code     0x3'c464    0x400  rfhal_radio.o [27]
    .text              ro code     0x3'c864     0x2c  rail_calibration.o [27]
    .text              ro code     0x3'c890   0x1098  generic_phy.o [27]
    .text              ro code     0x3'd928    0x68c  rfhal_pa.o [27]
    .text              ro code     0x3'dfb4    0x5fc  rfhal_bufc.o [27]
    .text              ro code     0x3'e5b0      0x6  rail_ieee802154_rf_hal.o [27]
    .text              ro code     0x3'e5b8      0xc  rail_zwave_rf_hal.o [27]
    .text              ro code     0x3'e5c4    0x43e  rfhal_protimer.o [27]
    .text              ro code     0x3'ea02      0xe  rail_rf.o [27]
    .text              ro code     0x3'ea10    0x3f4  rfhal_synth.o [27]
    .text              ro code     0x3'ee04     0x40  rfhal_ircal.o [27]
    .text              ro code     0x3'ee44     0x2a  cortex_utils.o [27]
    .text              ro code     0x3'ee70    0x138  rfhal_rand.o [27]
    .text              ro code     0x3'efa8    0x126  rfhal_pti.o [27]
    .text              ro code     0x3'f0d0    0x1ee  rfhal_signing.o [27]
    .text              ro code     0x3'f2c0      0xc  rail_assert.o [27]
    .text              ro code     0x3'f2cc     0x18  coexistence-hal.o [15]
    .text              ro code     0x3'f2e4     0x28  tmrdrv_config.o [27]
    .text              ro code     0x3'f30c     0x44  em_system.o [11]
    .text              ro code     0x3'f350     0x50  seq_globals.o [27]
    .text              ro code     0x3'f3a0     0x40  rfhal_tempcal.o [27]
    .rodata            const       0x3'f3e0     0x10  bus_i2c.o [20]
    .rodata            const       0x3'f3f0      0xc  bus_i2c.o [20]
    .rodata            const       0x3'f3fc     0x1c  bus_i2c.o [20]
    .rodata            const       0x3'f418      0x8  bus_i2c.o [20]
    .rodata            const       0x3'f420      0xc  bus_i2c.o [20]
    .rodata            const       0x3'f42c     0x18  bus_i2c.o [20]
    .rodata            const       0x3'f444     0x20  bus_rs485.o [20]
    .rodata            const       0x3'f464     0x14  bus_rs485.o [20]
    .rodata            const       0x3'f478     0x1c  bus_rs485.o [20]
    .rodata            const       0x3'f494     0x2c  bus_rs485.o [20]
    .rodata            const       0x3'f4c0     0x14  bus_rs485.o [20]
    .rodata            const       0x3'f4d4      0xc  bus_rs485.o [20]
    .rodata            const       0x3'f4e0     0x14  bus_rs485.o [20]
    .rodata            const       0x3'f4f4      0x8  bus_rs485.o [20]
    .rodata            const       0x3'f4fc     0x20  bus_rs485.o [20]
    .rodata            const       0x3'f51c     0x14  bus_rs485.o [20]
    .rodata            const       0x3'f530     0x10  bus_rs485.o [20]
    .rodata            const       0x3'f540     0x14  bus_rs485.o [20]
    .rodata            const       0x3'f554     0x14  bus_rs485.o [20]
    .rodata            const       0x3'f568      0x8  bus_rs485.o [20]
    .rodata            const       0x3'f570     0x14  bus_rs485.o [20]
    .rodata            const       0x3'f584     0x14  bus_rs485.o [20]
    .rodata            const       0x3'f598     0x14  bus_rs485.o [20]
    .rodata            const       0x3'f5ac     0x10  bus_rs485.o [20]
    .rodata            const       0x3'f5bc     0x14  bus_rs485.o [20]
    .rodata            const       0x3'f5d0     0x10  bus_rs485.o [20]
    .rodata            const       0x3'f5e0     0x10  bus_rs485.o [20]
    .rodata            const       0x3'f5f0      0xc  bus_rs485.o [20]
    .rodata            const       0x3'f5fc     0x10  bus_rs485.o [20]
    .rodata            const       0x3'f60c     0x14  bus_rs485.o [20]
    .rodata            const       0x3'f620     0x10  bus_rs485.o [20]
    .rodata            const       0x3'f630     0x10  bus_rs485.o [20]
    .rodata            const       0x3'f640     0x24  bus_rs485.o [20]
    .rodata            const       0x3'f664      0xc  bus_rs485.o [20]
    .rodata            const       0x3'f670      0x8  bus_rs485.o [20]
    .rodata            const       0x3'f678      0xc  bus_rs485.o [20]
    .rodata            const       0x3'f684     0x14  bus_rs485.o [20]
    .rodata            const       0x3'f698      0xc  bus_rs485.o [20]
    .rodata            const       0x3'f6a4      0x8  bus_rs485.o [20]
    .rodata            const       0x3'f6ac      0xc  bus_rs485.o [20]
    .rodata            const       0x3'f6b8      0xc  bus_rs485.o [20]
    .rodata            const       0x3'f6c4     0x14  bus_rs485.o [20]
    .rodata            const       0x3'f6d8     0x14  bus_rs485.o [20]
    .rodata            const       0x3'f6ec      0xc  bus_rs485.o [20]
    .rodata            const       0x3'f6f8      0x8  bus_rs485.o [20]
    .rodata            const       0x3'f700      0xc  bus_rs485.o [20]
    .rodata            const       0x3'f70c     0x10  bus_rs485.o [20]
    .rodata            const       0x3'f71c     0x14  bus_rs485.o [20]
    .rodata            const       0x3'f730     0x14  bus_rs485.o [20]
    .rodata            const       0x3'f744     0x10  bus_rs485.o [20]
    .rodata            const       0x3'f754      0x8  bus_rs485.o [20]
    .rodata            const       0x3'f75c      0xc  bus_rs485.o [20]
    .rodata            const       0x3'f768     0x18  bus_rs485.o [20]
    .rodata            const       0x3'f780     0x1c  bus_rs485.o [20]
    .rodata            const       0x3'f79c     0x1c  bus_rs485.o [20]
    .rodata            const       0x3'f7b8      0xc  bus_rs485.o [20]
    .rodata            const       0x3'f7c4      0x8  bus_rs485.o [20]
    .rodata            const       0x3'f7cc      0xc  bus_rs485.o [20]
    .rodata            const       0x3'f7d8     0x14  bus_rs485.o [20]
    .rodata            const       0x3'f7ec     0x14  bus_rs485.o [20]
    .rodata            const       0x3'f800     0x14  bus_rs485.o [20]
    .rodata            const       0x3'f814      0xc  bus_rs485.o [20]
    .rodata            const       0x3'f820      0x8  bus_rs485.o [20]
    .rodata            const       0x3'f828      0xc  bus_rs485.o [20]
    .rodata            const       0x3'f834     0x14  bus_rs485.o [20]
    .rodata            const       0x3'f848     0x18  bus_rs485.o [20]
    .rodata            const       0x3'f860     0x18  bus_rs485.o [20]
    .rodata            const       0x3'f878      0xc  bus_rs485.o [20]
    .rodata            const       0x3'f884      0x8  bus_rs485.o [20]
    .rodata            const       0x3'f88c      0xc  bus_rs485.o [20]
    .rodata            const       0x3'f898      0x8  bus_spi.o [20]
    .rodata            const       0x3'f8a0     0x1c  bus_spi.o [20]
    .rodata            const       0x3'f8bc      0xc  bus_usart.o [20]
    .rodata            const       0x3'f8c8     0x1c  bus_usart.o [20]
    .rodata            const       0x3'f8e4     0x1c  bus_usart.o [20]
    .rodata            const       0x3'f900      0x8  bus_usart.o [20]
    .rodata            const       0x3'f908     0x10  bus_usart.o [20]
    .rodata            const       0x3'f918     0x10  bus_usart.o [20]
    .rodata            const       0x3'f928     0x2c  bus_usart.o [20]
    .rodata            const       0x3'f954     0x10  bus_usart.o [20]
    .rodata            const       0x3'f964     0x18  bus_usart.o [20]
    .rodata            const       0x3'f97c     0x10  bus_usart.o [20]
    .rodata            const       0x3'f98c     0x1c  bus_usart.o [20]
    .rodata            const       0x3'f9a8     0x20  bus_usart.o [20]
    .rodata            const       0x3'f9c8     0x14  bus_usart.o [20]
    .rodata            const       0x3'f9dc     0x10  bus_usart.o [20]
    .rodata            const       0x3'f9ec     0x14  bus_usart.o [20]
    .rodata            const       0x3'fa00     0x1c  bus_usart.o [20]
    .rodata            const       0x3'fa1c     0x38  bus_usart.o [20]
    .rodata            const       0x3'fa54    0x100  bus_usart.o [20]
    .rodata            const       0x3'fb54    0x100  bus_usart.o [20]
    .rodata            const       0x3'fc54     0x1c  MeshFeatures.o [19]
    .rodata            const       0x3'fc70     0x10  MeshFeatures.o [19]
    .rodata            const       0x3'fc80     0x2c  MeshFeatures.o [19]
    .rodata            const       0x3'fcac      0x8  MeshFeatures.o [19]
    .rodata            const       0x3'fcb4     0x10  MeshFeatures.o [19]
    .rodata            const       0x3'fcc4     0x18  MeshFeatures.o [19]
    .rodata            const       0x3'fcdc     0x18  MeshFeatures.o [19]
    .rodata            const       0x3'fcf4     0x18  MeshFeatures.o [19]
    .rodata            const       0x3'fd0c     0x14  MeshFeatures.o [19]
    .rodata            const       0x3'fd20      0xc  MeshFeatures.o [19]
    .rodata            const       0x3'fd2c      0x8  MeshFeatures.o [19]
    .rodata            const       0x3'fd34      0xc  MeshFeatures.o [19]
    .rodata            const       0x3'fd40      0xc  MeshFeatures.o [19]
    .rodata            const       0x3'fd4c     0x10  MeshFeatures.o [19]
    .rodata            const       0x3'fd5c      0xc  MeshFeatures.o [19]
    .rodata            const       0x3'fd68      0xc  MeshFeatures.o [19]
    .rodata            const       0x3'fd74      0xc  MeshFeatures.o [19]
    .rodata            const       0x3'fd80     0x10  MeshFeatures.o [19]
    .rodata            const       0x3'fd90     0x10  Mesh_Client.o [19]
    .rodata            const       0x3'fda0     0x1c  Mesh_Client.o [19]
    .rodata            const       0x3'fdbc     0x14  Mesh_Client.o [19]
    .rodata            const       0x3'fdd0      0xc  Mesh_Client.o [19]
    .rodata            const       0x3'fddc     0x1c  Mesh_Client.o [19]
    .rodata            const       0x3'fdf8     0x2c  Mesh_Client.o [19]
    .rodata            const       0x3'fe24     0x14  Mesh_Client.o [19]
    .rodata            const       0x3'fe38      0x8  Mesh_Client.o [19]
    .rodata            const       0x3'fe40     0x14  Mesh_Client.o [19]
    .rodata            const       0x3'fe54     0x14  Mesh_Client.o [19]
    .rodata            const       0x3'fe68     0x20  Mesh_Client.o [19]
    .rodata            const       0x3'fe88     0x10  Mesh_Client.o [19]
    .rodata            const       0x3'fe98      0xc  Mesh_Client.o [19]
    .rodata            const       0x3'fea4     0x10  Mesh_Client.o [19]
    .rodata            const       0x3'feb4     0x18  Mesh_Client.o [19]
    .rodata            const       0x3'fecc     0x10  Mesh_Client.o [19]
    .rodata            const       0x3'fedc      0xc  Mesh_Client.o [19]
    .rodata            const       0x3'fee8     0x10  Mesh_Client.o [19]
    .rodata            const       0x3'fef8     0x10  Mesh_Client.o [19]
    .rodata            const       0x3'ff08     0x18  Mesh_Client.o [19]
    .rodata            const       0x3'ff20      0xc  Mesh_Client.o [19]
    .rodata            const       0x3'ff2c      0x8  Mesh_Client.o [19]
    .rodata            const       0x3'ff34     0x10  Mesh_Server.o [19]
    .rodata            const       0x3'ff44     0x1c  Mesh_Server.o [19]
    .rodata            const       0x3'ff60      0x8  Mesh_Server.o [19]
    .rodata            const       0x3'ff68      0xc  Mesh_Server.o [19]
    .rodata            const       0x3'ff74     0x10  Mesh_Server.o [19]
    .rodata            const       0x3'ff84     0x14  Mesh_Server.o [19]
    .rodata            const       0x3'ff98     0x2c  Mesh_Server.o [19]
    .rodata            const       0x3'ffc4     0x1c  Mesh_Server.o [19]
    .rodata            const       0x3'ffe0     0x1c  Mesh_Server.o [19]
    .rodata            const       0x3'fffc     0x1c  Mesh_Server.o [19]
    .rodata            const       0x4'0018     0x20  Mesh_Server.o [19]
    .rodata            const       0x4'0038     0x14  Mesh_Server.o [19]
    .rodata            const       0x4'004c     0x14  Mesh_Server.o [19]
    .rodata            const       0x4'0060     0x10  Mesh_Server.o [19]
    .rodata            const       0x4'0070      0xc  Mesh_Server.o [19]
    .rodata            const       0x4'007c     0x10  Mesh_Server.o [19]
    .rodata            const       0x4'008c     0x10  Mesh_Server.o [19]
    .rodata            const       0x4'009c     0x10  Mesh_Server.o [19]
    .rodata            const       0x4'00ac     0x14  Mesh_Server.o [19]
    .rodata            const       0x4'00c0     0x14  Mesh_Server.o [19]
    .rodata            const       0x4'00d4     0x18  Mesh_Server.o [19]
    .rodata            const       0x4'00ec     0x20  Mesh_Server.o [19]
    .rodata            const       0x4'010c     0x10  Mesh_Server.o [19]
    .rodata            const       0x4'011c      0xc  Mesh_Server.o [19]
    .rodata            const       0x4'0128     0x14  Mesh_Server.o [19]
    .rodata            const       0x4'013c     0x14  Mesh_Server.o [19]
    .rodata            const       0x4'0150     0x18  Mesh_Server.o [19]
    .rodata            const       0x4'0168     0x10  Mesh_Server.o [19]
    .rodata            const       0x4'0178     0x20  Mesh_Server.o [19]
    .rodata            const       0x4'0198     0x10  Mesh_Server.o [19]
    .rodata            const       0x4'01a8     0x14  Mesh_Server.o [19]
    .rodata            const       0x4'01bc     0x14  Mesh_Server.o [19]
    .rodata            const       0x4'01d0     0x18  Mesh_Server.o [19]
    .rodata            const       0x4'01e8     0x14  Mesh_Server.o [19]
    .rodata            const       0x4'01fc      0xc  Mesh_Server.o [19]
    .rodata            const       0x4'0208      0xc  Mesh_Server.o [19]
    .rodata            const       0x4'0214     0x14  Mesh_Server.o [19]
    .rodata            const       0x4'0228     0x1c  Mesh_Server.o [19]
    .rodata            const       0x4'0244     0x10  Mesh_Server.o [19]
    .rodata            const       0x4'0254     0x14  Mesh_Server.o [19]
    .rodata            const       0x4'0268     0x14  Mesh_Server.o [19]
    .rodata            const       0x4'027c     0x10  Mesh_Server.o [19]
    .rodata            const       0x4'028c     0x14  Mesh_Server.o [19]
    .rodata            const       0x4'02a0     0x14  Mesh_Server.o [19]
    .rodata            const       0x4'02b4     0x10  Mesh_Server.o [19]
    .rodata            const       0x4'02c4     0x14  Mesh_Server.o [19]
    .rodata            const       0x4'02d8     0x14  Mesh_Server.o [19]
    .rodata            const       0x4'02ec      0xc  Mesh_Server.o [19]
    .rodata            const       0x4'02f8     0x10  Mesh_Server.o [19]
    .rodata            const       0x4'0308     0x14  Mesh_Server.o [19]
    .rodata            const       0x4'031c      0xc  Mesh_Server.o [19]
    .rodata            const       0x4'0328     0x10  Mesh_Server.o [19]
    .rodata            const       0x4'0338     0x14  Mesh_Server.o [19]
    .rodata            const       0x4'034c      0xc  Mesh_Server.o [19]
    .rodata            const       0x4'0358     0x10  Mesh_Server.o [19]
    .rodata            const       0x4'0368     0x14  Mesh_Server.o [19]
    .rodata            const       0x4'037c      0xc  Mesh_Server.o [19]
    .rodata            const       0x4'0388     0x10  Mesh_Server.o [19]
    .rodata            const       0x4'0398     0x14  Mesh_Server.o [19]
    .rodata            const       0x4'03ac     0x18  Mesh_Server.o [19]
    .rodata            const       0x4'03c4     0x14  Mesh_Server.o [19]
    .rodata            const       0x4'03d8      0xc  Mesh_Server.o [19]
    .rodata            const       0x4'03e4     0x10  Mesh_Server.o [19]
    .rodata            const       0x4'03f4     0x10  Mesh_Server.o [19]
    .rodata            const       0x4'0404     0x10  Mesh_Server.o [19]
    .rodata            const       0x4'0414     0x24  Mesh_Server.o [19]
    .rodata            const       0x4'0438      0xc  Mesh_Server.o [19]
    .rodata            const       0x4'0444     0x10  Mesh_Server.o [19]
    .rodata            const       0x4'0454     0x10  Mesh_Server.o [19]
    .rodata            const       0x4'0464     0x10  Mesh_Server.o [19]
    .rodata            const       0x4'0474     0x10  Mesh_Server.o [19]
    .rodata            const       0x4'0484     0x14  Mesh_Server.o [19]
    .rodata            const       0x4'0498     0x18  Mesh_Server.o [19]
    .rodata            const       0x4'04b0     0x18  Mesh_Server.o [19]
    .rodata            const       0x4'04c8     0x18  Mesh_Server.o [19]
    .rodata            const       0x4'04e0     0x14  Mesh_Server.o [19]
    .rodata            const       0x4'04f4     0x14  Mesh_Server.o [19]
    .rodata            const       0x4'0508     0x14  Mesh_Server.o [19]
    .rodata            const       0x4'051c     0x18  Mesh_Server.o [19]
    .rodata            const       0x4'0534     0x1c  Mesh_Server.o [19]
    .rodata            const       0x4'0550     0x1c  Mesh_Server.o [19]
    .rodata            const       0x4'056c     0x1c  Mesh_Server.o [19]
    .rodata            const       0x4'0588     0x1c  Mesh_Server.o [19]
    .rodata            const       0x4'05a4     0x1c  Mesh_Server.o [19]
    .rodata            const       0x4'05c0     0x28  Mesh_Server.o [19]
    .rodata            const       0x4'05e8     0x20  Mesh_Server.o [19]
    .rodata            const       0x4'0608      0x8  Mesh_Server.o [19]
    .rodata            const       0x4'0610      0x8  Mesh_Server.o [19]
    .rodata            const       0x4'0618      0x8  Mesh_Server.o [19]
    .rodata            const       0x4'0620      0x8  Mesh_Server.o [19]
    .rodata            const       0x4'0628      0x8  Mesh_Server.o [19]
    .rodata            const       0x4'0630      0x8  Mesh_Server.o [19]
    .rodata            const       0x4'0638      0x8  Mesh_Server.o [19]
    .rodata            const       0x4'0640      0x8  Mesh_Server.o [19]
    .rodata            const       0x4'0648      0x8  Mesh_Server.o [19]
    .rodata            const       0x4'0650      0x8  Mesh_Server.o [19]
    .rodata            const       0x4'0658      0x8  Mesh_Server.o [19]
    .rodata            const       0x4'0660      0x8  Mesh_Server.o [19]
    .rodata            const       0x4'0668      0x8  Mesh_Server.o [19]
    .rodata            const       0x4'0670      0x8  Mesh_Server.o [19]
    .rodata            const       0x4'0678      0x8  Mesh_Server.o [19]
    .rodata            const       0x4'0680      0x8  Mesh_Server.o [19]
    .rodata            const       0x4'0688      0x8  Mesh_Server.o [19]
    .rodata            const       0x4'0690      0xc  ble_comm.o [19]
    .rodata            const       0x4'069c     0x1c  ble_comm.o [19]
    .rodata            const       0x4'06b8      0xc  ble_comm.o [19]
    .rodata            const       0x4'06c4      0xc  ble_comm.o [19]
    .rodata            const       0x4'06d0     0x2c  ble_comm.o [19]
    .rodata            const       0x4'06fc      0xc  ble_comm.o [19]
    .rodata            const       0x4'0708      0x8  ble_comm.o [19]
    .rodata            const       0x4'0710      0x8  ble_comm.o [19]
    .rodata            const       0x4'0718      0xc  ble_comm.o [19]
    .rodata            const       0x4'0724     0x20  ble_comm.o [19]
    .rodata            const       0x4'0744      0x8  ble_comm.o [19]
    .rodata            const       0x4'074c     0x10  ble_comm.o [19]
    .rodata            const       0x4'075c     0x10  ble_comm.o [19]
    .rodata            const       0x4'076c     0x10  ble_comm.o [19]
    .rodata            const       0x4'077c     0x10  ble_comm.o [19]
    .rodata            const       0x4'078c     0x14  ble_comm.o [19]
    .rodata            const       0x4'07a0     0x14  ble_comm.o [19]
    .rodata            const       0x4'07b4     0x14  ble_comm.o [19]
    .rodata            const       0x4'07c8     0x10  ble_comm.o [19]
    .rodata            const       0x4'07d8     0x10  ble_comm.o [19]
    .rodata            const       0x4'07e8     0x14  ble_comm.o [19]
    .rodata            const       0x4'07fc     0x2c  ble_comm.o [19]
    .rodata            const       0x4'0828     0x10  ble_comm.o [19]
    .rodata            const       0x4'0838      0xc  ble_comm.o [19]
    .rodata            const       0x4'0844     0x14  ble_comm.o [19]
    .rodata            const       0x4'0858     0x14  ble_comm.o [19]
    .rodata            const       0x4'086c     0x14  ble_comm.o [19]
    .rodata            const       0x4'0880     0x10  ble_comm.o [19]
    .rodata            const       0x4'0890     0x18  ble_comm.o [19]
    .rodata            const       0x4'08a8     0x10  ble_comm.o [19]
    .rodata            const       0x4'08b8      0xc  ble_comm.o [19]
    .rodata            const       0x4'08c4     0x10  ble_comm.o [19]
    .rodata            const       0x4'08d4     0x18  ble_comm.o [19]
    .rodata            const       0x4'08ec     0x40  ble_comm.o [19]
    .rodata            const       0x4'092c     0x14  ble_comm.o [19]
    .rodata            const       0x4'0940     0x14  ble_comm.o [19]
    .rodata            const       0x4'0954     0x1c  ble_comm.o [19]
    .rodata            const       0x4'0970      0x8  ble_event.o [19]
    .rodata            const       0x4'0978     0x14  ble_event.o [19]
    .rodata            const       0x4'098c     0x1c  ble_event.o [19]
    .rodata            const       0x4'09a8     0x34  ble_event.o [19]
    .rodata            const       0x4'09dc     0x14  ble_event.o [19]
    .rodata            const       0x4'09f0     0x14  ble_event.o [19]
    .rodata            const       0x4'0a04     0x14  ble_event.o [19]
    .rodata            const       0x4'0a18     0x14  ble_event.o [19]
    .rodata            const       0x4'0a2c     0x10  ble_event.o [19]
    .rodata            const       0x4'0a3c      0xc  ble_event.o [19]
    .rodata            const       0x4'0a48     0x1c  ble_event.o [19]
    .rodata            const       0x4'0a64     0x10  ble_event.o [19]
    .rodata            const       0x4'0a74     0x14  ble_event.o [19]
    .rodata            const       0x4'0a88     0x14  ble_event.o [19]
    .rodata            const       0x4'0a9c     0x10  ble_event.o [19]
    .rodata            const       0x4'0aac     0x18  ble_event.o [19]
    .rodata            const       0x4'0ac4     0x14  ble_event.o [19]
    .rodata            const       0x4'0ad8      0xc  ble_event.o [19]
    .rodata            const       0x4'0ae4     0x18  ble_event.o [19]
    .rodata            const       0x4'0afc     0x40  ble_event.o [19]
    .rodata            const       0x4'0b3c     0x18  ble_event.o [19]
    .rodata            const       0x4'0b54     0x14  ble_event.o [19]
    .rodata            const       0x4'0b68     0x20  ble_event.o [19]
    .rodata            const       0x4'0b88      0x8  ble_event.o [19]
    .rodata            const       0x4'0b90     0x10  ble_event.o [19]
    .rodata            const       0x4'0ba0      0x8  ble_event.o [19]
    .rodata            const       0x4'0ba8      0x8  ble_event.o [19]
    .rodata            const       0x4'0bb0     0x20  ble_event.o [19]
    .rodata            const       0x4'0bd0     0x14  ble_event.o [19]
    .rodata            const       0x4'0be4     0x14  ble_event.o [19]
    .rodata            const       0x4'0bf8     0x18  ble_event.o [19]
    .rodata            const       0x4'0c10     0x18  ble_event.o [19]
    .rodata            const       0x4'0c28     0x18  ble_event.o [19]
    .rodata            const       0x4'0c40      0xc  ble_event.o [19]
    .rodata            const       0x4'0c4c     0x18  ble_event.o [19]
    .rodata            const       0x4'0c64     0x20  ble_event.o [19]
    .rodata            const       0x4'0c84     0x2c  ble_event.o [19]
    .rodata            const       0x4'0cb0     0x10  ble_event.o [19]
    .rodata            const       0x4'0cc0     0x10  ble_event.o [19]
    .rodata            const       0x4'0cd0     0x14  ble_event.o [19]
    .rodata            const       0x4'0ce4     0x20  ble_event.o [19]
    .rodata            const       0x4'0d04     0x10  cmd_rsp_evt.o [19]
    .rodata            const       0x4'0d14     0x18  cmd_rsp_evt.o [19]
    .rodata            const       0x4'0d2c     0x10  cmd_rsp_evt.o [19]
    .rodata            const       0x4'0d3c     0x1c  cmd_rsp_evt.o [19]
    .rodata            const       0x4'0d58     0x14  cmd_rsp_evt.o [19]
    .rodata            const       0x4'0d6c     0x1c  cmd_rsp_evt.o [19]
    .rodata            const       0x4'0d88     0x14  cmd_rsp_evt.o [19]
    .rodata            const       0x4'0d9c     0x1c  cmd_rsp_evt.o [19]
    .rodata            const       0x4'0db8     0x18  cmd_rsp_evt.o [19]
    .rodata            const       0x4'0dd0     0x18  cmd_rsp_evt.o [19]
    .rodata            const       0x4'0de8     0x24  cmd_rsp_evt.o [19]
    .rodata            const       0x4'0e0c     0x28  cmd_rsp_evt.o [19]
    .rodata            const       0x4'0e34     0x10  cmd_rsp_evt.o [19]
    .rodata            const       0x4'0e44     0x10  cmd_rsp_evt.o [19]
    .rodata            const       0x4'0e54     0x10  cmd_rsp_evt.o [19]
    .rodata            const       0x4'0e64     0x1c  cmd_rsp_evt.o [19]
    .rodata            const       0x4'0e80     0x1c  cmd_rsp_evt.o [19]
    .rodata            const       0x4'0e9c     0x20  cmd_rsp_evt.o [19]
    .rodata            const       0x4'0ebc     0x18  cmd_rsp_evt.o [19]
    .rodata            const       0x4'0ed4     0x20  cmd_rsp_evt.o [19]
    .rodata            const       0x4'0ef4     0x18  cmd_rsp_evt.o [19]
    .rodata            const       0x4'0f0c     0x14  cmd_rsp_evt.o [19]
    .rodata            const       0x4'0f20     0x18  cmd_rsp_evt.o [19]
    .rodata            const       0x4'0f38     0x14  cmd_rsp_evt.o [19]
    .rodata            const       0x4'0f4c     0x20  cmd_rsp_evt.o [19]
    .rodata            const       0x4'0f6c     0x1c  cmd_rsp_evt.o [19]
    .rodata            const       0x4'0f88     0x20  cmd_rsp_evt.o [19]
    .rodata            const       0x4'0fa8     0x20  cmd_rsp_evt.o [19]
    .rodata            const       0x4'0fc8     0x24  cmd_rsp_evt.o [19]
    .rodata            const       0x4'0fec     0x24  cmd_rsp_evt.o [19]
    .rodata            const       0x4'1010     0x28  cmd_rsp_evt.o [19]
    .rodata            const       0x4'1038     0x28  cmd_rsp_evt.o [19]
    .rodata            const       0x4'1060     0x18  cmd_rsp_evt.o [19]
    .rodata            const       0x4'1078     0x18  cmd_rsp_evt.o [19]
    .rodata            const       0x4'1090     0x18  cmd_rsp_evt.o [19]
    .rodata            const       0x4'10a8     0x18  cmd_rsp_evt.o [19]
    .rodata            const       0x4'10c0     0x18  cmd_rsp_evt.o [19]
    .rodata            const       0x4'10d8     0x10  cmd_rsp_evt.o [19]
    .rodata            const       0x4'10e8     0x18  cmd_rsp_evt.o [19]
    .rodata            const       0x4'1100     0x1c  cmd_rsp_evt.o [19]
    .rodata            const       0x4'111c     0x24  cmd_rsp_evt.o [19]
    .rodata            const       0x4'1140     0x18  cmd_rsp_evt.o [19]
    .rodata            const       0x4'1158     0x20  cmd_rsp_evt.o [19]
    .rodata            const       0x4'1178     0x14  cmd_rsp_evt.o [19]
    .rodata            const       0x4'118c     0x1c  cmd_rsp_evt.o [19]
    .rodata            const       0x4'11a8     0x20  cmd_rsp_evt.o [19]
    .rodata            const       0x4'11c8     0x20  cmd_rsp_evt.o [19]
    .rodata            const       0x4'11e8     0x18  cmd_rsp_evt.o [19]
    .rodata            const       0x4'1200     0x1c  cmd_rsp_evt.o [19]
    .rodata            const       0x4'121c     0x1c  cmd_rsp_evt.o [19]
    .rodata            const       0x4'1238     0x24  cmd_rsp_evt.o [19]
    .rodata            const       0x4'125c     0x1c  cmd_rsp_evt.o [19]
    .rodata            const       0x4'1278     0x24  cmd_rsp_evt.o [19]
    .rodata            const       0x4'129c     0x1c  cmd_rsp_evt.o [19]
    .rodata            const       0x4'12b8     0x1c  cmd_rsp_evt.o [19]
    .rodata            const       0x4'12d4     0x1c  cmd_rsp_evt.o [19]
    .rodata            const       0x4'12f0     0x1c  cmd_rsp_evt.o [19]
    .rodata            const       0x4'130c     0x24  cmd_rsp_evt.o [19]
    .rodata            const       0x4'1330     0x20  cmd_rsp_evt.o [19]
    .rodata            const       0x4'1350     0x24  cmd_rsp_evt.o [19]
    .rodata            const       0x4'1374     0x24  cmd_rsp_evt.o [19]
    .rodata            const       0x4'1398     0x18  cmd_rsp_evt.o [19]
    .rodata            const       0x4'13b0     0x24  cmd_rsp_evt.o [19]
    .rodata            const       0x4'13d4     0x14  cmd_rsp_evt.o [19]
    .rodata            const       0x4'13e8     0x20  cmd_rsp_evt.o [19]
    .rodata            const       0x4'1408     0x28  cmd_rsp_evt.o [19]
    .rodata            const       0x4'1430     0x24  cmd_rsp_evt.o [19]
    .rodata            const       0x4'1454     0x1c  cmd_rsp_evt.o [19]
    .rodata            const       0x4'1470     0x1c  cmd_rsp_evt.o [19]
    .rodata            const       0x4'148c     0x1c  cmd_rsp_evt.o [19]
    .rodata            const       0x4'14a8     0x24  cmd_rsp_evt.o [19]
    .rodata            const       0x4'14cc     0x24  cmd_rsp_evt.o [19]
    .rodata            const       0x4'14f0     0x1c  cmd_rsp_evt.o [19]
    .rodata            const       0x4'150c     0x1c  cmd_rsp_evt.o [19]
    .rodata            const       0x4'1528     0x1c  cmd_rsp_evt.o [19]
    .rodata            const       0x4'1544     0x20  cmd_rsp_evt.o [19]
    .rodata            const       0x4'1564     0x20  cmd_rsp_evt.o [19]
    .rodata            const       0x4'1584     0x20  cmd_rsp_evt.o [19]
    .rodata            const       0x4'15a4     0x18  cmd_rsp_evt.o [19]
    .rodata            const       0x4'15bc     0x2c  cmd_rsp_evt.o [19]
    .rodata            const       0x4'15e8     0x2c  cmd_rsp_evt.o [19]
    .rodata            const       0x4'1614     0x1c  cmd_rsp_evt.o [19]
    .rodata            const       0x4'1630     0x14  cmd_rsp_evt.o [19]
    .rodata            const       0x4'1644     0x1c  cmd_rsp_evt.o [19]
    .rodata            const       0x4'1660     0x1c  cmd_rsp_evt.o [19]
    .rodata            const       0x4'167c     0x20  cmd_rsp_evt.o [19]
    .rodata            const       0x4'169c     0x1c  cmd_rsp_evt.o [19]
    .rodata            const       0x4'16b8     0x20  cmd_rsp_evt.o [19]
    .rodata            const       0x4'16d8     0x20  cmd_rsp_evt.o [19]
    .rodata            const       0x4'16f8     0x28  cmd_rsp_evt.o [19]
    .rodata            const       0x4'1720     0x28  cmd_rsp_evt.o [19]
    .rodata            const       0x4'1748     0x24  cmd_rsp_evt.o [19]
    .rodata            const       0x4'176c     0x20  cmd_rsp_evt.o [19]
    .rodata            const       0x4'178c     0x24  cmd_rsp_evt.o [19]
    .rodata            const       0x4'17b0     0x24  cmd_rsp_evt.o [19]
    .rodata            const       0x4'17d4     0x1c  cmd_rsp_evt.o [19]
    .rodata            const       0x4'17f0     0x1c  cmd_rsp_evt.o [19]
    .rodata            const       0x4'180c     0x20  cmd_rsp_evt.o [19]
    .rodata            const       0x4'182c     0x20  cmd_rsp_evt.o [19]
    .rodata            const       0x4'184c     0x28  cmd_rsp_evt.o [19]
    .rodata            const       0x4'1874     0x2c  cmd_rsp_evt.o [19]
    .rodata            const       0x4'18a0     0x30  cmd_rsp_evt.o [19]
    .rodata            const       0x4'18d0     0x24  cmd_rsp_evt.o [19]
    .rodata            const       0x4'18f4     0x24  cmd_rsp_evt.o [19]
    .rodata            const       0x4'1918     0x28  cmd_rsp_evt.o [19]
    .rodata            const       0x4'1940     0x28  cmd_rsp_evt.o [19]
    .rodata            const       0x4'1968     0x28  cmd_rsp_evt.o [19]
    .rodata            const       0x4'1990     0x34  cmd_rsp_evt.o [19]
    .rodata            const       0x4'19c4     0x24  cmd_rsp_evt.o [19]
    .rodata            const       0x4'19e8     0x20  cmd_rsp_evt.o [19]
    .rodata            const       0x4'1a08     0x24  cmd_rsp_evt.o [19]
    .rodata            const       0x4'1a2c     0x28  cmd_rsp_evt.o [19]
    .rodata            const       0x4'1a54     0x28  cmd_rsp_evt.o [19]
    .rodata            const       0x4'1a7c     0x28  cmd_rsp_evt.o [19]
    .rodata            const       0x4'1aa4     0x28  cmd_rsp_evt.o [19]
    .rodata            const       0x4'1acc     0x24  cmd_rsp_evt.o [19]
    .rodata            const       0x4'1af0     0x28  cmd_rsp_evt.o [19]
    .rodata            const       0x4'1b18     0x28  cmd_rsp_evt.o [19]
    .rodata            const       0x4'1b40     0x24  cmd_rsp_evt.o [19]
    .rodata            const       0x4'1b64     0x28  cmd_rsp_evt.o [19]
    .rodata            const       0x4'1b8c     0x28  cmd_rsp_evt.o [19]
    .rodata            const       0x4'1bb4     0x28  cmd_rsp_evt.o [19]
    .rodata            const       0x4'1bdc     0x2c  cmd_rsp_evt.o [19]
    .rodata            const       0x4'1c08     0x28  cmd_rsp_evt.o [19]
    .rodata            const       0x4'1c30     0x28  cmd_rsp_evt.o [19]
    .rodata            const       0x4'1c58     0x24  cmd_rsp_evt.o [19]
    .rodata            const       0x4'1c7c     0x28  cmd_rsp_evt.o [19]
    .rodata            const       0x4'1ca4     0x2c  cmd_rsp_evt.o [19]
    .rodata            const       0x4'1cd0     0x2c  cmd_rsp_evt.o [19]
    .rodata            const       0x4'1cfc     0x28  cmd_rsp_evt.o [19]
    .rodata            const       0x4'1d24     0x2c  cmd_rsp_evt.o [19]
    .rodata            const       0x4'1d50     0x2c  cmd_rsp_evt.o [19]
    .rodata            const       0x4'1d7c     0x24  cmd_rsp_evt.o [19]
    .rodata            const       0x4'1da0     0x30  cmd_rsp_evt.o [19]
    .rodata            const       0x4'1dd0     0x28  cmd_rsp_evt.o [19]
    .rodata            const       0x4'1df8     0x28  cmd_rsp_evt.o [19]
    .rodata            const       0x4'1e20     0x30  cmd_rsp_evt.o [19]
    .rodata            const       0x4'1e50     0x20  cmd_rsp_evt.o [19]
    .rodata            const       0x4'1e70     0x24  cmd_rsp_evt.o [19]
    .rodata            const       0x4'1e94     0x24  cmd_rsp_evt.o [19]
    .rodata            const       0x4'1eb8     0x24  cmd_rsp_evt.o [19]
    .rodata            const       0x4'1edc     0x24  cmd_rsp_evt.o [19]
    .rodata            const       0x4'1f00     0x28  cmd_rsp_evt.o [19]
    .rodata            const       0x4'1f28     0x24  cmd_rsp_evt.o [19]
    .rodata            const       0x4'1f4c     0x14  cmd_rsp_evt.o [19]
    .rodata            const       0x4'1f60     0x1c  cmd_rsp_evt.o [19]
    .rodata            const       0x4'1f7c     0x24  cmd_rsp_evt.o [19]
    .rodata            const       0x4'1fa0     0x2c  cmd_rsp_evt.o [19]
    .rodata            const       0x4'1fcc     0x2c  cmd_rsp_evt.o [19]
    .rodata            const       0x4'1ff8     0x20  cmd_rsp_evt.o [19]
    .rodata            const       0x4'2018     0x34  cmd_rsp_evt.o [19]
    .rodata            const       0x4'204c     0x34  cmd_rsp_evt.o [19]
    .rodata            const       0x4'2080     0x34  cmd_rsp_evt.o [19]
    .rodata            const       0x4'20b4     0x34  cmd_rsp_evt.o [19]
    .rodata            const       0x4'20e8     0x34  cmd_rsp_evt.o [19]
    .rodata            const       0x4'211c     0x28  cmd_rsp_evt.o [19]
    .rodata            const       0x4'2144     0x2c  cmd_rsp_evt.o [19]
    .rodata            const       0x4'2170     0x28  cmd_rsp_evt.o [19]
    .rodata            const       0x4'2198     0x28  cmd_rsp_evt.o [19]
    .rodata            const       0x4'21c0     0x28  cmd_rsp_evt.o [19]
    .rodata            const       0x4'21e8     0x20  cmd_rsp_evt.o [19]
    .rodata            const       0x4'2208     0x28  cmd_rsp_evt.o [19]
    .rodata            const       0x4'2230     0x28  cmd_rsp_evt.o [19]
    .rodata            const       0x4'2258     0x20  cmd_rsp_evt.o [19]
    .rodata            const       0x4'2278     0x1c  cmd_rsp_evt.o [19]
    .rodata            const       0x4'2294     0x20  cmd_rsp_evt.o [19]
    .rodata            const       0x4'22b4     0x10  cmd_rsp_evt.o [19]
    .rodata            const       0x4'22c4     0x20  cmd_rsp_evt.o [19]
    .rodata            const       0x4'22e4     0x18  global.o [19]
    .rodata            const       0x4'22fc     0x10  global.o [19]
    .rodata            const       0x4'230c     0x2c  global.o [19]
    .rodata            const       0x4'2338     0x1c  ivi_features.o [19]
    .rodata            const       0x4'2354      0x8  ivi_features.o [19]
    .rodata            const       0x4'235c     0x18  ivi_features.o [19]
    .rodata            const       0x4'2374      0x8  ivi_features.o [19]
    .rodata            const       0x4'237c      0x8  ivi_features.o [19]
    .rodata            const       0x4'2384      0x8  ivi_features.o [19]
    .rodata            const       0x4'238c      0x8  ivi_features.o [19]
    .rodata            const       0x4'2394     0x20  ivi_features.o [19]
    .rodata            const       0x4'23b4      0xc  ivi_features.o [19]
    .rodata            const       0x4'23c0     0x10  ivi_features.o [19]
    .rodata            const       0x4'23d0     0x18  ivi_features.o [19]
    .rodata            const       0x4'23e8     0x14  ivi_features.o [19]
    .rodata            const       0x4'23fc     0x10  ivi_features.o [19]
    .rodata            const       0x4'240c     0x2c  ivi_features.o [19]
    .rodata            const       0x4'2438     0x14  ivi_features.o [19]
    .rodata            const       0x4'244c     0x1c  ivi_features.o [19]
    .rodata            const       0x4'2468     0x10  ivi_features.o [19]
    .rodata            const       0x4'2478     0x18  ivi_features.o [19]
    .rodata            const       0x4'2490     0x20  ivi_features.o [19]
    .rodata            const       0x4'24b0     0x14  ivi_features.o [19]
    .rodata            const       0x4'24c4     0x14  ivi_features.o [19]
    .rodata            const       0x4'24d8      0xc  ivi_features.o [19]
    .rodata            const       0x4'24e4     0x18  ivi_features.o [19]
    .rodata            const       0x4'24fc     0x14  ivi_features.o [19]
    .rodata            const       0x4'2510     0x30  ivi_features.o [19]
    .rodata            const       0x4'2540     0x20  ivi_features.o [19]
    .rodata            const       0x4'2560     0x14  ivi_features.o [19]
    .rodata            const       0x4'2574     0x20  ivi_features.o [19]
    .rodata            const       0x4'2594     0x24  ivi_features.o [19]
    .rodata            const       0x4'25b8     0x20  ivi_features.o [19]
    .rodata            const       0x4'25d8     0x10  ivi_features.o [19]
    .rodata            const       0x4'25e8     0x18  ivi_features.o [19]
    .rodata            const       0x4'2600     0x20  ivi_features.o [19]
    .rodata            const       0x4'2620     0x14  ivi_features.o [19]
    .rodata            const       0x4'2634     0x14  ivi_features.o [19]
    .rodata            const       0x4'2648     0x1c  ivi_features.o [19]
    .rodata            const       0x4'2664     0x20  ivi_features.o [19]
    .rodata            const       0x4'2684     0x18  ivi_features.o [19]
    .rodata            const       0x4'269c     0x10  ivi_features.o [19]
    .rodata            const       0x4'26ac     0x30  ivi_features.o [19]
    .rodata            const       0x4'26dc     0x24  ivi_features.o [19]
    .rodata            const       0x4'2700     0x20  ivi_features.o [19]
    .rodata            const       0x4'2720     0x14  ivi_features.o [19]
    .rodata            const       0x4'2734     0x30  ivi_features.o [19]
    .rodata            const       0x4'2764     0x14  ivi_features.o [19]
    .rodata            const       0x4'2778     0x30  ivi_features.o [19]
    .rodata            const       0x4'27a8     0x20  ivi_features.o [19]
    .rodata            const       0x4'27c8     0x20  ivi_features.o [19]
    .rodata            const       0x4'27e8     0x10  ivi_features.o [19]
    .rodata            const       0x4'27f8     0x18  ivi_features.o [19]
    .rodata            const       0x4'2810     0x40  ivi_features.o [19]
    .rodata            const       0x4'2850     0x1c  ivi_features.o [19]
    .rodata            const       0x4'286c     0x1c  ivi_features.o [19]
    .rodata            const       0x4'2888     0x40  ivi_features.o [19]
    .rodata            const       0x4'28c8     0x10  ivi_features.o [19]
    .rodata            const       0x4'28d8     0x28  ivi_features.o [19]
    .rodata            const       0x4'2900     0x10  ivi_features.o [19]
    .rodata            const       0x4'2910     0x10  ivi_features.o [19]
    .rodata            const       0x4'2920     0x10  ivi_features.o [19]
    .rodata            const       0x4'2930     0x18  ivi_features.o [19]
    .rodata            const       0x4'2948      0x8  ivi_features.o [19]
    .rodata            const       0x4'2950     0x14  mesh_event.o [19]
    .rodata            const       0x4'2964     0x1c  mesh_event.o [19]
    .rodata            const       0x4'2980     0x18  mesh_event.o [19]
    .rodata            const       0x4'2998     0x38  mesh_event.o [19]
    .rodata            const       0x4'29d0      0xc  mesh_event.o [19]
    .rodata            const       0x4'29dc      0x8  mesh_event.o [19]
    .rodata            const       0x4'29e4     0x3c  mesh_event.o [19]
    .rodata            const       0x4'2a20     0x14  mesh_event.o [19]
    .rodata            const       0x4'2a34      0xc  mesh_event.o [19]
    .rodata            const       0x4'2a40     0x1c  mesh_event.o [19]
    .rodata            const       0x4'2a5c     0x10  mesh_event.o [19]
    .rodata            const       0x4'2a6c     0x14  mesh_event.o [19]
    .rodata            const       0x4'2a80     0x34  mesh_event.o [19]
    .rodata            const       0x4'2ab4     0x1c  mesh_event.o [19]
    .rodata            const       0x4'2ad0     0x20  mesh_event.o [19]
    .rodata            const       0x4'2af0      0xc  mesh_event.o [19]
    .rodata            const       0x4'2afc     0x20  mesh_event.o [19]
    .rodata            const       0x4'2b1c     0x14  mesh_event.o [19]
    .rodata            const       0x4'2b30     0x14  mesh_event.o [19]
    .rodata            const       0x4'2b44     0x14  mesh_event.o [19]
    .rodata            const       0x4'2b58     0x14  mesh_event.o [19]
    .rodata            const       0x4'2b6c     0x10  mesh_event.o [19]
    .rodata            const       0x4'2b7c     0x18  mesh_event.o [19]
    .rodata            const       0x4'2b94     0x1c  mesh_event.o [19]
    .rodata            const       0x4'2bb0     0x1c  mesh_event.o [19]
    .rodata            const       0x4'2bcc     0x18  mesh_event.o [19]
    .rodata            const       0x4'2be4     0x2c  mesh_event.o [19]
    .rodata            const       0x4'2c10     0x1c  mesh_event.o [19]
    .rodata            const       0x4'2c2c     0x14  mesh_event.o [19]
    .rodata            const       0x4'2c40     0x10  mesh_event.o [19]
    .rodata            const       0x4'2c50     0x10  mesh_event.o [19]
    .rodata            const       0x4'2c60     0x18  mesh_event.o [19]
    .rodata            const       0x4'2c78     0x24  mesh_event.o [19]
    .rodata            const       0x4'2c9c     0x2c  mesh_event.o [19]
    .rodata            const       0x4'2cc8     0x18  mesh_event.o [19]
    .rodata            const       0x4'2ce0     0x10  mesh_event.o [19]
    .rodata            const       0x4'2cf0      0xc  mesh_event.o [19]
    .rodata            const       0x4'2cfc      0xc  mesh_event.o [19]
    .rodata            const       0x4'2d08     0x18  mesh_event.o [19]
    .rodata            const       0x4'2d20     0x24  mesh_event.o [19]
    .rodata            const       0x4'2d44     0x24  mesh_event.o [19]
    .rodata            const       0x4'2d68     0x24  mesh_event.o [19]
    .rodata            const       0x4'2d8c     0x24  mesh_event.o [19]
    .rodata            const       0x4'2db0     0x1c  mesh_event.o [19]
    .rodata            const       0x4'2dcc     0x10  mesh_event.o [19]
    .rodata            const       0x4'2ddc     0x14  mesh_event.o [19]
    .rodata            const       0x4'2df0      0xc  mod_bus.o [19]
    .rodata            const       0x4'2dfc     0x1c  mod_bus.o [19]
    .rodata            const       0x4'2e18     0x10  node_data.o [19]
    .rodata            const       0x4'2e28     0x1c  node_data.o [19]
    .rodata            const       0x4'2e44      0xc  node_data.o [19]
    .rodata            const       0x4'2e50     0x14  node_data.o [19]
    .rodata            const       0x4'2e64     0x14  node_data.o [19]
    .rodata            const       0x4'2e78     0x10  node_data.o [19]
    .rodata            const       0x4'2e88     0x10  node_data.o [19]
    .rodata            const       0x4'2e98     0x1c  node_data.o [19]
    .rodata            const       0x4'2eb4     0x1c  node_data.o [19]
    .rodata            const       0x4'2ed0     0x10  node_data.o [19]
    .rodata            const       0x4'2ee0     0x18  node_data.o [19]
    .rodata            const       0x4'2ef8     0x1c  node_data.o [19]
    .rodata            const       0x4'2f14     0x40  bg_application_properties.o [18]
    .rodata            const       0x4'2f54      0xc  sl_sleeptimer_hal_rtcc.o [16]
    .rodata            const       0x4'2f60      0x8  sl_sleeptimer_hal_rtcc.o [16]
    .rodata            const       0x4'2f68     0x28  em_cmu.o [11]
    .rodata            const       0x4'2f90      0x4  em_i2c.o [11]
    .rodata            const       0x4'2f94     0x48  em_rmu.o [11]
    .rodata            const       0x4'2fdc     0x1c  nvm3_hal_flash.o [8]
    .rodata            const       0x4'2ff8      0x4  nvm3_lock.o [8]
    .rodata            const       0x4'2ffc     0x18  mx25flash_spi.o [3]
    .rodata            const       0x4'3014     0x1c  retargetserial.o [3]
    .rodata            const       0x4'3030      0xc  udelay.o [3]
    .rodata            const       0x4'303c     0x10  Mesh_Node.o [1]
    .rodata            const       0x4'304c     0x1c  Mesh_Node.o [1]
    .rodata            const       0x4'3068      0xc  Mesh_Node.o [1]
    .rodata            const       0x4'3074      0xc  Mesh_Node.o [1]
    .rodata            const       0x4'3080     0x2c  Mesh_Node.o [1]
    .rodata            const       0x4'30ac     0x10  Mesh_Node.o [1]
    .rodata            const       0x4'30bc     0x10  Mesh_Node.o [1]
    .rodata            const       0x4'30cc      0x8  Mesh_Node.o [1]
    .rodata            const       0x4'30d4     0x18  Mesh_Node.o [1]
    .rodata            const       0x4'30ec     0x18  Mesh_Node.o [1]
    .rodata            const       0x4'3104      0xc  Mesh_Node.o [1]
    .rodata            const       0x4'3110     0x10  Mesh_Node.o [1]
    .rodata            const       0x4'3120     0x10  Mesh_Node.o [1]
    .rodata            const       0x4'3130     0x10  Mesh_Node.o [1]
    .rodata            const       0x4'3140     0x30  Mesh_Node.o [1]
    .rodata            const       0x4'3170     0x54  Mesh_Node.o [1]
    .rodata            const       0x4'31c4      0xc  Mesh_Node.o [1]
    .rodata            const       0x4'31d0      0xc  Mesh_Node.o [1]
    .rodata            const       0x4'31dc     0x2c  app.o [1]
    .rodata            const       0x4'3208      0x8  app.o [1]
    .rodata            const       0x4'3210     0x14  app.o [1]
    .rodata            const       0x4'3224     0x14  app.o [1]
    .rodata            const       0x4'3238     0x18  dcd.o [1]
    .rodata            const       0x4'3250      0x4  dcd.o [1]
    .rodata            const       0x4'3254     0x2c  dcd.o [1]
    .rodata            const       0x4'3280     0x28  display_interface.o [1]
    .rodata            const       0x4'32a8     0x10  display_interface.o [1]
    .rodata            const       0x4'32b8     0x28  gatt_db.o [1]
    .rodata            const       0x4'32e0     0x20  gatt_db.o [1]
    .rodata            const       0x4'3300      0x8  gatt_db.o [1]
    .rodata            const       0x4'3308      0x8  gatt_db.o [1]
    .rodata            const       0x4'3310      0x8  gatt_db.o [1]
    .rodata            const       0x4'3318      0x8  gatt_db.o [1]
    .rodata            const       0x4'3320      0x8  gatt_db.o [1]
    .rodata            const       0x4'3328      0x8  gatt_db.o [1]
    .rodata            const       0x4'3330      0x8  gatt_db.o [1]
    .rodata            const       0x4'3338      0x8  gatt_db.o [1]
    .rodata            const       0x4'3340      0x8  gatt_db.o [1]
    .rodata            const       0x4'3348    0x174  gatt_db.o [1]
    .rodata            const       0x4'34bc     0x14  gatt_db.o [1]
    .rodata            const       0x4'34d0     0x34  gatt_db.o [1]
    .rodata            const       0x4'3504     0x18  init_app.o [1]
    .rodata            const       0x4'351c      0x8  init_board.o [1]
    .rodata            const       0x4'3524     0x10  init_board.o [1]
    .rodata            const       0x4'3534     0x14  init_board.o [1]
    .rodata            const       0x4'3548      0xc  init_board.o [1]
    .rodata            const       0x4'3554     0x1c  init_board.o [1]
    .rodata            const       0x4'3570     0x10  init_mcu.o [1]
    .rodata            const       0x4'3580      0xc  init_mcu.o [1]
    .rodata            const       0x4'358c      0x4  init_mcu.o [1]
    .rodata            const       0x4'3590     0x14  init_mcu.o [1]
    .rodata            const       0x4'35a4      0x8  leds.o [1]
    .rodata            const       0x4'35ac     0x1c  leds.o [1]
    .rodata            const       0x4'35c8     0x20  leds.o [1]
    .rodata            const       0x4'35e8      0x8  main.o [1]
    .rodata            const       0x4'35f0     0x18  people_count_sensor.o [1]
[...]
                           0x5'1281    0x1a  Code  Gb  bgapi_gap.c.obj [24]
sli_bt_cmd_le_gap_set_discovery_type
                           0x5'12a1    0x12  Code  Gb  bgapi_gap.c.obj [24]
sli_bt_cmd_le_gap_start_advertising
                           0x5'1253    0x1c  Code  Gb  bgapi_gap.c.obj [24]
sli_bt_cmd_le_gap_start_discovery
                           0x5'12b3    0x12  Code  Gb  bgapi_gap.c.obj [24]
sli_bt_cmd_le_gap_stop_advertising
                           0x5'126f    0x12  Code  Gb  bgapi_gap.c.obj [24]
sli_bt_cmd_mesh_lpn_config
                           0x5'1981    0x8e  Code  Gb  sb2de21a0facddde49b20631248a85585861c4207f2df7cb9589a6e4febd98119.obj [24]
sli_bt_cmd_mesh_lpn_deinit
                           0x5'194f    0x20  Code  Gb  sb2de21a0facddde49b20631248a85585861c4207f2df7cb9589a6e4febd98119.obj [24]
sli_bt_cmd_mesh_lpn_init
                           0x5'193d    0x12  Code  Gb  sb2de21a0facddde49b20631248a85585861c4207f2df7cb9589a6e4febd98119.obj [24]
sli_bt_cmd_mesh_node_get_seq_remaining
                             0xc617    0x38  Code  Gb  s48ab778e06f47b41f59b041f81b1a253c514db6d795479b7da589fc9e640c38c.obj [24]
sli_bt_cmd_mesh_node_init
                             0xbc5d    0x48  Code  Gb  s48ab778e06f47b41f59b041f81b1a253c514db6d795479b7da589fc9e640c38c.obj [24]
sli_bt_cmd_mesh_node_request_ivupdate
                             0xc5fb    0x1a  Code  Gb  s48ab778e06f47b41f59b041f81b1a253c514db6d795479b7da589fc9e640c38c.obj [24]
sli_bt_cmd_mesh_node_set_ivrecovery_mode
                             0xbf89    0x1c  Code  Gb  s48ab778e06f47b41f59b041f81b1a253c514db6d795479b7da589fc9e640c38c.obj [24]
sli_bt_cmd_mesh_node_start_unprov_beaconing
                             0xbceb    0x26  Code  Gb  s48ab778e06f47b41f59b041f81b1a253c514db6d795479b7da589fc9e640c38c.obj [24]
sli_bt_cmd_mesh_sensor_client_get
                           0x5'222b    0x22  Code  Gb  s41a6187cfc6b1593e56b676836eac32829f8cb854dd572ad62a5355018f6e3ca.obj [24]
sli_bt_cmd_mesh_sensor_client_init
                           0x5'2207    0x12  Code  Gb  s41a6187cfc6b1593e56b676836eac32829f8cb854dd572ad62a5355018f6e3ca.obj [24]
sli_bt_cmd_mesh_sensor_server_init
                           0x5'27ff    0x28  Code  Gb  s5b3c74370a9c59c9143837daf6f7e8f6c1485a1959b6f18febf93b23733b2230.obj [24]
sli_bt_cmd_mesh_sensor_server_send_status
                           0x5'2853    0x1e  Code  Gb  s5b3c74370a9c59c9143837daf6f7e8f6c1485a1959b6f18febf93b23733b2230.obj [24]
sli_bt_cmd_mesh_sensor_setup_server_send_cadence_status
                           0x5'2895    0x1e  Code  Gb  s5b3c74370a9c59c9143837daf6f7e8f6c1485a1959b6f18febf93b23733b2230.obj [24]
sli_bt_cmd_mesh_sensor_setup_server_send_settings_status
                           0x5'28cb    0x1e  Code  Gb  s5b3c74370a9c59c9143837daf6f7e8f6c1485a1959b6f18febf93b23733b2230.obj [24]
sli_bt_cmd_mesh_test_get_element_seqnum
                             0xc575    0x36  Code  Gb  s48ab778e06f47b41f59b041f81b1a253c514db6d795479b7da589fc9e640c38c.obj [24]
sli_bt_cmd_mesh_test_get_local_model_pub
                             0xc4f9    0x70  Code  Gb  s48ab778e06f47b41f59b041f81b1a253c514db6d795479b7da589fc9e640c38c.obj [24]
sli_bt_cmd_mesh_test_send_beacons
                             0xc431    0x1a  Code  Gb  s48ab778e06f47b41f59b041f81b1a253c514db6d795479b7da589fc9e640c38c.obj [24]
sli_bt_cmd_mesh_test_set_element_seqnum
                             0xc5bd    0x38  Code  Gb  s48ab778e06f47b41f59b041f81b1a253c514db6d795479b7da589fc9e640c38c.obj [24]
sli_bt_cmd_mesh_test_set_iv_index
                             0xc667    0x18  Code  Gb  s48ab778e06f47b41f59b041f81b1a253c514db6d795479b7da589fc9e640c38c.obj [24]
sli_bt_cmd_mesh_test_set_ivupdate_state
                             0xc40f    0x1a  Code  Gb  s48ab778e06f47b41f59b041f81b1a253c514db6d795479b7da589fc9e640c38c.obj [24]
sli_bt_cmd_mesh_test_set_ivupdate_test_mode
                             0xc3f5    0x1a  Code  Gb  s48ab778e06f47b41f59b041f81b1a253c514db6d795479b7da589fc9e640c38c.obj [24]
sli_bt_cmd_mesh_test_set_local_config
                             0xbd75    0x7a  Code  Gb  s48ab778e06f47b41f59b041f81b1a253c514db6d795479b7da589fc9e640c38c.obj [24]
sli_bt_cmd_mesh_test_set_local_model_pub
                             0xc471    0x50  Code  Gb  s48ab778e06f47b41f59b041f81b1a253c514db6d795479b7da589fc9e640c38c.obj [24]
sli_bt_cmd_system_get_bt_address
                           0x5'1083    0x32  Code  Gb  bgapi_system.c.obj [24]
sli_bt_cmd_system_halt     0x5'10c7    0x16  Code  Gb  bgapi_system.c.obj [24]
sli_bt_cmd_system_reset
                           0x5'10f1     0x6  Code  Gb  bgapi_system.c.obj [24]
sli_bt_cmd_system_set_tx_power
                           0x5'10dd    0x14  Code  Gb  bgapi_system.c.obj [24]
sm                      0x2000'5e14     0x8  Data  Lc  sm.c.obj [24]
sm_acl_init                0x2'7c71     0x4  Code  Gb  sm.c.obj [24]
sm_ah                      0x2'7c65     0x4  Code  Gb  sm.c.obj [24]
sm_bonded_connections_only
                           0x2'7bf1     0xa  Code  Gb  sm.c.obj [24]
sm_encryption_state_changed
                           0x2'7bfb    0x24  Code  Gb  sm.c.obj [24]
sm_generate_private_address
                           0x2'7c55     0x6  Code  Gb  sm.c.obj [24]
sm_get_minimum_key_size
                           0x2'7beb     0x6  Code  Gb  sm.c.obj [24]
sm_impl                 0x2000'5e1c    0x10  Data  Gb  sm.c.obj [24]
sm_l2cap_handle            0x2'7c6d     0x4  Code  Gb  sm.c.obj [24]
sm_pairing_failed          0x2'7c1f    0x30  Code  Gb  sm.c.obj [24]
smp_acl_init               0x3'6b47    0x72  Code  Gb  smp.c.obj [24]
smp_ah                     0x3'6add    0x40  Code  Gb  smp.c.obj [24]
smp_alloc_bgbuf            0x3'6b1d    0x18  Code  Lc  smp.c.obj [24]
smp_e                      0x3'6a85    0x50  Code  Lc  smp.c.obj [24]
smp_l2cap_handle           0x3'6bd7    0x34  Code  Gb  smp.c.obj [24]
smp_listener               0x3'6bb9    0x1c  Code  Gb  smp.c.obj [24]
smp_ltk_request            0x3'6b35    0x12  Code  Gb  smp.c.obj [24]
smp_ltk_request_handle_func
                        0x2000'e538     0x4  Data  Lc  smp.c.obj [24]
smp_packet_handle_func  0x2000'e530     0x4  Data  Lc  smp.c.obj [24]
smp_state_handle_func   0x2000'e534     0x4  Data  Lc  smp.c.obj [24]
snd_queue               0x2000'dfc4     0x4  Data  Lc  sc44e17e0adcbfd4aa6c93e75fe666df31d82d189b8fe2021d1cfec23543e9963.obj [24]
snprintf                   0x4'e059    0x44  Code  Gb  snprintf.o [23]
stack_update_callback   0x2000'd9f8     0x4  Data  Gb  bglib.c.obj [24]
startRequest               0x3'7857    0xcc  Code  Lc  coexistence-ble.o [17]
state_listeners            0x2'a0e8     0x8  Data  Lc  hci.c.obj [24]
strchr                     0x4'8435          Code  Gb  strchr.o [29]
strlen                     0x1'40e1          Code  Gb  strlen.o [29]
sub_sharing                0x1'5fd0   0x14c  Data  Gb  s85d59ca61fb1a8c9f815cfc56e8cdcc44650e082a37ce26e59cbefbba42c4053.obj [24]
support_robust_caching     0x2'7b01     0x2  Code  Gb  gatt_caching.c.obj [24]
sw_reset                   0x5'16a9    0x20  Code  Gb  swreset.c.obj [24]
swap_endianess             0x2'7a6d    0x18  Code  Gb  bg_util_aes.c.obj [24]
swapl                      0x1'81dd    0x1a  Code  Lc  s93cb1ff40f0e9ef2d08095b9928c941f0094888340ad885eddf56855fdd0e7d2.obj [24]
swapl                      0x1'6805    0x1a  Code  Lc  sa60035a3480c07e21b0ff3539771a8bb280a0483bd06cd740ee7b8fe3e0806d1.obj [24]
syncReg                    0x2'be53    0x16  Code  Lc  em_cmu.o [11]
sys_alloc                  0x2'2add   0x164  Code  Lc  dlmalloc.o [23]
sys_trim                   0x2'2c41    0x64  Code  Lc  dlmalloc.o [23]
system_max_tx_power     0x2000'e874     0x2  Data  Lc  ubt.c.obj [24]
task_fail                  0x3'6e87     0x8  Code  Lc  scheduler.c.obj [24]
temperature             0x2000'5efc     0x1  Data  Lc  temperature_sensor.o [1]
test_state              0x2000'dddc     0x1  Data  Lc  bgapi_test_lib.c.obj [24]
testing_custom_rf_signal
                        0x2000'dddd     0x1  Data  Lc  bgapi_test_lib.c.obj [24]
thrHard                    0x1'de8f    0x20  Code  Lc  nvm3.o [25]
thrSize                    0x1'dedd     0xa  Code  Lc  nvm3.o [25]
thrSoftMinimum             0x1'deaf    0x20  Code  Lc  nvm3.o [25]
thrSoftUser                0x1'decf     0xe  Code  Lc  nvm3.o [25]
timeoutPeriodTable         0x2'68cc    0x18  Data  Lc  sleep_efr32xg1x.c.obj [24]
timer_frequency         0x2000'6fc0     0x4  Data  Lc  sl_sleeptimer.o [16]
timer_get_counter          0x2'0aa5     0x4  Code  Gb  timer.c.obj [24]
timer_get_time             0x2'0aa9    0x3a  Code  Gb  timer.c.obj [24]
timer_head              0x2000'6fc4     0x4  Data  Lc  sl_sleeptimer.o [16]
timer_init                 0x2'0a8d    0x12  Code  Gb  timer.c.obj [24]
timer_ms_to_tick           0x2'0ae3     0x4  Code  Gb  timer.c.obj [24]
timingConfig               0x2'b80c     0xc  Data  Lc  ll_radio.c.obj [24]
tmalloc_large              0x2'2cb1   0x386  Code  Lc  dlmalloc.o [23]
tmalloc_small              0x2'3037   0x200  Code  Lc  dlmalloc.o [23]
toPhysChannel              0x2'b165    0x28  Code  Lc  ll_radio.c.obj [24]
to_actual_tick             0x5'143d    0x14  Code  Lc  bgapi_hardware.c.obj [24]
to_scanning_phy_index      0x2'00b1     0xc  Code  Gb  gap.c.obj [24]
trans_state             0x2000'5d4c     0x4  Data  Gb  s3f75993ab3d4eaa1abc733669af531d40ecbeff31076cf53d60ffa6e7301728d.obj [24]
ubt_address_count_bits     0x2'60bd    0x1a  Code  Gb  ubt.c.obj [24]
ubt_bt_alloc_mem           0x2'5efb    0x2a  Code  Gb  ubt.c.obj [24]
ubt_callback            0x2000'db74     0x4  Data  Gb  ubt.c.obj [24]
ubt_event_free             0x2'5ffd    0x40  Code  Gb  ubt.c.obj [24]
ubt_gap_alloc_periodic_adv
                           0x2'658b     0x2  Code  Wk  gap_periodic_adv-stubs.c.obj [24]
ubt_gap_alloc_periodic_scan
                           0x2'658f     0x2  Code  Wk  gap_periodic_scan-stubs.c.obj [24]
ubt_gap_end_le_procedure
                           0x1'fc4d    0x22  Code  Gb  gap.c.obj [24]
ubt_gap_get_identity_address
                           0x2'0093    0x10  Code  Gb  gap.c.obj [24]
ubt_gap_le_discover        0x2'aa3d    0x68  Code  Gb  gap_scan.c.obj [24]
ubt_gap_le_discover::discover_mapping
                           0x2'aab4     0x4  Data  Lc  gap_scan.c.obj [24]
ubt_gap_set_adv_data       0x1'cefd    0x46  Code  Gb  gap_adv.c.obj [24]
ubt_gap_set_adv_parameter_validation_bypass
                           0x1'cf69    0x22  Code  Gb  gap_adv.c.obj [24]
ubt_gap_set_le_mode        0x1'cd21    0x68  Code  Gb  gap_deprecated.c.obj [24]
ubt_gap_set_periodic_advertising_data
                           0x5'16d1     0x6  Code  Wk  gap_periodic_adv-stubs.c.obj [24]
ubt_gap_set_scan_parameters
                           0x2'a9cf    0x42  Code  Gb  gap_scan.c.obj [24]
ubt_gap_set_scan_type      0x2'aa11    0x2c  Code  Gb  gap_scan.c.obj [24]
ubt_gap_set_static_address_identity
                           0x2'003d    0x56  Code  Gb  gap.c.obj [24]
ubt_gatt_server_get_enabled_capabilities
                           0x1'cd1b     0x6  Code  Gb  ubt_gatt.c.obj [24]
ubt_gatt_server_send_characteristic_notification
                           0x1'ccd5    0x40  Code  Gb  ubt_gatt.c.obj [24]
ubt_gatt_server_send_user_write_response
                           0x1'ccb7    0x1e  Code  Gb  ubt_gatt.c.obj [24]
ubt_gatt_server_set_capabilities
                           0x1'cd15     0x6  Code  Gb  ubt_gatt.c.obj [24]
ubt_gatt_server_write_attribute_value
                           0x1'cc75    0x3c  Code  Gb  ubt_gatt.c.obj [24]
ubt_gatt_set_gattdb        0x1'cc71     0x4  Code  Gb  ubt_gatt.c.obj [24]
ubt_generate_random_address
                           0x2'6063    0x38  Code  Gb  ubt.c.obj [24]
ubt_hal_halt_radio         0x2'5f55    0x10  Code  Gb  ubt.c.obj [24]
ubt_hciPhy2ubtPhy          0x2'603d    0x26  Code  Gb  ubt.c.obj [24]
ubt_init                   0x2'5ed9    0x22  Code  Gb  ubt.c.obj [24]
ubt_l2cap_coc_acl_free     0x3'6c19     0x2  Code  Wk  l2cap_coc-stubs.c.obj [24]
ubt_link_disconnect        0x2'5f45    0x10  Code  Gb  ubt.c.obj [24]
ubt_message_add_handler
                           0x2'ad4d    0x24  Code  Gb  ubt_message.c.obj [24]
ubt_message_call           0x2'ad2f    0x1e  Code  Gb  ubt_message.c.obj [24]
ubt_message_create         0x2'ad7d    0x34  Code  Gb  ubt_message.c.obj [24]
ubt_message_create_gap_adv_report
                           0x2'f35d     0x6  Code  Gb  adv_report_msg.c.obj [24]
ubt_message_event_sender
                        0x2000'db7c     0x1  Data  Lc  ubt_message.c.obj [24]
ubt_message_front_packet_extract
                           0x2'ac19    0x88  Code  Gb  ubt_message.c.obj [24]
ubt_message_get_gap_adv_report_header
                           0x2'f363     0x6  Code  Gb  adv_report_msg.c.obj [24]
ubt_message_get_header     0x2'adb1    0x2e  Code  Gb  ubt_message.c.obj [24]
ubt_message_get_next_gap_adv_report
                           0x2'f369    0x30  Code  Gb  adv_report_msg.c.obj [24]
ubt_message_handlers    0x2000'db80    0x18  Data  Lc  ubt_message.c.obj [24]
ubt_message_init           0x2'ad0d    0x22  Code  Gb  ubt_message.c.obj [24]
ubt_message_process        0x2'aca1    0x6c  Code  Lc  ubt_message.c.obj [24]
ubt_message_queue          0x2'abdb    0x2e  Code  Gb  ubt_message.c.obj [24]
ubt_pskey_delete           0x1'f933     0xc  Code  Gb  pskeys.c.obj [24]
ubt_pskey_delete_callback
                           0x1'f98f    0x18  Code  Gb  pskeys.c.obj [24]
ubt_pskey_read_callback
                           0x1'f921     0xc  Code  Gb  pskeys.c.obj [24]
ubt_pskey_write_callback
                           0x1'f913     0xe  Code  Gb  pskeys.c.obj [24]
ubt_run                    0x2'5f25    0x20  Code  Gb  ubt.c.obj [24]
ubt_sm_delete_bonding      0x2'617b    0xf8  Code  Gb  bondingdb.c.obj [24]
ubt_sm_get_bond_data       0x2'62f3    0x1a  Code  Gb  bondingdb.c.obj [24]
ubt_sm_get_bonds           0x2'6175     0x6  Code  Gb  bondingdb.c.obj [24]
ubt_sm_set_bond_data       0x2'6289    0x1a  Code  Gb  bondingdb.c.obj [24]
uint16_to_buf              0x5'0387     0xc  Code  Lc  mesh_sensor.o [18]
uint24_to_buf              0x5'0393    0x10  Code  Lc  mesh_sensor.o [18]
uint8_count_bits           0x2'609b    0x22  Code  Gb  ubt.c.obj [24]
uint8_to_buf               0x5'0383     0x4  Code  Lc  mesh_sensor.o [18]
update_first_timer_delta
                           0x2'0981    0x42  Code  Lc  sl_sleeptimer.o [16]
usch                    0x2000'e208    0x10  Data  Gb  scheduler.c.obj [24]
usch_AddTask               0x3'6e8f     0x2  Code  Gb  scheduler.c.obj [24]
usch_GetCurrentTask        0x3'701f     0x6  Code  Gb  scheduler.c.obj [24]
usch_GetTimeCB             0x2'b341     0x4  Code  Gb  ll_radio.c.obj [24]
usch_Halt                  0x3'6f79    0x2c  Code  Gb  scheduler.c.obj [24]
usch_RefreshTask           0x3'7025    0x32  Code  Gb  scheduler.c.obj [24]
usch_RemoveTask            0x3'6e91    0x26  Code  Gb  scheduler.c.obj [24]
usch_Schedule              0x3'6fa5    0x6c  Code  Gb  scheduler.c.obj [24]
usch_SchedulerIdleCB       0x2'b36f    0x24  Code  Gb  ll_radio.c.obj [24]
usch_SendEvent             0x3'7011     0xe  Code  Gb  scheduler.c.obj [24]
usch_SetWakeupCB           0x2'b345    0x2a  Code  Gb  ll_radio.c.obj [24]
usch_Timer                 0x3'7057    0x12  Code  Gb  scheduler.c.obj [24]
usch_TrySchedule           0x3'6eb7    0xc2  Code  Lc  scheduler.c.obj [24]
usch_currentTaskEnd        0x3'6dc9     0x8  Code  Gb  scheduler.c.obj [24]
usch_currentTaskRemainingTime
                           0x3'6dd1    0x10  Code  Gb  scheduler.c.obj [24]
usch_getCurrentTaskSlipTime
                           0x3'6de1    0x1c  Code  Gb  scheduler.c.obj [24]
used_acls               0x2000'db70     0x4  Data  Gb  acl.c.obj [24]
userCurrentLimitsSet       0x3'6287     0xe  Code  Lc  em_emu.o [11]
user_signal_message_handler
                           0x1'644d    0x22  Code  Lc  bglib.c.obj [24]
user_signals            0x2000'd9f4     0x1  Data  Gb  bglib.c.obj [24]
uuid_copy                  0x1'cc31    0x3c  Code  Gb  uuid.c.obj [24]
uuid_to_handle             0x1'cbd1    0x60  Code  Gb  uuid.c.obj [24]
vScaleAfterWakeup          0x3'5f0b    0x24  Code  Lc  em_emu.o [11]
vScaleDownEM23Setup        0x3'5ed1    0x3a  Code  Lc  em_emu.o [11]
vScaleEM01Cmd              0x3'5d97     0xc  Code  Lc  em_emu.o [11]
vScaleEM01Config        0x2000'e888     0x1  Data  Lc  em_emu.o [11]
validateObj                0x1'e85f    0x26  Code  Lc  nvm3.o [25]
validateObjFragments       0x1'e633   0x226  Code  Lc  nvm3.o [25]
validate_adv_data          0x1'ce1b    0x5a  Code  Lc  gap_adv.c.obj [24]
validate_scanning_phymask
                           0x2'a7bb    0x22  Code  Lc  gap_scan.c.obj [24]
vectors_init               0x2'59e3    0x7e  Code  Gb  vectors_efr32xg1x.c.obj [24]
vectors_register           0x2'59d9     0xa  Code  Gb  vectors_efr32xg1x.c.obj [24]
vendor_state            0x2000'5d50     0x4  Data  Gb  s3f75993ab3d4eaa1abc733669af531d40ecbeff31076cf53d60ffa6e7301728d.obj [24]
workBegin                  0x1'f3bb    0x16  Code  Lc  nvm3.o [25]
workEnd                    0x1'f3d1    0x14  Code  Lc  nvm3.o [25]
writeFullAllowed           0x1'dee7    0x18  Code  Lc  nvm3.o [25]
writeObj                   0x1'e07f   0x2da  Code  Lc  nvm3.o [25]
zeroize                    0x2'7a85    0x12  Code  Gb  bg_util_aes.c.obj [24]


[1] = D:\Work\Silicon-BLE\JNC-BT-Mesh\JNC-BT-Mesh\IAR ARM - Default
[2] = D:\Work\Silicon-BLE\JNC-BT-Mesh\JNC-BT-Mesh\IAR ARM - Default\hardware\kit\common\bsp
[3] = D:\Work\Silicon-BLE\JNC-BT-Mesh\JNC-BT-Mesh\IAR ARM - Default\hardware\kit\common\drivers
[4] = D:\Work\Silicon-BLE\JNC-BT-Mesh\JNC-BT-Mesh\IAR ARM - Default\platform\Device\SiliconLabs\BGM13\Source
[5] = D:\Work\Silicon-BLE\JNC-BT-Mesh\JNC-BT-Mesh\IAR ARM - Default\platform\Device\SiliconLabs\BGM13\Source\IAR
[6] = D:\Work\Silicon-BLE\JNC-BT-Mesh\JNC-BT-Mesh\IAR ARM - Default\platform\emdrv\dmadrv\src
[7] = D:\Work\Silicon-BLE\JNC-BT-Mesh\JNC-BT-Mesh\IAR ARM - Default\platform\emdrv\gpiointerrupt\src
[8] = D:\Work\Silicon-BLE\JNC-BT-Mesh\JNC-BT-Mesh\IAR ARM - Default\platform\emdrv\nvm3\src
[9] = D:\Work\Silicon-BLE\JNC-BT-Mesh\JNC-BT-Mesh\IAR ARM - Default\platform\emdrv\sleep\src
[10] = D:\Work\Silicon-BLE\JNC-BT-Mesh\JNC-BT-Mesh\IAR ARM - Default\platform\emdrv\spidrv\src
[11] = D:\Work\Silicon-BLE\JNC-BT-Mesh\JNC-BT-Mesh\IAR ARM - Default\platform\emlib\src
[12] = D:\Work\Silicon-BLE\JNC-BT-Mesh\JNC-BT-Mesh\IAR ARM - Default\platform\middleware\glib\dmd\display
[13] = D:\Work\Silicon-BLE\JNC-BT-Mesh\JNC-BT-Mesh\IAR ARM - Default\platform\middleware\glib\glib
[14] = D:\Work\Silicon-BLE\JNC-BT-Mesh\JNC-BT-Mesh\IAR ARM - Default\platform\radio\rail_lib\plugin\coexistence\common
[15] = D:\Work\Silicon-BLE\JNC-BT-Mesh\JNC-BT-Mesh\IAR ARM - Default\platform\radio\rail_lib\plugin\coexistence\hal\efr32
[16] = D:\Work\Silicon-BLE\JNC-BT-Mesh\JNC-BT-Mesh\IAR ARM - Default\platform\service\sleeptimer\src
[17] = D:\Work\Silicon-BLE\JNC-BT-Mesh\JNC-BT-Mesh\IAR ARM - Default\protocol\bluetooth\ble_stack\src\soc
[18] = D:\Work\Silicon-BLE\JNC-BT-Mesh\JNC-BT-Mesh\IAR ARM - Default\protocol\bluetooth\bt_mesh\src
[19] = D:\Work\Silicon-BLE\JNC-BT-Mesh\JNC-BT-Mesh\IAR ARM - Default\user
[20] = D:\Work\Silicon-BLE\JNC-BT-Mesh\JNC-BT-Mesh\IAR ARM - Default\user\bus_drv
[21] = D:\Work\Silicon-BLE\JNC-BT-Mesh\JNC-BT-Mesh\IAR ARM - Default\user\util
[22] = D:\Work\Silicon-BLE\JNC-BT-Mesh\JNC-BT-Mesh\protocol\bluetooth\lib\EFR32XG13X\IAR
[23] = dl7M_tln.a
[24] = libbluetooth_mesh.a
[25] = libnvm3_CM4_iar.a
[26] = librail_config_bgm13p32f512ga_iar.a
[27] = librail_module_efr32xg13_iar_release.a
[28] = m7M_tls.a
[29] = rt7M_tl.a

  267 927 bytes of readonly  code memory
       20 bytes of readwrite code memory
   77 334 bytes of readonly  data memory
   71 237 bytes of readwrite data memory

Errors: none
Warnings: none
