###############################################################################
#
# IAR ELF Linker V8.32.1.169/W32 for ARM                  04/Feb/2020  16:12:58
# Copyright 2007-2018 IAR Systems AB.
#
#    Output file  =  MeshSdk152-Client-Server.out
#    Map file     =  
#        D:/Work/Silicon-BLE/BLE-Mesh/MeshSdk152-Client-Server/IAR ARM -
#        Default/MeshSdk152-Client-Server.map
#    Command line =  
#        ./user/bus_drv/bus_i2c.o ./user/bus_drv/bus_rs485.o
#        ./user/bus_drv/bus_spi.o ./user/bus_drv/bus_usart.o
#        ./user/bus_drv/device_bus.o ./user/AD7147.o ./user/MeshFeatures.o
#        ./user/ble_comm.o ./user/ble_event.o ./user/cmd_rsp_evt.o
#        ./user/com_port.o ./user/global.o ./user/jnc_cmd.o ./user/mesh_event.o
#        ./user/mod_bus.o ./user/modbus_to_mesh.o ./user/node_data.o
#        ./user/sensor_dev.o ./user/water_level_mesh.o
#        ./protocol/bluetooth/bt_mesh/src/bg_application_properties.o
#        ./protocol/bluetooth/bt_mesh/src/mesh_lib.o
#        ./protocol/bluetooth/bt_mesh/src/mesh_sensor.o
#        ./protocol/bluetooth/bt_mesh/src/mesh_serdeser.o
#        ./platform/middleware/glib/glib/bmp.o
#        ./platform/middleware/glib/glib/glib.o
#        ./platform/middleware/glib/glib/glib_bitmap.o
#        ./platform/middleware/glib/glib/glib_circle.o
#        ./platform/middleware/glib/glib/glib_font_narrow_6x8.o
#        ./platform/middleware/glib/glib/glib_font_normal_8x8.o
#        ./platform/middleware/glib/glib/glib_font_number_16x20.o
#        ./platform/middleware/glib/glib/glib_line.o
#        ./platform/middleware/glib/glib/glib_polygon.o
#        ./platform/middleware/glib/glib/glib_rectangle.o
#        ./platform/middleware/glib/glib/glib_string.o
#        ./platform/middleware/glib/dmd/display/dmd_display.o
#        ./platform/emlib/src/em_assert.o ./platform/emlib/src/em_burtc.o
#        ./platform/emlib/src/em_cmu.o ./platform/emlib/src/em_core.o
#        ./platform/emlib/src/em_cryotimer.o ./platform/emlib/src/em_crypto.o
#        ./platform/emlib/src/em_emu.o ./platform/emlib/src/em_eusart.o
#        ./platform/emlib/src/em_gpio.o ./platform/emlib/src/em_i2c.o
#        ./platform/emlib/src/em_ldma.o ./platform/emlib/src/em_leuart.o
#        ./platform/emlib/src/em_msc.o ./platform/emlib/src/em_rmu.o
#        ./platform/emlib/src/em_rtcc.o ./platform/emlib/src/em_se.o
#        ./platform/emlib/src/em_system.o ./platform/emlib/src/em_timer.o
#        ./platform/emlib/src/em_usart.o ./platform/emdrv/spidrv/src/spidrv.o
#        ./platform/emdrv/sleep/src/sleep.o
#        ./platform/emdrv/rtcdrv/src/rtcdriver.o
#        ./platform/emdrv/gpiointerrupt/src/gpiointerrupt.o
#        ./platform/emdrv/dmadrv/src/dmadrv.o
#        ./platform/Device/SiliconLabs/BGM13/Source/IAR/startup_bgm13.o
#        ./platform/Device/SiliconLabs/BGM13/Source/system_bgm13.o
#        ./hardware/kit/common/drivers/display.o
#        ./hardware/kit/common/drivers/displayls013b7dh03.o
#        ./hardware/kit/common/drivers/displaypalemlib.o
#        ./hardware/kit/common/drivers/eeprom.o
#        ./hardware/kit/common/drivers/i2cspm.o
#        ./hardware/kit/common/drivers/mx25flash_spi.o
#        ./hardware/kit/common/drivers/retargetio.o
#        ./hardware/kit/common/drivers/retargetserial.o
#        ./hardware/kit/common/drivers/si7013.o
#        ./hardware/kit/common/drivers/tempsens.o
#        ./hardware/kit/common/drivers/udelay.o
#        ./hardware/kit/common/bsp/bsp_stk.o ./app.o ./buttons.o ./dcd.o
#        ./display_interface.o ./gatt_db.o ./graphics.o ./init_app.o
#        ./init_board.o ./init_mcu.o ./lcd_driver.o ./leds.o ./main.o
#        ./people_count_sensor.o ./pti.o ./sensor.o ./sensor_client.o
#        ./sensor_server.o ./temperature_sensor.o -o
#        MeshSdk152-Client-Server.out --config
#        D:\Work\Silicon-BLE\BLE-Mesh\MeshSdk152-Client-Server\bgm13p32f512ga.icf
#        --config_def __STACK_SIZE=0x1000 --config_def __HEAP_SIZE=0x1200
#        --config_def __HEAP_SIZE=0x1400 --no_wrap_diagnostics
#        D:\Work\Silicon-BLE\BLE-Mesh\MeshSdk152-Client-Server\protocol\bluetooth\lib\EFR32XG13X\IAR\libbluetooth_mesh.a
#        D:\Work\Silicon-BLE\BLE-Mesh\MeshSdk152-Client-Server\protocol\bluetooth\lib\EFR32XG13X\IAR\binapploader.o
#        D:\Work\Silicon-BLE\BLE-Mesh\MeshSdk152-Client-Server\platform\radio\rail_lib\autogen\librail_release\librail_config_bgm13p32f512ga_iar.a
#        D:\Work\Silicon-BLE\BLE-Mesh\MeshSdk152-Client-Server\protocol\bluetooth\lib\EFR32XG13X\IAR\libpsstore.a
#        D:\Work\Silicon-BLE\BLE-Mesh\MeshSdk152-Client-Server\platform\radio\rail_lib\autogen\librail_release\librail_module_efr32xg13_iar_release.a
#        D:\Work\Silicon-BLE\BLE-Mesh\MeshSdk152-Client-Server\protocol\bluetooth\lib\EFR32XG13X\IAR\libcoex.a
#        --entry __iar_program_start --map
#        "D:/Work/Silicon-BLE/BLE-Mesh/MeshSdk152-Client-Server/IAR ARM -
#        Default/MeshSdk152-Client-Server.map" --no_range_reservations --silent
#        --keep __iar_program_start
#
###############################################################################

*******************************************************************************
*** RUNTIME MODEL ATTRIBUTES
***

CppFlavor                   = *
__Heap_Handler              = DLMalloc
__SystemLibrary             = DLib
__dlib_jmp_buf_num_elements = 16
__dlib_version              = 6


*******************************************************************************
*** HEAP SELECTION
***

The advanced heap was selected because the application calls memory
allocation functions outside of system library functions, and there
are calls to deallocation functions in the application.


*******************************************************************************
*** PLACEMENT SUMMARY
***

define block apploader with alignment = 2K { ro section .binapploader };
".text_apploader":
       place at start of [from 0x0 to 0x7'ffff] { block apploader };
define block nvm3 { section SIMEE };
".text_nvm3":
       place at end of [from 0x0 to 0x7'ffff] { block nvm3 };
define block application
   with fixed order, alignment = 2K {
      ro section .intvec, ro section .application_properties, ro };
".text_application":
       place in [from 0x0 to 0x7'ffff] { block application };
define block CSTACK with size = 4K, alignment = 8 { };
"A2":  place at start of [from 0x2000'0000 to 0x2000'ffff] { block CSTACK };
define block HEAP with size = 4608, alignment = 8 { };
"A3":  place at end of [from 0x2000'0000 to 0x2000'ffff] { rw, block HEAP };
initialize by copy { rw };
keep { section .intvec };
keep { section .application_properties };
keep { section .binapploader };

No sections matched the following patterns:

  ro section .binbootloader  in block bootloader


  Section                 Kind         Address     Size  Object
  -------                 ----         -------     ----  ------
".text_apploader":                               0xafc0
  apploader                                0x0   0xafc0  <Block>
    .binapploader         const            0x0   0xafc0  binapploader.o [17]
                                      - 0xafc0   0xafc0

".text_application":                            0x46c57
  application                           0xb000  0x46c57  <Block>
    .intvec               const         0xb000     0xfc  startup_bgm13.o [5]
    .application_properties
                          const         0xb0fc     0x40  bg_application_properties.o [14]
    .text                 ro code       0xb140    0xc80  s99ae89bd29aefba5658fd696be8bd8d89a8f2e06e9583311c84b453a1a5471a1.obj [19]
    .text                 ro code       0xbdc0     0x28  s098f5cc44c0bc120339c08ed57f369470158f024821ece476d5757311f1fa622.obj [19]
    .text                 ro code       0xbde8   0x2188  sc27ab56131d468853fcd75ad260225381b7cbe74ea335b26da0f9688b90a84e4.obj [19]
    .text                 ro code       0xdf70      0x6  ABImemclr.o [24]
    .gatt_data            const         0xdf76     0x16  gatt_db.o [1]
    .text                 ro code       0xdf8c    0xe8e  s8e919f482daf0b24d5693d65385f7ebd73483b5b3be73895ebbd99d82e61a345.obj [19]
    .text                 ro code       0xee1a     0x16  vla_alloc.o [18]
    .text                 ro code       0xee30     0x10  s8aa56537432b2c6162d79146932412dd45c9b9e9a398ad8caff234243ef61f39.obj [19]
    .text                 ro code       0xee40    0x4e4  sa5dbdc3a8c70bed5d67dc602378ff6cc0837a4d29f8db49a2332e5b4a17299b7.obj [19]
    .text                 ro code       0xf324     0xa6  ABImemcpy.o [24]
    .gatt_data            const         0xf3ca     0x12  gatt_db.o [1]
    .text                 ro code       0xf3dc    0x260  s4170188d2c1d88e9b60e1e84a7dc2b61e6bbe1ae8130858015e44421f81d1b7b.obj [19]
    .text                 ro code       0xf63c     0x96  ABImemmove.o [24]
    .gatt_data            const         0xf6d2      0xe  gatt_db.o [1]
    .text                 ro code       0xf6e0    0x27c  sb2d435686a0c4778b7f2264e0a44c8c4203a187e25b6f9137b608037aed48d45.obj [19]
    .text                 ro code       0xf95c    0x638  sc75849e5bb86b2e522fe5e9c3922f798336dae4088504ccab5f4cfffa512e705.obj [19]
    .text                 ro code       0xff94    0x2f0  s0844f54ddcdf4b2a854031cadae1cca995d4a904dbe9f0943cd751e5661b14b6.obj [19]
    .text                 ro code     0x1'0284   0x2490  sf4ea520e33c2874fd6d8b7fc5346b12a6a5eddcade8b73a528cf5165b5efe947.obj [19]
    .text                 ro code     0x1'2714    0xb02  s2c6b58c26d8b413de39436a1066f5d3c37705ebfff84b37c68db1122fdd01223.obj [19]
    .rodata               const       0x1'3216      0x2  ble_event.o [15]
    .text                 ro code     0x1'3218    0x5fc  s2666a9b0a35b423ca03226c0b210bc9b70162e9e8038f1bab11fca072c839cb8.obj [19]
    .text                 ro code     0x1'3814    0x788  s2493be3b97e9b27db29792d0f10282e0bbfea6951a54853e9c506954b87e9009.obj [19]
    .text                 ro code     0x1'3f9c    0xd60  s6f3326fcc702d9dadc0af867b36025fc5a028d31f6af6520db56bb754145d8d9.obj [19]
    .text                 ro code     0x1'4cfc    0x914  s9dc363e4175c65eefbf3d0fff0b4dd24c53c761b567e6fbeda581d22515d2e32.obj [19]
    .text                 ro code     0x1'5610   0x15a4  s1cb6658b67d7031821096d086f3ad308c6757ec9382d18822d41f2b03a068c6f.obj [19]
    .text                 ro code     0x1'6bb4    0x616  s712dc481feac1f899b6b259c07e951b6aaa4b405fee35629dc921857badbeb39.obj [19]
    .rodata               const       0x1'71ca      0x2  init_mcu.o [1]
    .text                 ro code     0x1'71cc      0x6  ABImemclr4.o [24]
    .text                 ro code     0x1'71d2      0x2  startup_bgm13.o [5]
    .text                 ro code     0x1'71d4    0x40e  s029bbd574f0d3fdc821988e2b4c135c7fd21ee2a683668ea9b34eb750e50f717.obj [19]
    .text                 ro code     0x1'75e2      0x2  startup_bgm13.o [5]
    .text                 ro code     0x1'75e4     0x36  strlen.o [24]
    .text                 ro code     0x1'761a      0x2  startup_bgm13.o [5]
    .text                 ro code     0x1'761c    0x6ee  s74b0ff9b96aec263f5b153daf2b826a525a966204816570e87735b9b7f5dc634.obj [19]
    .text                 ro code     0x1'7d0a      0x2  startup_bgm13.o [5]
    .text                 ro code     0x1'7d0c   0x26fc  sc04a4887b58ee126c4395e92a9951a59a8a342771ff7fad10bab227a54d55fad.obj [19]
    .text                 ro code     0x1'a408     0x68  memcmp.o [24]
    .text                 ro code     0x1'a470    0x608  s699abed6191d62d845e07fb2ab630ccc5752dfc921f486e45aafe7385be2d05f.obj [19]
    .text                 ro code     0x1'aa78    0x218  s21494b79abd395641eb00f19897727a83ff3182d4a409b6c3e54d065ab6fe57d.obj [19]
    .text                 ro code     0x1'ac90    0x318  sfae00fd7138fa8cc534f4e9616203717bacf76f67845700be073d1c0b32cecb3.obj [19]
    .text                 ro code     0x1'afa8    0x574  s339e088e1608660c294834d4a9b8779f4dbcc47da220da10c27a32bc09ff86b3.obj [19]
    .text                 ro code     0x1'b51c     0x66  ABImemset.o [24]
    .text                 ro code     0x1'b582      0x2  startup_bgm13.o [5]
    .text                 ro code     0x1'b584    0x7f4  sf30b4673c2f6dd57d453f7c8f7cb318bec25e1a35024826315d6d6bbbe35fbeb.obj [19]
    .text                 ro code     0x1'bd78   0x1520  dlmalloc.o [18]
    .text                 ro code     0x1'd298      0x6  abort.o [18]
    .text                 ro code     0x1'd29e      0x4  heaptramp0.o [18]
    .text                 ro code     0x1'd2a2      0x2  startup_bgm13.o [5]
    .text                 ro code     0x1'd2a4    0x320  bg_message.c.obj [19]
    .text                 ro code     0x1'd5c4     0x3a  bg_malloc_stdlib.c.obj [19]
    .text                 ro code     0x1'd5fe      0x2  startup_bgm13.o [5]
    Veneer                ro code     0x1'd600      0x8  - Linker created -
    Veneer                ro code     0x1'd608      0x8  - Linker created -
    .text                 ro code     0x1'd610    0x5ba  store.c.obj [20]
    .text                 ro code     0x1'dbca      0x2  startup_bgm13.o [5]
    .text                 ro code     0x1'dbcc     0xbe  pskeys.c.obj [19]
    .text                 ro code     0x1'dc8a      0x2  startup_bgm13.o [5]
    .text                 ro code     0x1'dc8c    0x6c4  gap.c.obj [19]
    .text                 ro code     0x1'e350    0x438  s8c3566101e2a4cb4f8951bf23d0d81ee9cb6dfe12b54b6b724d232653b29862d.obj [19]
    .text                 ro code     0x1'e788     0xc0  bg_pool.c.obj [19]
    .text                 ro code     0x1'e848    0x35c  bglib.c.obj [19]
    .text                 ro code     0x1'eba4    0x230  I64DivMod.o [24]
    .text                 ro code     0x1'edd4     0x28  timer.c.obj [19]
    .text                 ro code     0x1'edfc     0x80  timer_hal.c.obj [19]
    .text                 ro code     0x1'ee7c     0xdc  bg_random_aes.c.obj [19]
    .text                 ro code     0x1'ef58    0x6f4  bgbuf.c.obj [19]
    .text                 ro code     0x1'f64c    0x17a  gecko_endpoints.c.obj [19]
    .text                 ro code     0x1'f7c6      0x2  startup_bgm13.o [5]
    .text                 ro code     0x1'f7c8    0x570  s766876ac9f038ce5b0c9a2417b052cae110e1221edf13cdbe959bb884771b697.obj [19]
    .text                 ro code     0x1'fd38    0x3bc  sce47bc53d2dd8d9a8b2a3c0bd472a01a7638f864ec15941711b79012cf8c18b8.obj [19]
    .text                 ro code     0x2'00f4    0xf2a  sd13096fc1cfd37739e50f5255f3e9c101eb7eca1a5091eea1e45c02af34daa2a.obj [19]
    .text                 ro code     0x2'101e      0x2  startup_bgm13.o [5]
    .text                 ro code     0x2'1020    0x29c  sfbb8bca5149bf303c3b80bb005ae2777fdc2f8820dc65cc1d484598598b53828.obj [19]
    .text                 ro code     0x2'12bc    0x59c  s7148d9e7ac601a15e0c9ca440e4c288ee88edd1f1a8ae4eb003842eb846f2932.obj [19]
    .text                 ro code     0x2'1858    0x758  sfb218cf244cb1d72c5b28465b0738cbc81f2067d37fc2110a43152e600930a6a.obj [19]
    .text                 ro code     0x2'1fb0    0x204  s2112f4e007a33193c18558f32a7e52196cc2ce6ac657c3f66bf92baa5cbae209.obj [19]
    .text                 ro code     0x2'21b4    0x9b0  s79fe83b0e47e960f5ca2808133fe1b06b7a13dd017215a26e58b1e7c247a7de1.obj [19]
    .text                 ro code     0x2'2b64    0x996  s41593baaefbe29b6d8f37624384c33ed6f7568a4892a060e3982cf8c8b33b893.obj [19]
    .text                 ro code     0x2'34fa      0x2  startup_bgm13.o [5]
    .text                 ro code     0x2'34fc    0x130  s00d819e3976b04748bb8f3b80eed6d738a79f5f02959c5fd16b6df4d99fb32bb.obj [19]
    .text                 ro code     0x2'362c     0x22  I64Shl.o [24]
    .text                 ro code     0x2'364e      0x2  startup_bgm13.o [5]
    .text                 ro code     0x2'3650     0x3a  ABImemset48.o [24]
    .text                 ro code     0x2'368a      0x2  startup_bgm13.o [5]
    .text                 ro code     0x2'368c    0xc78  s510553d4cba6e19b92434202ac90d101c2530a48e1f4216164c9ff4cf3c1c1ca.obj [19]
    .text                 ro code     0x2'4304     0xfc  s2b0a71cbbe3a848b9f8e436761ee9a2e563db7d4f06cd47234a78b270b4216cc.obj [19]
    .text                 ro code     0x2'4400    0x1d0  s652eace0edc186649d3fa2d8f05ac5d2109f0cf0e225cb67249253892d189d49.obj [19]
    .text                 ro code     0x2'45d0     0x2c  xgetmemchunk.o [18]
    .text                 ro code     0x2'45fc      0xc  XXexit.o [24]
    .text                 ro code     0x2'4608     0x54  em_msc.o [11]
    .text                 ro code     0x2'465c     0x3c  crc32.c.obj [20]
    .text                 ro code     0x2'4698      0x8  em_core.o [11]
    .text                 ro code     0x2'46a0      0x8  em_core.o [11]
    .text                 ro code     0x2'46a8    0x310  gap_scan.c.obj [19]
    .text                 ro code     0x2'49b8    0x216  acl.c.obj [19]
    .text                 ro code     0x2'4bce      0x2  startup_bgm13.o [5]
    .text                 ro code     0x2'4bd0     0xc8  gap_resolver.c.obj [19]
    .text                 ro code     0x2'4c98    0x264  ubt_message.c.obj [19]
    .text                 ro code     0x2'4efc     0x74  sm.c.obj [19]
    .text                 ro code     0x2'4f70    0xaf4  hci.c.obj [19]
    .text                 ro code     0x2'5a64    0x98a  gap_adv.c.obj [19]
    .text                 ro code     0x2'63ee      0x2  startup_bgm13.o [5]
    .text                 ro code     0x2'63f0    0x21a  gatt.c.obj [19]
    .text                 ro code     0x2'660a      0x2  startup_bgm13.o [5]
    .text                 ro code     0x2'660c    0x124  bg_event.c.obj [19]
    .text                 ro code     0x2'6730     0x7c  efr32xg1x.c.obj [19]
    .text                 ro code     0x2'67ac     0xbc  vectors_efr32xg1x.c.obj [19]
    .text                 ro code     0x2'6868    0x41c  bgapi.c.obj [19]
    .text                 ro code     0x2'6c84    0x168  ubt.c.obj [19]
    .text                 ro code     0x2'6dec    0x2c6  bondingdb.c.obj [19]
    .text                 ro code     0x2'70b2      0x2  startup_bgm13.o [5]
    .text                 ro code     0x2'70b4    0x1dc  ll_init.c.obj [19]
    .text                 ro code     0x2'7290      0x2  ll_adv_sync-stubs.c.obj [19]
    .text                 ro code     0x2'7292      0x2  gap_periodic_adv-stubs.c.obj [19]
    .text                 ro code     0x2'7294      0x2  ll_scan_sync-stubs.c.obj [19]
    .text                 ro code     0x2'7296      0x2  gap_periodic_scan-stubs.c.obj [19]
    .text                 ro code     0x2'7298     0xf8  init.c.obj [19]
    .text                 ro code     0x2'7390     0xaa  ubt_gatt.c.obj [19]
    .text                 ro code     0x2'743a      0x2  startup_bgm13.o [5]
    .text                 ro code     0x2'743c     0x78  ll_task.c.obj [19]
    .text                 ro code     0x2'74b4    0x10c  sleep_efr32xg1x.c.obj [19]
    .text                 ro code     0x2'75c0    0x240  sleep.o [9]
    .text                 ro code     0x2'7800      0x2  I64DivZer.o [24]
    .text                 ro code     0x2'7802      0x2  startup_bgm13.o [5]
    .text                 ro code     0x2'7804     0x36  bg_util_aes.c.obj [19]
    .text                 ro code     0x2'783a      0x2  startup_bgm13.o [5]
    .text                 ro code     0x2'783c    0x3da  crypto_aes.c.obj [19]
    .text                 ro code     0x2'7c16      0x2  startup_bgm13.o [5]
    .text                 ro code     0x2'7c18    0x9d2  ll_radio.c.obj [19]
    .text                 ro code     0x2'85ea      0xc  memcpy.o [24]
    .text                 ro code     0x2'85f6      0x2  startup_bgm13.o [5]
    .text                 ro code     0x2'85f8    0x190  cipher.c.obj [19]
    .text                 ro code     0x2'8788    0x288  cmac.c.obj [19]
    .text                 ro code     0x2'8a10    0x362  ccm.c.obj [19]
    .text                 ro code     0x2'8d72      0x2  startup_bgm13.o [5]
    .text                 ro code     0x2'8d74    0x8c8  ecp.c.obj [19]
    .text                 ro code     0x2'963c    0x18c  ecp_curves.c.obj [19]
    .text                 ro code     0x2'97c8    0xed0  bignum.c.obj [19]
    .text                 ro code     0x2'a698     0x6c  ecdh.c.obj [19]
    .text                 ro code     0x2'a704     0x6c  sd6c4128fae4ddd3cb6d694dde1d373dc314cdc116c8903157e6cc375ca26bf52.obj [19]
    .text                 ro code     0x2'a770    0xb08  gatt_db_minimal.c.obj [19]
    .text                 ro code     0x2'b278     0xa0  uuid.c.obj [19]
    .text                 ro code     0x2'b318     0x70  gap_deprecated.c.obj [19]
    .text                 ro code     0x2'b388    0x3a4  s776e27e413a01d7b352f754eaa0ef1de3ff19980ab22a16c3ca2512bfd4098e2.obj [19]
    .text                 ro code     0x2'b72c    0xe34  em_cmu.o [11]
    .text                 ro code     0x2'c560     0x3c  adv_report_msg.c.obj [19]
    .text                 ro code     0x2'c59c      0x2  l2cap_coc-stubs.c.obj [19]
    .text                 ro code     0x2'c59e     0x14  memset.o [24]
    .text                 ro code     0x2'c5b2      0x2  startup_bgm13.o [5]
    .text                 ro code     0x2'c5b4    0x206  smp.c.obj [19]
    .text                 ro code     0x2'c7ba      0x2  gap_periodic_adv-stubs.c.obj [19]
    .text                 ro code     0x2'c7bc    0xfec  ll_hci.c.obj [19]
    .text                 ro code     0x2'd7a8     0xf0  hci_pck.c.obj [19]
    .text                 ro code     0x2'd898    0x272  l2cap.c.obj [19]
    .text                 ro code     0x2'db0a      0x4  gap_periodic_adv-stubs.c.obj [19]
    .text                 ro code     0x2'db0e      0x2  startup_bgm13.o [5]
    .text                 ro code     0x2'db10    0x250  bgapi_gatt.c.obj [19]
    .text                 ro code     0x2'dd60    0x2e8  att.c.obj [19]
    .text                 ro code     0x2'e048   0x117c  gatt_server.c.obj [19]
    .text                 ro code     0x2'f1c4    0x134  em_core.o [11]
    .text                 ro code     0x2'f2f8     0x60  btl_interface.c.obj [19]
    .text                 ro code     0x2'f358      0x2  l2cap_coc-stubs.c.obj [19]
    .text                 ro code     0x2'f35a      0x6  gap_whitelist-stubs.c.obj [19]
    .text                 ro code     0x2'f360      0x6  gap_whitelist-stubs.c.obj [19]
    .text                 ro code     0x2'f366      0x2  startup_bgm13.o [5]
    .text                 ro code     0x2'f368    0xca8  ll_scan.c.obj [19]
    .text                 ro code     0x3'0010   0x167a  ll_conn.c.obj [19]
    .text                 ro code     0x3'168a      0x2  startup_bgm13.o [5]
    .text                 ro code     0x3'168c    0xc74  ll_adv.c.obj [19]
    .text                 ro code     0x3'2300      0x2  ll_channelmap.c.obj [19]
    .text                 ro code     0x3'2302      0x2  startup_bgm13.o [5]
    .text                 ro code     0x3'2304    0x71c  ll_adv_ext.c.obj [19]
    .text                 ro code     0x3'2a20      0x2  ll_scan_sync-stubs.c.obj [19]
    .text                 ro code     0x3'2a22      0x2  ll_aox-stubs.c.obj [19]
    .text                 ro code     0x3'2a24      0x2  ll_addr-stubs.c.obj [19]
    .text                 ro code     0x3'2a26      0x2  startup_bgm13.o [5]
    .text                 ro code     0x3'2a28    0x140  ll_radio_pa.c.obj [19]
    .text                 ro code     0x3'2b68    0x17c  ll_channelmap.c.obj [19]
    .text                 ro code     0x3'2ce4      0x2  ll_addr-stubs.c.obj [19]
    .text                 ro code     0x3'2ce6      0x2  startup_bgm13.o [5]
    .text                 ro code     0x3'2ce8    0x26a  ll_conn_enc.c.obj [19]
    .text                 ro code     0x3'2f52      0x2  startup_bgm13.o [5]
    .text                 ro code     0x3'2f54    0x6c0  ll_scan_ext.c.obj [19]
    .text                 ro code     0x3'3614     0xde  ll_to_hci.c.obj [19]
    .text                 ro code     0x3'36f2      0x2  startup_bgm13.o [5]
    .text                 ro code     0x3'36f4    0x10a  irq.c.obj [19]
    .text                 ro code     0x3'37fe      0x2  startup_bgm13.o [5]
    .text                 ro code     0x3'3800    0x140  gatt_caching.c.obj [19]
    .text                 ro code     0x3'3940    0x120  rail_singleprotocol.o [22]
    .text                 ro code     0x3'3a60     0x74  em_rmu.o [11]
    .text                 ro code     0x3'3ad4      0x8  em_core.o [11]
    .text                 ro code     0x3'3adc    0xcc2  em_emu.o [11]
    .text                 ro code     0x3'479e      0x8  em_core.o [11]
    .text                 ro code     0x3'47a6      0x2  startup_bgm13.o [5]
    .text                 ro code     0x3'47a8     0x8c  em_crypto.o [11]
    .text                 ro code     0x3'4834    0x3c8  crypto_management.c.obj [19]
    .text                 ro code     0x3'4bfc    0x2b4  scheduler.c.obj [19]
    .text                 ro code     0x3'4eb0     0xb0  rail_data.o [22]
    .text                 ro code     0x3'4f60    0x39e  rail_rf.o [22]
    .text                 ro code     0x3'52fe    0x13c  rail_ble.o [22]
    .text                 ro code     0x3'543a      0x2  startup_bgm13.o [5]
    .text                 ro code     0x3'543c     0xcc  ll_hci_phy.c.obj [19]
    .text                 ro code     0x3'5508     0x74  ll_radio_multiprotocol.c.obj [19]
    .text                 ro code     0x3'557c     0x3c  rail_rx.o [22]
    .text                 ro code     0x3'55b8      0x2  ll_coex-stubs.c.obj [19]
    .text                 ro code     0x3'55ba      0x2  ll_radio.c.obj [19]
    .text                 ro code     0x3'55bc     0x3c  ext_utils.c.obj [19]
    .text                 ro code     0x3'55f8      0x4  rail_timer.o [22]
    .text                 ro code     0x3'55fc      0x2  ll_coex-stubs.c.obj [19]
    .text                 ro code     0x3'55fe      0x2  startup_bgm13.o [5]
    .text                 ro code     0x3'5600     0x28  ll_timing.c.obj [19]
    .text                 ro code     0x3'5628      0x4  ll_radio.c.obj [19]
    .text                 ro code     0x3'562c      0x2  ll_radio.c.obj [19]
    .text                 ro code     0x3'562e      0x2  ll_radio.c.obj [19]
    .text                 ro code     0x3'5630      0x2  ll_coex-stubs.c.obj [19]
    .text                 ro code     0x3'5632      0x4  ll_radio.c.obj [19]
    .text                 ro code     0x3'5636     0x3c  sl_malloc.c.obj [19]
    .text                 ro code     0x3'5672      0x2  startup_bgm13.o [5]
    .text                 ro code     0x3'5674    0xa74  crypto_ecp.c.obj [19]
    .text                 ro code     0x3'60e8     0xe4  system_bgm13.o [4]
    .text                 ro code     0x3'61cc      0x4  ll_aox-stubs.c.obj [19]
    .text                 ro code     0x3'61d0   0x107a  ll_llcp.c.obj [19]
    .text                 ro code     0x3'724a     0x1a  xsnprout.o [18]
    .text                 ro code     0x3'7264     0x10  ll_channelmap.c.obj [19]
    .text                 ro code     0x3'7274      0x2  ll_adv_sync-stubs.c.obj [19]
    .text                 ro code     0x3'7276      0x4  ll_channelmap.c.obj [19]
    .text                 ro code     0x3'727a      0x4  l2cap_coc-stubs.c.obj [19]
    .text                 ro code     0x3'727e      0xa  l2cap_coc-stubs.c.obj [19]
    .text                 ro code     0x3'7288      0x4  ll_channelmap.c.obj [19]
    .text                 ro code     0x3'728c      0x4  ll_addr-stubs.c.obj [19]
    .text                 ro code     0x3'7290     0xf8  ll_link.c.obj [19]
    .text                 ro code     0x3'7388     0x26  bg_bit.c.obj [19]
    .text                 ro code     0x3'73ae      0x2  ll_channelmap.c.obj [19]
    .text                 ro code     0x3'73b0      0x2  ll_aox-stubs.c.obj [19]
    .text                 ro code     0x3'73b2      0x4  ll_aox-stubs.c.obj [19]
    .text                 ro code     0x3'73b6     0x3a  zero_init3.o [24]
    .text                 ro code     0x3'73f0     0x14  ll_aox-stubs.c.obj [19]
    .text                 ro code     0x3'7404     0x2c  ll_channelmap.c.obj [19]
    .text                 ro code     0x3'7430      0x4  ll_adv.c.obj [19]
    .text                 ro code     0x3'7434    0x2f4  ll_adv_header.c.obj [19]
    .text                 ro code     0x3'7728      0x4  ll_adv_sync-stubs.c.obj [19]
    .text                 ro code     0x3'772c      0x2  ll_adv_sync-stubs.c.obj [19]
    .text                 ro code     0x3'772e      0x4  ll_adv_sync-stubs.c.obj [19]
    .text                 ro code     0x3'7732     0x7a  lz77_init_single.o [24]
    .text                 ro code     0x3'77ac     0x1c  pa_conversions_efr32.o [22]
    .text                 ro code     0x3'77c8      0x2  ll_radio_pa.c.obj [19]
    .gatt_data            const       0x3'77ca      0x1  gatt_db.o [1]
    .gatt_data            const       0x3'77cb      0x1  gatt_db.o [1]
    .text                 ro code     0x3'77cc     0x7a  rail_tx.o [22]
    .rodata               const       0x3'7846      0x1  init_mcu.o [1]
    .rodata               const       0x3'7847      0x1  ll_aox-stubs.c.obj [19]
    .text                 ro code     0x3'7848     0xac  pa_conversions_efr32.o [22]
    .text                 ro code     0x3'78f4     0xdc  ll_random.c.obj [19]
    .text                 ro code     0x3'79d0    0x3a4  crypto_ble.c.obj [19]
    .text                 ro code     0x3'7d74      0x4  ll_scan_sync-stubs.c.obj [19]
    .text                 ro code     0x3'7d78      0x2  ll_scan_sync-stubs.c.obj [19]
    .text                 ro code     0x3'7d7c   0x151c  rail_rf_hal.o [22]
    .text                 ro code     0x3'9298      0x2  em_emu.o [11]
    .text                 ro code     0x3'929c     0xa4  rfhal_module.o [22]
    .text                 ro code     0x3'9340     0x18  rail_assert.o [22]
    .text                 ro code     0x3'9358     0xc0  pa_conversions_efr32.o [22]
    .text                 ro code     0x3'9418    0x28c  rail_ble_rf_hal.o [22]
    .text                 ro code     0x3'96a4    0x3e8  ll_llcp_phy.c.obj [19]
    .text                 ro code     0x3'9a8c      0x4  ll_aox-stubs.c.obj [19]
    .text                 ro code     0x3'9a90      0x4  ll_adv_sync-stubs.c.obj [19]
    .text                 ro code     0x3'9a94    0x3f4  rfhal_timings.o [22]
    .text                 ro code     0x3'9e88   0x1040  generic_phy.o [22]
    .text                 ro code     0x3'aec8    0x3b4  rfhal_radio.o [22]
    .text                 ro code     0x3'b27c     0x2c  rail_calibration.o [22]
    .text                 ro code     0x3'b2a8    0x680  rfhal_pa.o [22]
    .text                 ro code     0x3'b928    0x6c0  rfhal_bufc.o [22]
    .text                 ro code     0x3'bfe8      0x6  rail_ieee802154_rf_hal.o [22]
    .text                 ro code     0x3'bff0      0x6  rail_zwave_rf_hal.o [22]
    .text                 ro code     0x3'bff8    0x4ea  rfhal_protimer.o [22]
    .text                 ro code     0x3'c4e2      0xe  rail_rf.o [22]
    .text                 ro code     0x3'c4f0    0x440  rfhal_synth.o [22]
    .text                 ro code     0x3'c930     0x40  rfhal_ircal.o [22]
    .text                 ro code     0x3'c970     0x2a  cortex_utils.o [22]
    .text                 ro code     0x3'c99c    0x130  rfhal_rand.o [22]
    .text                 ro code     0x3'cacc    0x146  rfhal_pti.o [22]
    .text                 ro code     0x3'cc14    0x1ee  rfhal_signing.o [22]
    .text                 ro code     0x3'ce04      0xc  rail_assert.o [22]
    .text                 ro code     0x3'ce10     0x40  rfhal_tempcal.o [22]
    .text                 ro code     0x3'ce50     0x44  em_system.o [11]
    .text                 ro code     0x3'ce94     0x40  seq_globals.o [22]
    .text                 ro code     0x3'ced4    0x494  em_gpio.o [11]
    .gatt_data            const       0x3'd368     0x28  gatt_db.o [1]
    .gatt_data            const       0x3'd390     0x20  gatt_db.o [1]
    .gatt_data            const       0x3'd3b0      0x8  gatt_db.o [1]
    .gatt_data            const       0x3'd3b8      0x8  gatt_db.o [1]
    .gatt_data            const       0x3'd3c0      0x8  gatt_db.o [1]
    .gatt_data            const       0x3'd3c8      0x8  gatt_db.o [1]
    .gatt_data            const       0x3'd3d0      0x8  gatt_db.o [1]
    .gatt_data            const       0x3'd3d8      0x8  gatt_db.o [1]
    .gatt_data            const       0x3'd3e0      0x8  gatt_db.o [1]
    .gatt_data            const       0x3'd3e8      0x8  gatt_db.o [1]
    .gatt_data            const       0x3'd3f0      0x8  gatt_db.o [1]
    .gatt_data            const       0x3'd3f8    0x174  gatt_db.o [1]
    .gatt_data            const       0x3'd56c     0x14  gatt_db.o [1]
    .gatt_header          const       0x3'd580     0x34  gatt_db.o [1]
    .rodata               const       0x3'd5b4      0x8  bus_i2c.o [16]
    .rodata               const       0x3'd5bc     0x1c  bus_i2c.o [16]
    .rodata               const       0x3'd5d8      0x8  bus_i2c.o [16]
    .rodata               const       0x3'd5e0     0x18  bus_i2c.o [16]
    .rodata               const       0x3'd5f8     0x14  bus_i2c.o [16]
    .rodata               const       0x3'd60c      0xc  bus_i2c.o [16]
    .rodata               const       0x3'd618      0xc  bus_i2c.o [16]
    .rodata               const       0x3'd624     0x10  bus_i2c.o [16]
    .rodata               const       0x3'd634     0x10  bus_i2c.o [16]
    .rodata               const       0x3'd644      0xc  bus_i2c.o [16]
    .rodata               const       0x3'd650     0x14  bus_i2c.o [16]
    .rodata               const       0x3'd664      0xc  bus_i2c.o [16]
    .rodata               const       0x3'd670      0xc  bus_rs485.o [16]
    .rodata               const       0x3'd67c     0x1c  bus_rs485.o [16]
    .rodata               const       0x3'd698      0x8  bus_rs485.o [16]
    .rodata               const       0x3'd6a0      0x8  bus_rs485.o [16]
    .rodata               const       0x3'd6a8      0x8  bus_spi.o [16]
    .rodata               const       0x3'd6b0     0x1c  bus_spi.o [16]
    .rodata               const       0x3'd6cc     0x20  bus_spi.o [16]
    .rodata               const       0x3'd6ec      0xc  bus_spi.o [16]
    .rodata               const       0x3'd6f8     0x2c  bus_spi.o [16]
    .rodata               const       0x3'd724     0x14  bus_spi.o [16]
    .rodata               const       0x3'd738      0xc  bus_spi.o [16]
    .rodata               const       0x3'd744     0x1c  bus_spi.o [16]
    .rodata               const       0x3'd760      0xc  bus_usart.o [16]
    .rodata               const       0x3'd76c     0x1c  bus_usart.o [16]
    .rodata               const       0x3'd788     0x1c  bus_usart.o [16]
    .rodata               const       0x3'd7a4      0xc  bus_usart.o [16]
    .rodata               const       0x3'd7b0     0x10  bus_usart.o [16]
    .rodata               const       0x3'd7c0     0x14  bus_usart.o [16]
    .rodata               const       0x3'd7d4      0x8  bus_usart.o [16]
    .rodata               const       0x3'd7dc     0x14  bus_usart.o [16]
    .rodata               const       0x3'd7f0     0x14  bus_usart.o [16]
    .rodata               const       0x3'd804     0x14  bus_usart.o [16]
    .rodata               const       0x3'd818     0x18  bus_usart.o [16]
    .rodata               const       0x3'd830     0x20  bus_usart.o [16]
    .rodata               const       0x3'd850     0x14  bus_usart.o [16]
    .rodata               const       0x3'd864     0x2c  bus_usart.o [16]
    .rodata               const       0x3'd890     0x10  bus_usart.o [16]
    .rodata               const       0x3'd8a0     0x38  bus_usart.o [16]
    .rodata               const       0x3'd8d8      0xc  device_bus.o [16]
    .rodata               const       0x3'd8e4     0x1c  device_bus.o [16]
    .rodata               const       0x3'd900     0x10  device_bus.o [16]
    .rodata               const       0x3'd910     0x10  device_bus.o [16]
    .rodata               const       0x3'd920      0xc  AD7147.o [15]
    .rodata               const       0x3'd92c     0x1c  AD7147.o [15]
    .rodata               const       0x3'd948      0x8  AD7147.o [15]
    .rodata               const       0x3'd950     0x18  AD7147.o [15]
    .rodata               const       0x3'd968     0x14  AD7147.o [15]
    .rodata               const       0x3'd97c     0xc4  AD7147.o [15]
    .rodata               const       0x3'da40     0x1c  MeshFeatures.o [15]
    .rodata               const       0x3'da5c     0x10  MeshFeatures.o [15]
    .rodata               const       0x3'da6c      0xc  MeshFeatures.o [15]
    .rodata               const       0x3'da78     0x2c  MeshFeatures.o [15]
    .rodata               const       0x3'daa4     0x10  MeshFeatures.o [15]
    .rodata               const       0x3'dab4      0x8  MeshFeatures.o [15]
    .rodata               const       0x3'dabc     0x10  MeshFeatures.o [15]
    .rodata               const       0x3'dacc     0x18  MeshFeatures.o [15]
    .rodata               const       0x3'dae4     0x18  MeshFeatures.o [15]
    .rodata               const       0x3'dafc     0x18  MeshFeatures.o [15]
    .rodata               const       0x3'db14     0x14  MeshFeatures.o [15]
    .rodata               const       0x3'db28      0xc  MeshFeatures.o [15]
    .rodata               const       0x3'db34      0x8  MeshFeatures.o [15]
    .rodata               const       0x3'db3c      0xc  MeshFeatures.o [15]
    .rodata               const       0x3'db48      0xc  MeshFeatures.o [15]
    .rodata               const       0x3'db54     0x10  MeshFeatures.o [15]
    .rodata               const       0x3'db64      0xc  ble_comm.o [15]
    .rodata               const       0x3'db70     0x1c  ble_comm.o [15]
    .rodata               const       0x3'db8c      0x8  ble_comm.o [15]
    .rodata               const       0x3'db94     0x10  ble_comm.o [15]
    .rodata               const       0x3'dba4     0x18  ble_comm.o [15]
    .rodata               const       0x3'dbbc     0x10  ble_comm.o [15]
    .rodata               const       0x3'dbcc     0x10  ble_comm.o [15]
    .rodata               const       0x3'dbdc     0x1c  ble_comm.o [15]
    .rodata               const       0x3'dbf8      0xc  ble_comm.o [15]
    .rodata               const       0x3'dc04      0x8  ble_comm.o [15]
    .rodata               const       0x3'dc0c      0xc  ble_comm.o [15]
    .rodata               const       0x3'dc18      0xc  ble_comm.o [15]
    .rodata               const       0x3'dc24     0x20  ble_comm.o [15]
    .rodata               const       0x3'dc44     0x14  ble_comm.o [15]
    .rodata               const       0x3'dc58     0x10  ble_comm.o [15]
    .rodata               const       0x3'dc68      0xc  ble_comm.o [15]
    .rodata               const       0x3'dc74      0xc  ble_comm.o [15]
    .rodata               const       0x3'dc80     0x10  ble_comm.o [15]
    .rodata               const       0x3'dc90      0xc  ble_comm.o [15]
    .rodata               const       0x3'dc9c     0x14  ble_comm.o [15]
    .rodata               const       0x3'dcb0     0x14  ble_comm.o [15]
    .rodata               const       0x3'dcc4     0x18  ble_comm.o [15]
    .rodata               const       0x3'dcdc     0x14  ble_comm.o [15]
    .rodata               const       0x3'dcf0     0x18  ble_comm.o [15]
    .rodata               const       0x3'dd08     0x14  ble_comm.o [15]
    .rodata               const       0x3'dd1c     0x10  ble_comm.o [15]
    .rodata               const       0x3'dd2c     0x10  ble_comm.o [15]
    .rodata               const       0x3'dd3c     0x10  ble_comm.o [15]
    .rodata               const       0x3'dd4c     0x10  ble_comm.o [15]
    .rodata               const       0x3'dd5c     0x18  ble_comm.o [15]
    .rodata               const       0x3'dd74     0x10  ble_comm.o [15]
    .rodata               const       0x3'dd84      0xc  ble_comm.o [15]
    .rodata               const       0x3'dd90     0x10  ble_comm.o [15]
    .rodata               const       0x3'dda0     0x18  ble_comm.o [15]
    .rodata               const       0x3'ddb8     0x40  ble_comm.o [15]
    .rodata               const       0x3'ddf8      0xc  ble_comm.o [15]
    .rodata               const       0x3'de04     0x18  ble_comm.o [15]
    .rodata               const       0x3'de1c     0x14  ble_comm.o [15]
    .rodata               const       0x3'de30     0x14  ble_comm.o [15]
    .rodata               const       0x3'de44     0x14  ble_event.o [15]
    .rodata               const       0x3'de58     0x1c  ble_event.o [15]
    .rodata               const       0x3'de74     0x14  ble_event.o [15]
    .rodata               const       0x3'de88     0x10  ble_event.o [15]
    .rodata               const       0x3'de98     0x18  ble_event.o [15]
    .rodata               const       0x3'deb0      0x8  ble_event.o [15]
    .rodata               const       0x3'deb8     0x14  ble_event.o [15]
    .rodata               const       0x3'decc      0xc  ble_event.o [15]
    .rodata               const       0x3'ded8     0x18  ble_event.o [15]
    .rodata               const       0x3'def0     0x40  ble_event.o [15]
    .rodata               const       0x3'df30     0x10  ble_event.o [15]
    .rodata               const       0x3'df40     0x18  ble_event.o [15]
    .rodata               const       0x3'df58     0x14  ble_event.o [15]
    .rodata               const       0x3'df6c     0x20  ble_event.o [15]
    .rodata               const       0x3'df8c      0x8  ble_event.o [15]
    .rodata               const       0x3'df94     0x10  ble_event.o [15]
    .rodata               const       0x3'dfa4     0x20  ble_event.o [15]
    .rodata               const       0x3'dfc4     0x14  ble_event.o [15]
    .rodata               const       0x3'dfd8     0x14  ble_event.o [15]
    .rodata               const       0x3'dfec     0x18  ble_event.o [15]
    .rodata               const       0x3'e004     0x18  ble_event.o [15]
    .rodata               const       0x3'e01c     0x18  ble_event.o [15]
    .rodata               const       0x3'e034      0xc  ble_event.o [15]
    .rodata               const       0x3'e040     0x18  ble_event.o [15]
    .rodata               const       0x3'e058     0x20  ble_event.o [15]
    .rodata               const       0x3'e078     0x2c  ble_event.o [15]
    .rodata               const       0x3'e0a4     0x10  ble_event.o [15]
    .rodata               const       0x3'e0b4     0x10  ble_event.o [15]
    .rodata               const       0x3'e0c4     0x14  ble_event.o [15]
    .rodata               const       0x3'e0d8     0x20  ble_event.o [15]
    .rodata               const       0x3'e0f8     0x10  cmd_rsp_evt.o [15]
    .rodata               const       0x3'e108     0x18  cmd_rsp_evt.o [15]
    .rodata               const       0x3'e120     0x10  cmd_rsp_evt.o [15]
    .rodata               const       0x3'e130     0x1c  cmd_rsp_evt.o [15]
    .rodata               const       0x3'e14c     0x14  cmd_rsp_evt.o [15]
    .rodata               const       0x3'e160     0x1c  cmd_rsp_evt.o [15]
    .rodata               const       0x3'e17c     0x14  cmd_rsp_evt.o [15]
    .rodata               const       0x3'e190     0x1c  cmd_rsp_evt.o [15]
    .rodata               const       0x3'e1ac     0x18  cmd_rsp_evt.o [15]
    .rodata               const       0x3'e1c4     0x18  cmd_rsp_evt.o [15]
    .rodata               const       0x3'e1dc     0x24  cmd_rsp_evt.o [15]
    .rodata               const       0x3'e200     0x28  cmd_rsp_evt.o [15]
    .rodata               const       0x3'e228     0x10  cmd_rsp_evt.o [15]
    .rodata               const       0x3'e238     0x10  cmd_rsp_evt.o [15]
    .rodata               const       0x3'e248     0x10  cmd_rsp_evt.o [15]
    .rodata               const       0x3'e258     0x1c  cmd_rsp_evt.o [15]
    .rodata               const       0x3'e274     0x1c  cmd_rsp_evt.o [15]
    .rodata               const       0x3'e290     0x20  cmd_rsp_evt.o [15]
    .rodata               const       0x3'e2b0     0x18  cmd_rsp_evt.o [15]
    .rodata               const       0x3'e2c8     0x20  cmd_rsp_evt.o [15]
    .rodata               const       0x3'e2e8     0x18  cmd_rsp_evt.o [15]
    .rodata               const       0x3'e300     0x14  cmd_rsp_evt.o [15]
    .rodata               const       0x3'e314     0x18  cmd_rsp_evt.o [15]
    .rodata               const       0x3'e32c     0x14  cmd_rsp_evt.o [15]
    .rodata               const       0x3'e340     0x20  cmd_rsp_evt.o [15]
    .rodata               const       0x3'e360     0x1c  cmd_rsp_evt.o [15]
    .rodata               const       0x3'e37c     0x20  cmd_rsp_evt.o [15]
    .rodata               const       0x3'e39c     0x20  cmd_rsp_evt.o [15]
    .rodata               const       0x3'e3bc     0x24  cmd_rsp_evt.o [15]
    .rodata               const       0x3'e3e0     0x24  cmd_rsp_evt.o [15]
    .rodata               const       0x3'e404     0x28  cmd_rsp_evt.o [15]
    .rodata               const       0x3'e42c     0x28  cmd_rsp_evt.o [15]
    .rodata               const       0x3'e454     0x18  cmd_rsp_evt.o [15]
    .rodata               const       0x3'e46c     0x18  cmd_rsp_evt.o [15]
    .rodata               const       0x3'e484     0x18  cmd_rsp_evt.o [15]
    .rodata               const       0x3'e49c     0x18  cmd_rsp_evt.o [15]
    .rodata               const       0x3'e4b4     0x18  cmd_rsp_evt.o [15]
    .rodata               const       0x3'e4cc     0x10  cmd_rsp_evt.o [15]
    .rodata               const       0x3'e4dc     0x18  cmd_rsp_evt.o [15]
    .rodata               const       0x3'e4f4     0x1c  cmd_rsp_evt.o [15]
    .rodata               const       0x3'e510     0x24  cmd_rsp_evt.o [15]
    .rodata               const       0x3'e534     0x18  cmd_rsp_evt.o [15]
    .rodata               const       0x3'e54c     0x20  cmd_rsp_evt.o [15]
    .rodata               const       0x3'e56c     0x14  cmd_rsp_evt.o [15]
    .rodata               const       0x3'e580     0x1c  cmd_rsp_evt.o [15]
    .rodata               const       0x3'e59c     0x20  cmd_rsp_evt.o [15]
    .rodata               const       0x3'e5bc     0x20  cmd_rsp_evt.o [15]
    .rodata               const       0x3'e5dc     0x18  cmd_rsp_evt.o [15]
    .rodata               const       0x3'e5f4     0x1c  cmd_rsp_evt.o [15]
    .rodata               const       0x3'e610     0x1c  cmd_rsp_evt.o [15]
    .rodata               const       0x3'e62c     0x24  cmd_rsp_evt.o [15]
    .rodata               const       0x3'e650     0x1c  cmd_rsp_evt.o [15]
    .rodata               const       0x3'e66c     0x24  cmd_rsp_evt.o [15]
    .rodata               const       0x3'e690     0x1c  cmd_rsp_evt.o [15]
    .rodata               const       0x3'e6ac     0x1c  cmd_rsp_evt.o [15]
    .rodata               const       0x3'e6c8     0x1c  cmd_rsp_evt.o [15]
    .rodata               const       0x3'e6e4     0x1c  cmd_rsp_evt.o [15]
    .rodata               const       0x3'e700     0x24  cmd_rsp_evt.o [15]
    .rodata               const       0x3'e724     0x20  cmd_rsp_evt.o [15]
    .rodata               const       0x3'e744     0x24  cmd_rsp_evt.o [15]
    .rodata               const       0x3'e768     0x24  cmd_rsp_evt.o [15]
    .rodata               const       0x3'e78c     0x18  cmd_rsp_evt.o [15]
    .rodata               const       0x3'e7a4     0x24  cmd_rsp_evt.o [15]
    .rodata               const       0x3'e7c8     0x14  cmd_rsp_evt.o [15]
    .rodata               const       0x3'e7dc     0x20  cmd_rsp_evt.o [15]
    .rodata               const       0x3'e7fc     0x28  cmd_rsp_evt.o [15]
    .rodata               const       0x3'e824     0x24  cmd_rsp_evt.o [15]
    .rodata               const       0x3'e848     0x1c  cmd_rsp_evt.o [15]
    .rodata               const       0x3'e864     0x1c  cmd_rsp_evt.o [15]
    .rodata               const       0x3'e880     0x1c  cmd_rsp_evt.o [15]
    .rodata               const       0x3'e89c     0x24  cmd_rsp_evt.o [15]
    .rodata               const       0x3'e8c0     0x24  cmd_rsp_evt.o [15]
    .rodata               const       0x3'e8e4     0x1c  cmd_rsp_evt.o [15]
    .rodata               const       0x3'e900     0x1c  cmd_rsp_evt.o [15]
    .rodata               const       0x3'e91c     0x1c  cmd_rsp_evt.o [15]
    .rodata               const       0x3'e938     0x20  cmd_rsp_evt.o [15]
    .rodata               const       0x3'e958     0x20  cmd_rsp_evt.o [15]
    .rodata               const       0x3'e978     0x20  cmd_rsp_evt.o [15]
    .rodata               const       0x3'e998     0x18  cmd_rsp_evt.o [15]
    .rodata               const       0x3'e9b0     0x2c  cmd_rsp_evt.o [15]
    .rodata               const       0x3'e9dc     0x2c  cmd_rsp_evt.o [15]
    .rodata               const       0x3'ea08     0x1c  cmd_rsp_evt.o [15]
    .rodata               const       0x3'ea24     0x14  cmd_rsp_evt.o [15]
    .rodata               const       0x3'ea38     0x1c  cmd_rsp_evt.o [15]
    .rodata               const       0x3'ea54     0x1c  cmd_rsp_evt.o [15]
    .rodata               const       0x3'ea70     0x20  cmd_rsp_evt.o [15]
    .rodata               const       0x3'ea90     0x1c  cmd_rsp_evt.o [15]
    .rodata               const       0x3'eaac     0x20  cmd_rsp_evt.o [15]
    .rodata               const       0x3'eacc     0x20  cmd_rsp_evt.o [15]
    .rodata               const       0x3'eaec     0x28  cmd_rsp_evt.o [15]
    .rodata               const       0x3'eb14     0x28  cmd_rsp_evt.o [15]
    .rodata               const       0x3'eb3c     0x24  cmd_rsp_evt.o [15]
    .rodata               const       0x3'eb60     0x20  cmd_rsp_evt.o [15]
    .rodata               const       0x3'eb80     0x24  cmd_rsp_evt.o [15]
    .rodata               const       0x3'eba4     0x24  cmd_rsp_evt.o [15]
    .rodata               const       0x3'ebc8     0x1c  cmd_rsp_evt.o [15]
    .rodata               const       0x3'ebe4     0x1c  cmd_rsp_evt.o [15]
    .rodata               const       0x3'ec00     0x20  cmd_rsp_evt.o [15]
    .rodata               const       0x3'ec20     0x20  cmd_rsp_evt.o [15]
    .rodata               const       0x3'ec40     0x28  cmd_rsp_evt.o [15]
    .rodata               const       0x3'ec68     0x2c  cmd_rsp_evt.o [15]
    .rodata               const       0x3'ec94     0x30  cmd_rsp_evt.o [15]
    .rodata               const       0x3'ecc4     0x24  cmd_rsp_evt.o [15]
    .rodata               const       0x3'ece8     0x24  cmd_rsp_evt.o [15]
    .rodata               const       0x3'ed0c     0x28  cmd_rsp_evt.o [15]
    .rodata               const       0x3'ed34     0x28  cmd_rsp_evt.o [15]
    .rodata               const       0x3'ed5c     0x28  cmd_rsp_evt.o [15]
    .rodata               const       0x3'ed84     0x34  cmd_rsp_evt.o [15]
    .rodata               const       0x3'edb8     0x24  cmd_rsp_evt.o [15]
    .rodata               const       0x3'eddc     0x20  cmd_rsp_evt.o [15]
    .rodata               const       0x3'edfc     0x24  cmd_rsp_evt.o [15]
    .rodata               const       0x3'ee20     0x28  cmd_rsp_evt.o [15]
    .rodata               const       0x3'ee48     0x28  cmd_rsp_evt.o [15]
    .rodata               const       0x3'ee70     0x28  cmd_rsp_evt.o [15]
    .rodata               const       0x3'ee98     0x28  cmd_rsp_evt.o [15]
    .rodata               const       0x3'eec0     0x24  cmd_rsp_evt.o [15]
    .rodata               const       0x3'eee4     0x28  cmd_rsp_evt.o [15]
    .rodata               const       0x3'ef0c     0x28  cmd_rsp_evt.o [15]
    .rodata               const       0x3'ef34     0x24  cmd_rsp_evt.o [15]
    .rodata               const       0x3'ef58     0x28  cmd_rsp_evt.o [15]
    .rodata               const       0x3'ef80     0x28  cmd_rsp_evt.o [15]
    .rodata               const       0x3'efa8     0x28  cmd_rsp_evt.o [15]
    .rodata               const       0x3'efd0     0x2c  cmd_rsp_evt.o [15]
    .rodata               const       0x3'effc     0x28  cmd_rsp_evt.o [15]
    .rodata               const       0x3'f024     0x28  cmd_rsp_evt.o [15]
    .rodata               const       0x3'f04c     0x24  cmd_rsp_evt.o [15]
    .rodata               const       0x3'f070     0x28  cmd_rsp_evt.o [15]
    .rodata               const       0x3'f098     0x2c  cmd_rsp_evt.o [15]
    .rodata               const       0x3'f0c4     0x2c  cmd_rsp_evt.o [15]
    .rodata               const       0x3'f0f0     0x28  cmd_rsp_evt.o [15]
    .rodata               const       0x3'f118     0x2c  cmd_rsp_evt.o [15]
    .rodata               const       0x3'f144     0x2c  cmd_rsp_evt.o [15]
    .rodata               const       0x3'f170     0x24  cmd_rsp_evt.o [15]
    .rodata               const       0x3'f194     0x30  cmd_rsp_evt.o [15]
    .rodata               const       0x3'f1c4     0x28  cmd_rsp_evt.o [15]
    .rodata               const       0x3'f1ec     0x28  cmd_rsp_evt.o [15]
    .rodata               const       0x3'f214     0x30  cmd_rsp_evt.o [15]
    .rodata               const       0x3'f244     0x20  cmd_rsp_evt.o [15]
    .rodata               const       0x3'f264     0x24  cmd_rsp_evt.o [15]
    .rodata               const       0x3'f288     0x24  cmd_rsp_evt.o [15]
    .rodata               const       0x3'f2ac     0x24  cmd_rsp_evt.o [15]
    .rodata               const       0x3'f2d0     0x24  cmd_rsp_evt.o [15]
    .rodata               const       0x3'f2f4     0x28  cmd_rsp_evt.o [15]
    .rodata               const       0x3'f31c     0x24  cmd_rsp_evt.o [15]
    .rodata               const       0x3'f340     0x14  cmd_rsp_evt.o [15]
    .rodata               const       0x3'f354     0x1c  cmd_rsp_evt.o [15]
    .rodata               const       0x3'f370     0x1c  cmd_rsp_evt.o [15]
    .rodata               const       0x3'f38c     0x24  cmd_rsp_evt.o [15]
    .rodata               const       0x3'f3b0     0x2c  cmd_rsp_evt.o [15]
    .rodata               const       0x3'f3dc     0x2c  cmd_rsp_evt.o [15]
    .rodata               const       0x3'f408     0x20  cmd_rsp_evt.o [15]
    .rodata               const       0x3'f428     0x34  cmd_rsp_evt.o [15]
    .rodata               const       0x3'f45c     0x34  cmd_rsp_evt.o [15]
    .rodata               const       0x3'f490     0x34  cmd_rsp_evt.o [15]
    .rodata               const       0x3'f4c4     0x34  cmd_rsp_evt.o [15]
    .rodata               const       0x3'f4f8     0x34  cmd_rsp_evt.o [15]
    .rodata               const       0x3'f52c     0x28  cmd_rsp_evt.o [15]
    .rodata               const       0x3'f554     0x2c  cmd_rsp_evt.o [15]
    .rodata               const       0x3'f580     0x28  cmd_rsp_evt.o [15]
    .rodata               const       0x3'f5a8     0x28  cmd_rsp_evt.o [15]
    .rodata               const       0x3'f5d0     0x28  cmd_rsp_evt.o [15]
    .rodata               const       0x3'f5f8     0x20  cmd_rsp_evt.o [15]
    .rodata               const       0x3'f618     0x28  cmd_rsp_evt.o [15]
    .rodata               const       0x3'f640     0x28  cmd_rsp_evt.o [15]
    .rodata               const       0x3'f668     0x20  cmd_rsp_evt.o [15]
    .rodata               const       0x3'f688     0x1c  cmd_rsp_evt.o [15]
    .rodata               const       0x3'f6a4     0x20  cmd_rsp_evt.o [15]
    .rodata               const       0x3'f6c4      0x8  cmd_rsp_evt.o [15]
    .rodata               const       0x3'f6cc     0x18  cmd_rsp_evt.o [15]
    .rodata               const       0x3'f6e4     0x10  com_port.o [15]
    .rodata               const       0x3'f6f4     0x1c  com_port.o [15]
    .rodata               const       0x3'f710      0xc  global.o [15]
    .rodata               const       0x3'f71c     0x10  global.o [15]
    .rodata               const       0x3'f72c     0x2c  global.o [15]
    .rodata               const       0x3'f758     0x14  mesh_event.o [15]
    .rodata               const       0x3'f76c     0x1c  mesh_event.o [15]
    .rodata               const       0x3'f788     0x18  mesh_event.o [15]
    .rodata               const       0x3'f7a0     0x2c  mesh_event.o [15]
    .rodata               const       0x3'f7cc      0xc  mesh_event.o [15]
    .rodata               const       0x3'f7d8      0x8  mesh_event.o [15]
    .rodata               const       0x3'f7e0     0x18  mesh_event.o [15]
    .rodata               const       0x3'f7f8     0x10  mesh_event.o [15]
    .rodata               const       0x3'f808     0x14  mesh_event.o [15]
    .rodata               const       0x3'f81c      0xc  mesh_event.o [15]
    .rodata               const       0x3'f828     0x1c  mesh_event.o [15]
    .rodata               const       0x3'f844     0x10  mesh_event.o [15]
    .rodata               const       0x3'f854     0x14  mesh_event.o [15]
    .rodata               const       0x3'f868     0x34  mesh_event.o [15]
    .rodata               const       0x3'f89c     0x1c  mesh_event.o [15]
    .rodata               const       0x3'f8b8     0x20  mesh_event.o [15]
    .rodata               const       0x3'f8d8      0xc  mesh_event.o [15]
    .rodata               const       0x3'f8e4     0x20  mesh_event.o [15]
    .rodata               const       0x3'f904     0x14  mesh_event.o [15]
    .rodata               const       0x3'f918     0x14  mesh_event.o [15]
    .rodata               const       0x3'f92c     0x14  mesh_event.o [15]
    .rodata               const       0x3'f940     0x18  mesh_event.o [15]
    .rodata               const       0x3'f958     0x1c  mesh_event.o [15]
    .rodata               const       0x3'f974     0x14  mesh_event.o [15]
    .rodata               const       0x3'f988     0x1c  mesh_event.o [15]
    .rodata               const       0x3'f9a4     0x14  mesh_event.o [15]
    .rodata               const       0x3'f9b8     0x14  mesh_event.o [15]
    .rodata               const       0x3'f9cc     0x1c  mesh_event.o [15]
    .rodata               const       0x3'f9e8     0x14  mesh_event.o [15]
    .rodata               const       0x3'f9fc     0x14  mesh_event.o [15]
    .rodata               const       0x3'fa10     0x10  mesh_event.o [15]
    .rodata               const       0x3'fa20     0x18  mesh_event.o [15]
    .rodata               const       0x3'fa38     0x1c  mesh_event.o [15]
    .rodata               const       0x3'fa54     0x1c  mesh_event.o [15]
    .rodata               const       0x3'fa70     0x18  mesh_event.o [15]
    .rodata               const       0x3'fa88     0x2c  mesh_event.o [15]
    .rodata               const       0x3'fab4     0x1c  mesh_event.o [15]
    .rodata               const       0x3'fad0     0x14  mesh_event.o [15]
    .rodata               const       0x3'fae4     0x10  mesh_event.o [15]
    .rodata               const       0x3'faf4     0x10  mesh_event.o [15]
    .rodata               const       0x3'fb04     0x18  mesh_event.o [15]
    .rodata               const       0x3'fb1c     0x24  mesh_event.o [15]
    .rodata               const       0x3'fb40     0x2c  mesh_event.o [15]
    .rodata               const       0x3'fb6c     0x18  mesh_event.o [15]
    .rodata               const       0x3'fb84     0x10  mesh_event.o [15]
    .rodata               const       0x3'fb94      0xc  mesh_event.o [15]
    .rodata               const       0x3'fba0      0xc  mesh_event.o [15]
    .rodata               const       0x3'fbac     0x18  mesh_event.o [15]
    .rodata               const       0x3'fbc4     0x24  mesh_event.o [15]
    .rodata               const       0x3'fbe8     0x24  mesh_event.o [15]
    .rodata               const       0x3'fc0c     0x24  mesh_event.o [15]
    .rodata               const       0x3'fc30     0x24  mesh_event.o [15]
    .rodata               const       0x3'fc54     0x10  mesh_event.o [15]
    .rodata               const       0x3'fc64     0x14  mesh_event.o [15]
    .rodata               const       0x3'fc78      0xc  mod_bus.o [15]
    .rodata               const       0x3'fc84     0x1c  mod_bus.o [15]
    .rodata               const       0x3'fca0     0x14  modbus_to_mesh.o [15]
    .rodata               const       0x3'fcb4     0x1c  modbus_to_mesh.o [15]
    .rodata               const       0x3'fcd0     0x14  modbus_to_mesh.o [15]
    .rodata               const       0x3'fce4     0x14  modbus_to_mesh.o [15]
    .rodata               const       0x3'fcf8      0x8  modbus_to_mesh.o [15]
    .rodata               const       0x3'fd00     0x2c  modbus_to_mesh.o [15]
    .rodata               const       0x3'fd2c     0x14  modbus_to_mesh.o [15]
    .rodata               const       0x3'fd40     0x14  modbus_to_mesh.o [15]
    .rodata               const       0x3'fd54     0x14  modbus_to_mesh.o [15]
    .rodata               const       0x3'fd68     0x34  modbus_to_mesh.o [15]
    .rodata               const       0x3'fd9c     0x20  modbus_to_mesh.o [15]
    .rodata               const       0x3'fdbc     0x18  modbus_to_mesh.o [15]
    .rodata               const       0x3'fdd4     0x20  modbus_to_mesh.o [15]
    .rodata               const       0x3'fdf4     0x18  modbus_to_mesh.o [15]
    .rodata               const       0x3'fe0c     0x2c  modbus_to_mesh.o [15]
    .rodata               const       0x3'fe38     0x1c  modbus_to_mesh.o [15]
    .rodata               const       0x3'fe54     0x14  modbus_to_mesh.o [15]
    .rodata               const       0x3'fe68     0x24  modbus_to_mesh.o [15]
    .rodata               const       0x3'fe8c     0x18  modbus_to_mesh.o [15]
    .rodata               const       0x3'fea4     0x14  modbus_to_mesh.o [15]
    .rodata               const       0x3'feb8     0x1c  modbus_to_mesh.o [15]
    .rodata               const       0x3'fed4     0x1c  modbus_to_mesh.o [15]
    .rodata               const       0x3'fef0     0x14  modbus_to_mesh.o [15]
    .rodata               const       0x3'ff04     0x14  modbus_to_mesh.o [15]
    .rodata               const       0x3'ff18     0x14  modbus_to_mesh.o [15]
    .rodata               const       0x3'ff2c     0x1c  modbus_to_mesh.o [15]
    .rodata               const       0x3'ff48     0x18  modbus_to_mesh.o [15]
    .rodata               const       0x3'ff60     0x1c  modbus_to_mesh.o [15]
    .rodata               const       0x3'ff7c     0x1c  modbus_to_mesh.o [15]
    .rodata               const       0x3'ff98     0x18  modbus_to_mesh.o [15]
    .rodata               const       0x3'ffb0     0x10  node_data.o [15]
    .rodata               const       0x3'ffc0     0x1c  node_data.o [15]
    .rodata               const       0x3'ffdc     0x14  water_level_mesh.o [15]
    .rodata               const       0x3'fff0     0x1c  water_level_mesh.o [15]
    .rodata               const       0x4'000c     0x28  em_cmu.o [11]
    .rodata               const       0x4'0034     0x48  em_rmu.o [11]
    .rodata               const       0x4'007c     0x18  spidrv.o [10]
    .rodata               const       0x4'0094     0x10  dmadrv.o [6]
    .rodata               const       0x4'00a4     0x10  dmadrv.o [6]
    .rodata               const       0x4'00b4      0x4  dmadrv.o [6]
    .rodata               const       0x4'00b8     0x18  mx25flash_spi.o [3]
    .rodata               const       0x4'00d0     0x1c  retargetserial.o [3]
    .rodata               const       0x4'00ec      0x8  app.o [1]
    .rodata               const       0x4'00f4     0x14  app.o [1]
    .rodata               const       0x4'0108     0x14  app.o [1]
    .rodata               const       0x4'011c     0x18  dcd.o [1]
    .rodata               const       0x4'0134      0x4  dcd.o [1]
    .rodata               const       0x4'0138     0x1c  dcd.o [1]
    .rodata               const       0x4'0154      0x8  display_interface.o [1]
    .rodata               const       0x4'015c     0x10  init_mcu.o [1]
    .rodata               const       0x4'016c      0xc  init_mcu.o [1]
    .rodata               const       0x4'0178      0x4  init_mcu.o [1]
    .rodata               const       0x4'017c     0x14  init_mcu.o [1]
    .rodata               const       0x4'0190      0x8  main.o [1]
    .rodata               const       0x4'0198     0x18  people_count_sensor.o [1]
    .rodata               const       0x4'01b0     0x14  people_count_sensor.o [1]
    .rodata               const       0x4'01c4     0x14  pti.o [1]
    .rodata               const       0x4'01d8     0x18  sensor_client.o [1]
    .rodata               const       0x4'01f0     0x1c  sensor_client.o [1]
    .rodata               const       0x4'020c     0x14  sensor_client.o [1]
    .rodata               const       0x4'0220     0x18  sensor_client.o [1]
    .rodata               const       0x4'0238      0x8  sensor_client.o [1]
    .rodata               const       0x4'0240     0x20  sensor_client.o [1]
    .rodata               const       0x4'0260     0x18  sensor_client.o [1]
    .rodata               const       0x4'0278     0x1c  sensor_client.o [1]
    .rodata               const       0x4'0294     0x1c  sensor_client.o [1]
    .rodata               const       0x4'02b0     0x20  sensor_client.o [1]
    .rodata               const       0x4'02d0     0x14  sensor_client.o [1]
    .rodata               const       0x4'02e4      0xc  sensor_client.o [1]
    .rodata               const       0x4'02f0     0x14  sensor_client.o [1]
    .rodata               const       0x4'0304     0x14  sensor_client.o [1]
    .rodata               const       0x4'0318     0x1c  sensor_client.o [1]
    .rodata               const       0x4'0334     0x14  sensor_client.o [1]
    .rodata               const       0x4'0348     0x20  sensor_client.o [1]
    .rodata               const       0x4'0368     0x14  sensor_client.o [1]
    .rodata               const       0x4'037c     0x2c  sensor_client.o [1]
    .rodata               const       0x4'03a8     0x14  sensor_client.o [1]
    .rodata               const       0x4'03bc     0x1c  sensor_client.o [1]
    .rodata               const       0x4'03d8      0xc  sensor_client.o [1]
    .rodata               const       0x4'03e4     0x18  sensor_client.o [1]
    .rodata               const       0x4'03fc     0x18  sensor_client.o [1]
    .rodata               const       0x4'0414     0x28  sensor_client.o [1]
    .rodata               const       0x4'043c     0x18  sensor_client.o [1]
    .rodata               const       0x4'0454     0x18  sensor_client.o [1]
    .rodata               const       0x4'046c     0x18  sensor_client.o [1]
    .rodata               const       0x4'0484     0x14  sensor_client.o [1]
    .rodata               const       0x4'0498     0x34  sensor_client.o [1]
    .rodata               const       0x4'04cc     0x1c  sensor_client.o [1]
    .rodata               const       0x4'04e8      0xc  sensor_client.o [1]
    .rodata               const       0x4'04f4      0xc  sensor_client.o [1]
    .rodata               const       0x4'0500     0x14  sensor_client.o [1]
    .rodata               const       0x4'0514     0x18  sensor_client.o [1]
    .rodata               const       0x4'052c     0x18  sensor_client.o [1]
    .rodata               const       0x4'0544     0x14  sensor_client.o [1]
    .rodata               const       0x4'0558     0x1c  sensor_client.o [1]
    .rodata               const       0x4'0574     0x1c  sensor_client.o [1]
    .rodata               const       0x4'0590     0x1c  sensor_client.o [1]
    .rodata               const       0x4'05ac     0x10  sensor_client.o [1]
    .rodata               const       0x4'05bc     0x10  sensor_client.o [1]
    .rodata               const       0x4'05cc     0x14  sensor_client.o [1]
    .rodata               const       0x4'05e0     0x14  sensor_client.o [1]
    .rodata               const       0x4'05f4     0x10  sensor_client.o [1]
    .rodata               const       0x4'0604     0x14  sensor_client.o [1]
    .rodata               const       0x4'0618     0x14  sensor_client.o [1]
    .rodata               const       0x4'062c     0x14  sensor_client.o [1]
    .rodata               const       0x4'0640     0x18  sensor_client.o [1]
    .rodata               const       0x4'0658     0x20  sensor_client.o [1]
    .rodata               const       0x4'0678     0x18  sensor_client.o [1]
    .rodata               const       0x4'0690     0x14  sensor_client.o [1]
    .rodata               const       0x4'06a4      0x8  sensor_server.o [1]
    .rodata               const       0x4'06ac     0x18  sensor_server.o [1]
    .rodata               const       0x4'06c4     0x20  sensor_server.o [1]
    .rodata               const       0x4'06e4     0x20  sensor_server.o [1]
    .rodata               const       0x4'0704     0x24  sensor_server.o [1]
    .rodata               const       0x4'0728     0x24  sensor_server.o [1]
    .rodata               const       0x4'074c     0x28  sensor_server.o [1]
    .rodata               const       0x4'0774     0x24  sensor_server.o [1]
    .rodata               const       0x4'0798     0x18  sensor_server.o [1]
    .rodata               const       0x4'07b0     0x1c  sensor_server.o [1]
    .rodata               const       0x4'07cc     0x1c  sensor_server.o [1]
    .rodata               const       0x4'07e8     0x14  sensor_server.o [1]
    .rodata               const       0x4'07fc     0x20  sensor_server.o [1]
    .rodata               const       0x4'081c      0xc  sensor_server.o [1]
    .rodata               const       0x4'0828     0x18  sensor_server.o [1]
    .rodata               const       0x4'0840     0x14  sensor_server.o [1]
    .rodata               const       0x4'0854     0x14  sensor_server.o [1]
    .rodata               const       0x4'0868     0x14  sensor_server.o [1]
    .rodata               const       0x4'087c     0x14  sensor_server.o [1]
    .rodata               const       0x4'0890     0x10  sensor_server.o [1]
    .rodata               const       0x4'08a0     0x14  sensor_server.o [1]
    .rodata               const       0x4'08b4     0x10  sensor_server.o [1]
    .rodata               const       0x4'08c4     0x10  sensor_server.o [1]
    .rodata               const       0x4'08d4     0x10  sensor_server.o [1]
    .rodata               const       0x4'08e4     0x10  sensor_server.o [1]
    .rodata               const       0x4'08f4     0x1c  sensor_server.o [1]
    .rodata               const       0x4'0910     0x14  sensor_server.o [1]
    .rodata               const       0x4'0924     0x14  sensor_server.o [1]
    .rodata               const       0x4'0938     0x10  sensor_server.o [1]
    .rodata               const       0x4'0948      0xc  sensor_server.o [1]
    .rodata               const       0x4'0954     0x10  sensor_server.o [1]
    .rodata               const       0x4'0964     0x2c  sensor_server.o [1]
    .rodata               const       0x4'0990     0x10  sensor_server.o [1]
    .rodata               const       0x4'09a0     0x1c  sensor_server.o [1]
    .rodata               const       0x4'09bc      0xc  sensor_server.o [1]
    .rodata               const       0x4'09c8     0x1c  sensor_server.o [1]
    .rodata               const       0x4'09e4     0x20  sensor_server.o [1]
    .rodata               const       0x4'0a04     0x20  sensor_server.o [1]
    .rodata               const       0x4'0a24     0x24  sensor_server.o [1]
    .rodata               const       0x4'0a48     0x20  sensor_server.o [1]
    .rodata               const       0x4'0a68     0x20  sensor_server.o [1]
    .rodata               const       0x4'0a88     0x64  sensor_server.o [1]
    .rodata               const       0x4'0aec     0x18  temperature_sensor.o [1]
    .rodata               const       0x4'0b04     0x10  temperature_sensor.o [1]
    .rodata               const       0x4'0b14      0xc  temperature_sensor.o [1]
    .rodata               const       0x4'0b20     0x64  s9d77bffa68857a4ab51a87ba6bfe34d9dfbe78e36eb465d5da9b4996c22c4ee1.obj [19]
    .rodata               const       0x4'0b84     0x20  rail_ble_rf_hal.o [22]
    .rodata               const       0x4'0ba4    0x160  rail_pa_curves.o [21]
    .rodata               const       0x4'0d04   0x1ac0  generic_efr32xg13_seq.o [22]
    .rodata               const       0x4'27c4    0x99c  rail_config.o [21]
    .rodata               const       0x4'3160    0x1f0  cipher_wrap.c.obj [19]
    .text                 ro code     0x4'3350    0x130  bus_i2c.o [16]
    .text                 ro code     0x4'3480     0x28  printf.o [18]
    .text                 ro code     0x4'34a8     0xc6  si7013.o [3]
    .text                 ro code     0x4'3570    0xdf2  xprintffull_nomb.o [18]
    .text                 ro code     0x4'4364     0x38  i2cspm.o [3]
    .text                 ro code     0x4'439c     0x16  strchr.o [24]
    .text                 ro code     0x4'43b4     0x40  xfail_s.o [18]
    .text                 ro code     0x4'43f4     0x58  memchr.o [24]
    .text                 ro code     0x4'444c    0x1a2  DblMul.o [23]
    .text                 ro code     0x4'45f0     0x70  frexp.o [23]
    .text                 ro code     0x4'4660     0x2e  DblCmpLe.o [23]
    .text                 ro code     0x4'4690     0x2e  DblCmpGe.o [23]
    .text                 ro code     0x4'46c0    0x13a  ldexp.o [23]
    .text                 ro code     0x4'47fc     0x3a  DblToS32.o [23]
    .text                 ro code     0x4'4838     0x22  S32ToDbl.o [23]
    .text                 ro code     0x4'485c     0xe2  DblSub.o [23]
    .text                 ro code     0x4'4940    0x246  DblDiv.o [23]
    .text                 ro code     0x4'4b88     0x28  DblToU32.o [23]
    .text                 ro code     0x4'4bb0     0x1a  U32ToDbl.o [23]
    .text                 ro code     0x4'4bcc    0x3bc  em_i2c.o [11]
    .text                 ro code     0x4'4f88    0x16a  DblAdd.o [23]
    .text                 ro code     0x4'50f4    0x1f8  bus_rs485.o [16]
    .text                 ro code     0x4'52ec    0x4dc  bus_usart.o [16]
    .text                 ro code     0x4'57c8    0x336  em_usart.o [11]
    .text                 ro code     0x4'5b00    0x9e4  ble_comm.o [15]
    .text                 ro code     0x4'64e4     0xe8  global.o [15]
    .text                 ro code     0x4'65cc    0x164  buttons.o [1]
    .text                 ro code     0x4'6730      0x2  graphics.o [1]
    .text                 ro code     0x4'6734    0xb50  sensor_client.o [1]
    .text                 ro code     0x4'7284    0x358  leds.o [1]
    .text                 ro code     0x4'75dc    0x2c8  MeshFeatures.o [15]
    .text                 ro code     0x4'78a4     0x1c  display_interface.o [1]
    .text                 ro code     0x4'78c0     0x44  snprintf.o [18]
    .text                 ro code     0x4'7904     0x28  udelay.o [3]
    .text                 ro code     0x4'792c    0x114  gpiointerrupt.o [7]
    .text                 ro code     0x4'7a40    0xbc0  mesh_sensor.o [14]
    .text                 ro code     0x4'8600    0x760  modbus_to_mesh.o [15]
    .text                 ro code     0x4'8d60     0x48  FltToDbl.o [23]
    .text                 ro code     0x4'8da8    0x2dc  bus_spi.o [16]
    .text                 ro code     0x4'9084     0x4c  com_port.o [15]
    .text                 ro code     0x4'90d0   0x245e  spidrv.o [10]
    .text                 ro code     0x4'b530     0x20  mod_bus.o [15]
    .text                 ro code     0x4'b550      0x2  jnc_cmd.o [15]
    .text                 ro code     0x4'b554    0x59c  rtcdriver.o [8]
    .text                 ro code     0x4'baf0    0x3b4  dmadrv.o [6]
    .text                 ro code     0x4'bea4     0x7c  em_core.o [11]
    .text                 ro code     0x4'bf20     0xcc  em_rtcc.o [11]
    .text                 ro code     0x4'bfec    0x274  em_ldma.o [11]
    .text                 ro code     0x4'c260     0x84  device_bus.o [16]
    .text                 ro code     0x4'c2e4     0xd0  water_level_mesh.o [15]
    .text                 ro code     0x4'c3b4    0x172  AD7147.o [15]
    .text                 ro code     0x4'c528    0x540  ble_event.o [15]
    .text                 ro code     0x4'ca68     0x4c  cmd_rsp_evt.o [15]
    .text                 ro code     0x4'cab4    0x594  mesh_event.o [15]
    .text                 ro code     0x4'd048    0xa20  sensor_server.o [1]
    .text                 ro code     0x4'da68     0x60  people_count_sensor.o [1]
    .text                 ro code     0x4'dac8     0xd2  temperature_sensor.o [1]
    .text                 ro code     0x4'db9c     0x20  node_data.o [15]
    .text                 ro code     0x4'dbbc    0x330  mx25flash_spi.o [3]
    .text                 ro code     0x4'deec    0x1a0  retargetserial.o [3]
    .text                 ro code     0x4'e08c    0x14c  app.o [1]
    .text                 ro code     0x4'e1d8     0x16  gecko_bgapi_dfu.c.obj [19]
    .text                 ro code     0x4'e1f0     0x16  gecko_bgapi_system.c.obj [19]
    .text                 ro code     0x4'e208     0x16  gecko_bgapi_gap.c.obj [19]
    .text                 ro code     0x4'e220     0x16  gecko_bgapi_le_connection.c.obj [19]
    .text                 ro code     0x4'e238     0x16  gecko_bgapi_gatt_server.c.obj [19]
    .text                 ro code     0x4'e250     0x16  gecko_bgapi_hardware.c.obj [19]
    .text                 ro code     0x4'e268     0x16  gecko_bgapi_flash.c.obj [19]
    .text                 ro code     0x4'e280     0x16  gecko_bgapi_test.c.obj [19]
    .text                 ro code     0x4'e298     0x16  s322b1606b8206cffbbcad822a9a5b93e9cba7a71c814bc4325e2b21e3c1bcc92.obj [19]
    .text                 ro code     0x4'e2b0     0x16  sbd59114ce818c5f72f47f9c50860baed3b01c61001d906ed64f1bab675e7a982.obj [19]
    .text                 ro code     0x4'e2c8     0x16  sd720b6c1d0ac5932265b79c9318bc11f3d1f923c1d8a96eb28bf43d148368083.obj [19]
    .text                 ro code     0x4'e2e0     0x16  sf05aa2f04a839b13b2ff59a3d8a8a47662c8dab5c0a06969de510e7b2c59b01d.obj [19]
    .text                 ro code     0x4'e2f8     0x16  se13567c70f6870765b08cf2b0f3e55786813c2f0e3ebcc802cff02e53f5aa110.obj [19]
    .text                 ro code     0x4'e310     0x16  s862ab565520118f341080d717fb697cee1d2588dc2321d0bd7690087dce2ec74.obj [19]
    .text                 ro code     0x4'e328     0x16  s41c878d354f73f6b3ddcc6b2ddd79461947ee1b6fce34f66d8210f469a3164cb.obj [19]
    .text                 ro code     0x4'e340     0x16  sdf8919fa512a6eb0cd06d95f2ee0a7ce21ba7b34dbe21fcecdb826d5cd90169b.obj [19]
    .text                 ro code     0x4'e358      0x2  bgapi_dfu.c.obj [19]
    .text                 ro code     0x4'e35c    0x130  bgapi_system.c.obj [19]
    .text                 ro code     0x4'e48c    0x1e4  bgapi_gap.c.obj [19]
    .text                 ro code     0x4'e670     0x4c  bgapi_le_connection.c.obj [19]
    .text                 ro code     0x4'e6bc     0xbc  bgapi_gatt_lib.c.obj [19]
    .text                 ro code     0x4'e778    0x130  bgapi_hardware.c.obj [19]
    .text                 ro code     0x4'e8a8     0x40  bgapi_ps.c.obj [19]
    .text                 ro code     0x4'e8e8     0x90  bgapi_test_lib.c.obj [19]
    .text                 ro code     0x4'e978     0x28  swreset.c.obj [19]
    .text                 ro code     0x4'e9a0      0x6  gap_periodic_adv-stubs.c.obj [19]
    .text                 ro code     0x4'e9a8    0x1f4  init_board.o [1]
    .text                 ro code     0x4'eb9c    0x1d0  init_mcu.o [1]
    .text                 ro code     0x4'ed6c     0x28  main.o [1]
    .text                 ro code     0x4'ed94     0x14  init_app.o [1]
[...]
sli_bt_cmd_flash_ps_erase_all
                           0x4'e8ab    0x22  Code  Gb  bgapi_ps.c.obj [19]
sli_bt_cmd_gatt_server_send_characteristic_notification
                           0x4'e721     0x4  Code  Gb  bgapi_gatt_lib.c.obj [19]
sli_bt_cmd_gatt_server_send_user_write_response
                           0x4'e709    0x18  Code  Gb  bgapi_gatt_lib.c.obj [19]
sli_bt_cmd_gatt_server_write_attribute_value
                           0x4'e6ed    0x1c  Code  Gb  bgapi_gatt_lib.c.obj [19]
sli_bt_cmd_handler_delegate
                           0x1'f765    0x62  Code  Gb  gecko_endpoints.c.obj [19]
sli_bt_cmd_hardware_set_soft_timer
                           0x4'e86d    0x18  Code  Gb  bgapi_hardware.c.obj [19]
sli_bt_cmd_le_connection_close
                           0x4'e6a3    0x12  Code  Gb  bgapi_le_connection.c.obj [19]
sli_bt_cmd_le_gap_bt5_set_adv_data
                           0x4'e4eb    0x1c  Code  Gb  bgapi_gap.c.obj [19]
sli_bt_cmd_le_gap_end_procedure
                           0x4'e507    0x14  Code  Gb  bgapi_gap.c.obj [19]
sli_bt_cmd_le_gap_set_advertise_channel_map
                           0x4'e54d    0x12  Code  Gb  bgapi_gap.c.obj [19]
sli_bt_cmd_le_gap_set_advertise_configuration
                           0x4'e579    0x2e  Code  Gb  bgapi_gap.c.obj [19]
sli_bt_cmd_le_gap_set_advertise_report_scan_request
                           0x4'e55f    0x12  Code  Gb  bgapi_gap.c.obj [19]
sli_bt_cmd_le_gap_set_advertise_timing
                           0x4'e51b    0x26  Code  Gb  bgapi_gap.c.obj [19]
sli_bt_cmd_le_gap_set_discovery_timing
                           0x4'e5e7    0x1a  Code  Gb  bgapi_gap.c.obj [19]
sli_bt_cmd_le_gap_set_discovery_type
                           0x4'e607    0x12  Code  Gb  bgapi_gap.c.obj [19]
sli_bt_cmd_le_gap_start_advertising
                           0x4'e5b9    0x1c  Code  Gb  bgapi_gap.c.obj [19]
sli_bt_cmd_le_gap_start_discovery
                           0x4'e619    0x12  Code  Gb  bgapi_gap.c.obj [19]
sli_bt_cmd_le_gap_stop_advertising
                           0x4'e5d5    0x12  Code  Gb  bgapi_gap.c.obj [19]
sli_bt_cmd_mesh_lpn_config
                           0x4'ee65    0x8e  Code  Gb  s501ae486d4ef3c558488c50b0146c09f87c41cc796372bee302ed581c8a1df4d.obj [19]
sli_bt_cmd_mesh_lpn_deinit
                           0x4'ee33    0x20  Code  Gb  s501ae486d4ef3c558488c50b0146c09f87c41cc796372bee302ed581c8a1df4d.obj [19]
sli_bt_cmd_mesh_lpn_init
                           0x4'ee21    0x12  Code  Gb  s501ae486d4ef3c558488c50b0146c09f87c41cc796372bee302ed581c8a1df4d.obj [19]
sli_bt_cmd_mesh_node_init
                           0x1'2a03    0x48  Code  Gb  s2c6b58c26d8b413de39436a1066f5d3c37705ebfff84b37c68db1122fdd01223.obj [19]
sli_bt_cmd_mesh_node_start_unprov_beaconing
                           0x1'2a91    0x26  Code  Gb  s2c6b58c26d8b413de39436a1066f5d3c37705ebfff84b37c68db1122fdd01223.obj [19]
sli_bt_cmd_mesh_sensor_client_get
                           0x4'f0c1    0x22  Code  Gb  s601215358dcfb0acb337773798f1835ed9f6ccffb7914967dded56b6342bb3c8.obj [19]
sli_bt_cmd_mesh_sensor_client_get_column
                           0x4'f0e3    0x22  Code  Gb  s601215358dcfb0acb337773798f1835ed9f6ccffb7914967dded56b6342bb3c8.obj [19]
sli_bt_cmd_mesh_sensor_client_get_descriptor
                           0x4'f09f    0x22  Code  Gb  s601215358dcfb0acb337773798f1835ed9f6ccffb7914967dded56b6342bb3c8.obj [19]
sli_bt_cmd_mesh_sensor_client_init
                           0x4'f07b    0x12  Code  Gb  s601215358dcfb0acb337773798f1835ed9f6ccffb7914967dded56b6342bb3c8.obj [19]
sli_bt_cmd_mesh_sensor_server_init
                           0x4'f827    0x28  Code  Gb  s6ce02aa95ecb81edf5dee32e23f45598b6f5066a5d946d63c9faaed67114b6d4.obj [19]
sli_bt_cmd_mesh_sensor_server_send_column_status
                           0x4'f899    0x1e  Code  Gb  s6ce02aa95ecb81edf5dee32e23f45598b6f5066a5d946d63c9faaed67114b6d4.obj [19]
sli_bt_cmd_mesh_sensor_server_send_series_status
                           0x4'f8cb    0x1c  Code  Gb  s6ce02aa95ecb81edf5dee32e23f45598b6f5066a5d946d63c9faaed67114b6d4.obj [19]
sli_bt_cmd_mesh_sensor_server_send_status
                           0x4'f87b    0x1e  Code  Gb  s6ce02aa95ecb81edf5dee32e23f45598b6f5066a5d946d63c9faaed67114b6d4.obj [19]
sli_bt_cmd_mesh_sensor_setup_server_send_cadence_status
                           0x4'f8f7    0x1e  Code  Gb  s6ce02aa95ecb81edf5dee32e23f45598b6f5066a5d946d63c9faaed67114b6d4.obj [19]
sli_bt_cmd_mesh_sensor_setup_server_send_setting_status
                           0x4'f94b    0x32  Code  Gb  s6ce02aa95ecb81edf5dee32e23f45598b6f5066a5d946d63c9faaed67114b6d4.obj [19]
sli_bt_cmd_mesh_sensor_setup_server_send_settings_status
                           0x4'f92d    0x1e  Code  Gb  s6ce02aa95ecb81edf5dee32e23f45598b6f5066a5d946d63c9faaed67114b6d4.obj [19]
sli_bt_cmd_mesh_test_set_local_config
                           0x1'2af5    0x72  Code  Gb  s2c6b58c26d8b413de39436a1066f5d3c37705ebfff84b37c68db1122fdd01223.obj [19]
sli_bt_cmd_system_get_bt_address
                           0x4'e3e7    0x32  Code  Gb  bgapi_system.c.obj [19]
sli_bt_cmd_system_halt     0x4'e42b    0x16  Code  Gb  bgapi_system.c.obj [19]
sli_bt_cmd_system_reset
                           0x4'e455     0x6  Code  Gb  bgapi_system.c.obj [19]
sli_bt_cmd_system_set_tx_power
                           0x4'e441    0x14  Code  Gb  bgapi_system.c.obj [19]
sm                      0x2000'e3d0     0x8  Data  Lc  sm.c.obj [19]
sm_acl_init                0x2'4f6d     0x4  Code  Gb  sm.c.obj [19]
sm_ah                      0x2'4f61     0x4  Code  Gb  sm.c.obj [19]
sm_bonded_connections_only
                           0x2'4efd     0xa  Code  Gb  sm.c.obj [19]
sm_encryption_state_changed
                           0x2'4f07    0x24  Code  Gb  sm.c.obj [19]
sm_generate_private_address
                           0x2'4f5d     0x4  Code  Gb  sm.c.obj [19]
sm_l2cap_handle            0x2'4f69     0x4  Code  Gb  sm.c.obj [19]
sm_pairing_failed          0x2'4f2b    0x24  Code  Gb  sm.c.obj [19]
smp                     0x2000'e980   0x134  Data  Gb  smp.c.obj [19]
smp_acl_init               0x2'c6d1    0x72  Code  Gb  smp.c.obj [19]
smp_ah                     0x2'c619    0x40  Code  Gb  smp.c.obj [19]
smp_alloc_bgbuf            0x2'c659    0x18  Code  Lc  smp.c.obj [19]
smp_e                      0x2'c5c1    0x50  Code  Lc  smp.c.obj [19]
smp_generate_private_address
                           0x2'c677    0x48  Code  Gb  smp.c.obj [19]
smp_get_random_data        0x2'c5b5     0xc  Code  Lc  smp.c.obj [19]
smp_l2cap_handle           0x2'c761    0x30  Code  Gb  smp.c.obj [19]
smp_listener               0x2'c743    0x1c  Code  Gb  smp.c.obj [19]
smp_ltk_request            0x2'c6bf    0x12  Code  Gb  smp.c.obj [19]
smp_ltk_request_handle_func
                        0x2000'eac0     0x4  Data  Lc  smp.c.obj [19]
smp_packet_handle_func  0x2000'eab8     0x4  Data  Lc  smp.c.obj [19]
smp_sender              0x2000'eab4     0x4  Data  Lc  smp.c.obj [19]
smp_state_handle_func   0x2000'eabc     0x4  Data  Lc  smp.c.obj [19]
snd_queue               0x2000'95e8   0x230  Data  Lc  s712dc481feac1f899b6b259c07e951b6aaa4b405fee35629dc921857badbeb39.obj [19]
snprintf                   0x4'78c1    0x44  Code  Gb  snprintf.o [18]
spidrvIsInitialized     0x2000'eda9     0x1  Data  Lc  spidrv.o [10]
stack_update_callback   0x2000'dbc0     0x4  Data  Gb  bglib.c.obj [19]
startTimerNestingLevel  0x2000'9f70     0x4  Data  Lc  rtcdriver.o [8]
state_listeners            0x2'5a58     0xc  Data  Lc  hci.c.obj [19]
store_defrag               0x1'da09    0xac  Code  Gb  store.c.obj [20]
store_delete               0x1'd753    0x8c  Code  Gb  store.c.obj [20]
store_read                 0x1'd9d7    0x32  Code  Gb  store.c.obj [20]
store_write                0x1'd801   0x1b4  Code  Gb  store.c.obj [20]
strchr                     0x4'439d          Code  Gb  strchr.o [24]
strlen                     0x1'75e5          Code  Gb  strlen.o [24]
sub_sharing             0x2000'8818   0x108  Data  Gb  s99ae89bd29aefba5658fd696be8bd8d89a8f2e06e9583311c84b453a1a5471a1.obj [19]
support_robust_caching     0x3'3869     0x2  Code  Gb  gatt_caching.c.obj [19]
sw_reset                   0x4'e979    0x20  Code  Gb  swreset.c.obj [19]
swap_endianess             0x2'7811    0x18  Code  Gb  bg_util_aes.c.obj [19]
swapl                      0x1'0285    0x1a  Code  Lc  sf4ea520e33c2874fd6d8b7fc5346b12a6a5eddcade8b73a528cf5165b5efe947.obj [19]
swapl                      0x1'ac91    0x1a  Code  Lc  sfae00fd7138fa8cc534f4e9616203717bacf76f67845700be073d1c0b32cecb3.obj [19]
syncReg                    0x2'b9f1    0x16  Code  Lc  em_cmu.o [11]
sys_alloc                  0x1'c339   0x164  Code  Lc  dlmalloc.o [18]
sys_trim                   0x1'c49d    0x64  Code  Lc  dlmalloc.o [18]
system_max_tx_power     0x2000'ed88     0x2  Data  Lc  ubt.c.obj [19]
task_fail                  0x3'4cc7     0x8  Code  Lc  scheduler.c.obj [19]
temperature             0x2000'8dfd     0x1  Data  Lc  temperature_sensor.o [1]
test_state              0x2000'e100     0x1  Data  Lc  bgapi_test_lib.c.obj [19]
testing_custom_rf_signal
                        0x2000'e101     0x1  Data  Lc  bgapi_test_lib.c.obj [19]
ticktime                0x2000'8fd8     0x8  Data  Lc  s2c4bb27b0014d212fc7e924ee5cf06d1b428037c6ed51abef78257a785353dee.obj [19]
timeoutPeriodTable         0x2'75a8    0x18  Data  Lc  sleep_efr32xg1x.c.obj [19]
timer                   0x2000'8f00    0xa0  Data  Lc  rtcdriver.o [8]
timer_get_counter          0x1'ee2d     0x6  Code  Gb  timer_hal.c.obj [19]
timer_get_time             0x1'edd5    0x28  Code  Gb  timer.c.obj [19]
timer_init                 0x1'edfd    0x22  Code  Gb  timer_hal.c.obj [19]
timer_overflow          0x2000'e0a4     0x4  Data  Gb  timer.c.obj [19]
timer_set_irq              0x1'ee57     0x8  Code  Gb  timer_hal.c.obj [19]
timer_set_wakeup           0x1'ee1f     0xe  Code  Gb  timer_hal.c.obj [19]
timers                  0x2000'e2e0     0x4  Data  Lc  s1cb6658b67d7031821096d086f3ad308c6757ec9382d18822d41f2b03a068c6f.obj [19]
timingConfig               0x2'85d8     0xc  Data  Lc  ll_radio.c.obj [19]
tmalloc_large              0x1'c50d   0x386  Code  Lc  dlmalloc.o [18]
tmalloc_small              0x1'c893   0x200  Code  Lc  dlmalloc.o [18]
toPhysChannel              0x2'7f35    0x28  Code  Lc  ll_radio.c.obj [19]
to_scanning_phy_index      0x1'e345     0xc  Code  Gb  gap.c.obj [19]
trans_state             0x2000'8738     0x4  Data  Gb  sc27ab56131d468853fcd75ad260225381b7cbe74ea335b26da0f9688b90a84e4.obj [19]
ubt_bt_alloc_mem           0x2'6ca7    0x2a  Code  Gb  ubt.c.obj [19]
ubt_callback            0x2000'dd24     0x4  Data  Gb  ubt.c.obj [19]
ubt_event_free             0x2'6da9    0x44  Code  Gb  ubt.c.obj [19]
ubt_gap_alloc_periodic_adv
                           0x2'7293     0x2  Code  Wk  gap_periodic_adv-stubs.c.obj [19]
ubt_gap_alloc_periodic_scan
                           0x2'7297     0x2  Code  Wk  gap_periodic_scan-stubs.c.obj [19]
ubt_gap_end_le_procedure
                           0x1'dfef    0x22  Code  Gb  gap.c.obj [19]
ubt_gap_get_identity_address
                           0x1'e325    0x10  Code  Gb  gap.c.obj [19]
ubt_gap_le_discover        0x2'493d    0x66  Code  Gb  gap_scan.c.obj [19]
ubt_gap_le_discover::discover_mapping
                           0x2'49b4     0x4  Data  Lc  gap_scan.c.obj [19]
ubt_gap_set_adv_data       0x2'5bd1    0x46  Code  Gb  gap_adv.c.obj [19]
ubt_gap_set_adv_parameter_validation_bypass
                           0x2'5c3d    0x22  Code  Gb  gap_adv.c.obj [19]
ubt_gap_set_le_mode        0x2'b319    0x68  Code  Gb  gap_deprecated.c.obj [19]
ubt_gap_set_periodic_advertising_data
                           0x4'e9a1     0x6  Code  Wk  gap_periodic_adv-stubs.c.obj [19]
ubt_gap_set_scan_parameters
                           0x2'48cd    0x42  Code  Gb  gap_scan.c.obj [19]
ubt_gap_set_scan_type      0x2'490f    0x2c  Code  Gb  gap_scan.c.obj [19]
ubt_gap_set_static_address_identity
                           0x1'e2cf    0x56  Code  Gb  gap.c.obj [19]
ubt_gatt_server_send_characteristic_notification
                           0x2'73f5    0x40  Code  Gb  ubt_gatt.c.obj [19]
ubt_gatt_server_send_user_write_response
                           0x2'73d7    0x1e  Code  Gb  ubt_gatt.c.obj [19]
ubt_gatt_server_set_capabilities
                           0x2'7435     0x6  Code  Gb  ubt_gatt.c.obj [19]
ubt_gatt_server_write_attribute_value
                           0x2'7395    0x3c  Code  Gb  ubt_gatt.c.obj [19]
ubt_gatt_set_gattdb        0x2'7391     0x4  Code  Gb  ubt_gatt.c.obj [19]
ubt_hal_halt_radio         0x2'6d01    0x10  Code  Gb  ubt.c.obj [19]
ubt_init                   0x2'6c85    0x22  Code  Gb  ubt.c.obj [19]
ubt_l2cap_coc_acl_free     0x2'c59d     0x2  Code  Wk  l2cap_coc-stubs.c.obj [19]
ubt_link_disconnect        0x2'6cf1    0x10  Code  Gb  ubt.c.obj [19]
ubt_message_add_handler
                           0x2'4e61    0x22  Code  Gb  ubt_message.c.obj [19]
ubt_message_call           0x2'4e43    0x1e  Code  Gb  ubt_message.c.obj [19]
ubt_message_create         0x2'4e91    0x34  Code  Gb  ubt_message.c.obj [19]
ubt_message_create_gap_adv_report
                           0x2'c561     0x6  Code  Gb  adv_report_msg.c.obj [19]
ubt_message_event_sender
                        0x2000'dd2c     0x1  Data  Lc  ubt_message.c.obj [19]
ubt_message_front_packet_extract
                           0x2'4d31    0x88  Code  Gb  ubt_message.c.obj [19]
ubt_message_get_gap_adv_report_header
                           0x2'c567     0x6  Code  Gb  adv_report_msg.c.obj [19]
ubt_message_get_header     0x2'4ec5    0x2e  Code  Gb  ubt_message.c.obj [19]
ubt_message_get_next_gap_adv_report
                           0x2'c56d    0x30  Code  Gb  adv_report_msg.c.obj [19]
ubt_message_handlers    0x2000'dd30    0x18  Data  Lc  ubt_message.c.obj [19]
ubt_message_init           0x2'4e25    0x1e  Code  Gb  ubt_message.c.obj [19]
ubt_message_process        0x2'4db9    0x6c  Code  Lc  ubt_message.c.obj [19]
ubt_message_queue          0x2'4cf3    0x2e  Code  Gb  ubt_message.c.obj [19]
ubt_pskey_delete_callback
                           0x1'dc73    0x18  Code  Gb  pskeys.c.obj [19]
ubt_pskey_read_callback
                           0x1'dc11     0xc  Code  Gb  pskeys.c.obj [19]
ubt_pskey_write_callback
                           0x1'dc03     0xe  Code  Gb  pskeys.c.obj [19]
ubt_run                    0x2'6cd1    0x20  Code  Gb  ubt.c.obj [19]
ubt_sm_delete_bonding      0x2'6e8f    0xf6  Code  Gb  bondingdb.c.obj [19]
ubt_sm_get_bond_data       0x2'7007    0x1a  Code  Gb  bondingdb.c.obj [19]
ubt_sm_get_bonds           0x2'6e89     0x6  Code  Gb  bondingdb.c.obj [19]
ubt_sm_set_bond_data       0x2'6f9d    0x1a  Code  Gb  bondingdb.c.obj [19]
uint16_from_buf            0x4'7aed     0xe  Code  Lc  mesh_sensor.o [14]
uint16_to_buf              0x4'7afb     0xc  Code  Lc  mesh_sensor.o [14]
uint24_from_buf            0x4'7b07    0x12  Code  Lc  mesh_sensor.o [14]
uint24_to_buf              0x4'7b19    0x10  Code  Lc  mesh_sensor.o [14]
uint32_from_buf            0x4'7b29    0x18  Code  Lc  mesh_sensor.o [14]
uint32_to_buf              0x4'7b41    0x16  Code  Lc  mesh_sensor.o [14]
uint8_from_buf             0x4'7acb     0x4  Code  Lc  mesh_sensor.o [14]
uint8_to_buf               0x4'7acf     0x4  Code  Lc  mesh_sensor.o [14]
usch                    0x2000'e5e4    0x10  Data  Gb  scheduler.c.obj [19]
usch_AddTask               0x3'4ccf     0x2  Code  Gb  scheduler.c.obj [19]
usch_GetCurrentTask        0x3'4e5f     0x6  Code  Gb  scheduler.c.obj [19]
usch_GetTimeCB             0x2'812b     0x4  Code  Gb  ll_radio.c.obj [19]
usch_Halt                  0x3'4db9    0x2c  Code  Gb  scheduler.c.obj [19]
usch_RefreshTask           0x3'4e65    0x32  Code  Gb  scheduler.c.obj [19]
usch_RemoveTask            0x3'4cd1    0x26  Code  Gb  scheduler.c.obj [19]
usch_Schedule              0x3'4de5    0x6c  Code  Gb  scheduler.c.obj [19]
usch_SchedulerIdleCB       0x2'8157    0x20  Code  Gb  ll_radio.c.obj [19]
usch_SendEvent             0x3'4e51     0xe  Code  Gb  scheduler.c.obj [19]
usch_SetWakeupCB           0x2'812f    0x28  Code  Gb  ll_radio.c.obj [19]
usch_Timer                 0x3'4e97    0x12  Code  Gb  scheduler.c.obj [19]
usch_TrySchedule           0x3'4cf7    0xc2  Code  Lc  scheduler.c.obj [19]
usch_currentTaskEnd        0x3'4c25     0x8  Code  Gb  scheduler.c.obj [19]
usch_currentTaskRemainingTime
                           0x3'4c2d    0x10  Code  Gb  scheduler.c.obj [19]
used_acls               0x2000'dd20     0x4  Data  Gb  acl.c.obj [19]
userCurrentLimitsSet       0x3'3fe7     0xe  Code  Lc  em_emu.o [11]
user_signal_message_handler
                           0x1'e85f    0x22  Code  Lc  bglib.c.obj [19]
user_signals            0x2000'dbbc     0x1  Data  Gb  bglib.c.obj [19]
uuid_copy                  0x2'b2d9    0x3c  Code  Gb  uuid.c.obj [19]
uuid_to_handle             0x2'b279    0x60  Code  Gb  uuid.c.obj [19]
vScaleAfterWakeup          0x3'3cd5    0x24  Code  Lc  em_emu.o [11]
vScaleDownEM23Setup        0x3'3ca3    0x32  Code  Lc  em_emu.o [11]
vScaleEM01Cmd              0x3'3b71     0xc  Code  Lc  em_emu.o [11]
vScaleEM01Config        0x2000'eda6     0x1  Data  Lc  em_emu.o [11]
validate_adv_data          0x2'5aef    0x5a  Code  Lc  gap_adv.c.obj [19]
validate_scanning_phymask
                           0x2'46bb    0x20  Code  Lc  gap_scan.c.obj [19]
vectors_init               0x2'67b7    0x7e  Code  Gb  vectors_efr32xg1x.c.obj [19]
vectors_register           0x2'67ad     0xa  Code  Gb  vectors_efr32xg1x.c.obj [19]
vendor_state            0x2000'873c     0x4  Data  Gb  sc27ab56131d468853fcd75ad260225381b7cbe74ea335b26da0f9688b90a84e4.obj [19]
zeroize                    0x2'7829    0x12  Code  Gb  bg_util_aes.c.obj [19]


[1] = D:\Work\Silicon-BLE\BLE-Mesh\MeshSdk152-Client-Server\IAR ARM - Default
[2] = D:\Work\Silicon-BLE\BLE-Mesh\MeshSdk152-Client-Server\IAR ARM - Default\hardware\kit\common\bsp
[3] = D:\Work\Silicon-BLE\BLE-Mesh\MeshSdk152-Client-Server\IAR ARM - Default\hardware\kit\common\drivers
[4] = D:\Work\Silicon-BLE\BLE-Mesh\MeshSdk152-Client-Server\IAR ARM - Default\platform\Device\SiliconLabs\BGM13\Source
[5] = D:\Work\Silicon-BLE\BLE-Mesh\MeshSdk152-Client-Server\IAR ARM - Default\platform\Device\SiliconLabs\BGM13\Source\IAR
[6] = D:\Work\Silicon-BLE\BLE-Mesh\MeshSdk152-Client-Server\IAR ARM - Default\platform\emdrv\dmadrv\src
[7] = D:\Work\Silicon-BLE\BLE-Mesh\MeshSdk152-Client-Server\IAR ARM - Default\platform\emdrv\gpiointerrupt\src
[8] = D:\Work\Silicon-BLE\BLE-Mesh\MeshSdk152-Client-Server\IAR ARM - Default\platform\emdrv\rtcdrv\src
[9] = D:\Work\Silicon-BLE\BLE-Mesh\MeshSdk152-Client-Server\IAR ARM - Default\platform\emdrv\sleep\src
[10] = D:\Work\Silicon-BLE\BLE-Mesh\MeshSdk152-Client-Server\IAR ARM - Default\platform\emdrv\spidrv\src
[11] = D:\Work\Silicon-BLE\BLE-Mesh\MeshSdk152-Client-Server\IAR ARM - Default\platform\emlib\src
[12] = D:\Work\Silicon-BLE\BLE-Mesh\MeshSdk152-Client-Server\IAR ARM - Default\platform\middleware\glib\dmd\display
[13] = D:\Work\Silicon-BLE\BLE-Mesh\MeshSdk152-Client-Server\IAR ARM - Default\platform\middleware\glib\glib
[14] = D:\Work\Silicon-BLE\BLE-Mesh\MeshSdk152-Client-Server\IAR ARM - Default\protocol\bluetooth\bt_mesh\src
[15] = D:\Work\Silicon-BLE\BLE-Mesh\MeshSdk152-Client-Server\IAR ARM - Default\user
[16] = D:\Work\Silicon-BLE\BLE-Mesh\MeshSdk152-Client-Server\IAR ARM - Default\user\bus_drv
[17] = D:\Work\Silicon-BLE\BLE-Mesh\MeshSdk152-Client-Server\protocol\bluetooth\lib\EFR32XG13X\IAR
[18] = dl7M_tln.a
[19] = libbluetooth_mesh.a
[20] = libpsstore.a
[21] = librail_config_bgm13p32f512ga_iar.a
[22] = librail_module_efr32xg13_iar_release.a
[23] = m7M_tls.a
[24] = rt7M_tl.a

  262 388 bytes of readonly  code memory
    1 016 bytes of readwrite code memory
   72 483 bytes of readonly  data memory
   40 493 bytes of readwrite data memory

Errors: none
Warnings: none
